05-14 17:21:51.079   681   681 D BroadcastQueue: Add broadcast <BroadcastRecord{68e7697 u-1 android.intent.action.BATTERY_CHANGED}> into [parallel | background], pending size 0
05-14 17:21:51.081   681   858 D PowerGuruService: CMD_BATTERY_CHANGED (newPlugType = 0)
05-14 17:21:51.084   681   758 D BroadcastQueue: Done with parallel broadcast [background] [BroadcastRecord{68e7697 u-1 android.intent.action.BATTERY_CHANGED}]
05-14 17:21:51.086   681  1162 D PowerController: handleMessage(MSG_DEVICE_STATE_CHANGED)
05-14 17:21:51.086   681  1162 D PowerController: - handleDeviceStateChanged() E -, action: android.intent.action.BATTERY_CHANGED
05-14 17:21:51.086   681  1162 D PowerController: pluggedType:0 mCharging:false
05-14 17:21:51.086   681  1162 D PowerController: updateBatteryLevelLow() E, force: false, battLevel: 79
05-14 17:21:51.086   681  1162 D PowerController: mBatteryLevelLow: false
05-14 17:21:51.086   681  1162 D PowerController: updateBatteryLevelLow() X, mBatteryLevelLow: false
05-14 17:21:51.087   681  1162 D PowerController: updatePowerSaveMode(), wasPowered: false, mBatteryLevelLow: false
05-14 17:21:51.087   681  1162 D PowerController: updatePowerSaveMode(), set to MODECONFIG_USER
05-14 17:21:51.087   681  1162 D PowerController: updatePowerSaveModeInternal(1), pre-mode: 1
05-14 17:21:51.087   681  1162 D PowerController: updatePowerSaveModeInternal(), no change, return true
05-14 17:21:51.087   681  1162 D PowerController: handleDeviceStateChanged: bScreenChanged:false bConnectionChanged:false bChargingChanged:false
05-14 17:21:51.087   979   979 D PowerUI : buckets   .....20 .. 15 .. 10
05-14 17:21:51.088   979   979 D PowerUI : level          79 --> 79
05-14 17:21:51.088   979   979 D PowerUI : status         3 --> 3
05-14 17:21:51.088   979   979 D PowerUI : plugType       0 --> 0
05-14 17:21:51.088   979   979 D PowerUI : invalidCharger 0 --> 0
05-14 17:21:51.088   979   979 D PowerUI : bucket         1 --> 1
05-14 17:21:51.088   979   979 D PowerUI : plugged        false --> false
05-14 17:21:51.088   979   979 D PowerUI : health         2 --> 2
05-14 17:21:51.505   241   244 I YLOG    : logmon::0.000 0-0-0-0 t:2138961 c:0 ts:0k 0.000[16,2138977,2138961,19930][0] 
05-14 17:21:51.559   681   681 W WindowManager: removeWindowToken: Attempted to remove non-existing token: android.os.Binder@28bb43e
05-14 17:21:51.591   681   759 D PowerController: TouchEvent Up: mLastTouchEventTimeStamp:5096287
05-14 17:21:51.618   681   706 D PowerManagerService: acquireWakeLockInternal: lock=215315273, flags=0x1, tag="*launch*", ws=WorkSource{10023}, uid=1000, pid=681 packageName=android
05-14 17:21:51.618   681  1162 D PowerController: handleMessage(MSG_APP_STATE_CHANGED)
05-14 17:21:51.618   681  1162 D PowerController: - handleAppStateChanged() E -
05-14 17:21:51.618   681  1162 D PowerController.AppState: - reportAppStateEventInfo() E -
05-14 17:21:51.618   681  1162 D PowerController: packageName:com.iflyrec.smartrecorder state:MOVE_TO_BACKGROUND user:0
05-14 17:21:51.619   681  1164 D PowerController.RecogA: handleMessage(MSG_REPORT_EVENT)
05-14 17:21:51.631   681   706 D WindowManager: Input focus has changed to null
05-14 17:21:51.636   681  1162 D PowerController: handleMessage(MSG_APP_STATE_CHANGED)
05-14 17:21:51.636   681  1162 D PowerController: - handleAppStateChanged() E -
05-14 17:21:51.636   681  1162 D PowerController.AppState: - reportAppStateEventInfo() E -
05-14 17:21:51.636   681  1162 D PowerController: packageName:com.iflyrec.smartrecorder state:MOVE_TO_FOREGROUND user:0
05-14 17:21:51.636   681  1164 D PowerController.RecogA: handleMessage(MSG_REPORT_EVENT)
05-14 17:21:51.670   681  1278 D WindowManager: Input focus has changed to Window{856c506 u0 com.iflyrec.smartrecorder/com.iflyrec.smartrecorder.bl.file.view.FileExplorerActivity}
05-14 17:21:51.746   681   706 D PowerManagerService: releaseWakeLockInternal: lock=215315273 [*launch*], flags=0x0
05-14 17:21:51.930   681   767 D PowerManagerService: releaseWakeLockInternal: lock=158538093 [WindowManager], flags=0x0
05-14 17:21:52.031   681  1060 D MediaRouterService: onAudioPlayerActiveStateChanged  uid:10023 active=false
05-14 17:21:52.032   681  1060 D MediaRouterService: onAudioPlayerActiveStateChanged  restored=false
05-14 17:21:52.032   681  1060 V MediaRouterService: restoreBluetoothA2dp(false)
05-14 17:21:52.041   681  1060 D PowerManagerService: releaseWakeLockInternal: lock=218132955 [PlayerMainFragment], flags=0x0
05-14 17:21:52.159   681  1060 D PowerController.Wakelock: noteAudioWakeLockChanging: tag: AudioMixAudioOut_D uid size:0
05-14 17:21:52.160   681  1162 D PowerController.Wakelock: handleMessage(MSG_AUDIOOUT_WAKELOCK_UPDATED)
05-14 17:21:52.160   681  1162 D PowerController.Wakelock: handleAudioOutWakeLockUpdated: uid size:0
05-14 17:21:52.160   681  1162 D PowerController.Wakelock:  Apps that is AUDIO OUT:0
05-14 17:21:52.160   681  1164 D PowerController.RecogA: handleMessage(MSG_REPORT_EVENT)
05-14 17:21:52.430   681   759 D PowerController: TouchEvent Up: mLastTouchEventTimeStamp:5097125
05-14 17:21:52.624   241   253 W YLOG    : [05-14 17:21:52.624] ylog<critical> android cacheline write wrong 43137 -> 7166
05-14 17:21:52.646   241   690 W YLOG    : [05-14 17:21:52.646] ylog<info> get_context()->enable_rename is 1
05-14 17:21:53.128   681   759 D PowerController: TouchEvent Up: mLastTouchEventTimeStamp:5097823
05-14 17:21:53.132   681  1060 D PowerManagerService: acquireWakeLockInternal: lock=215315273, flags=0x1, tag="*launch*", ws=WorkSource{10023}, uid=1000, pid=681 packageName=android
05-14 17:21:53.132   681  1162 D PowerController: handleMessage(MSG_APP_STATE_CHANGED)
05-14 17:21:53.132   681  1162 D PowerController: - handleAppStateChanged() E -
05-14 17:21:53.132   681  1162 D PowerController.AppState: - reportAppStateEventInfo() E -
05-14 17:21:53.132   681  1162 D PowerController: packageName:com.iflyrec.smartrecorder state:MOVE_TO_BACKGROUND user:0
05-14 17:21:53.132   681  1164 D PowerController.RecogA: handleMessage(MSG_REPORT_EVENT)
05-14 17:21:53.140   681  1060 D WindowManager: Input focus has changed to null
05-14 17:21:53.145   681  1162 D PowerController: handleMessage(MSG_APP_STATE_CHANGED)
05-14 17:21:53.145   681  1162 D PowerController: - handleAppStateChanged() E -
05-14 17:21:53.145   681  1162 D PowerController.AppState: - reportAppStateEventInfo() E -
05-14 17:21:53.145   681  1162 D PowerController: packageName:com.iflyrec.smartrecorder state:MOVE_TO_FOREGROUND user:0
05-14 17:21:53.146   681  1164 D PowerController.RecogA: handleMessage(MSG_REPORT_EVENT)
05-14 17:21:53.195   681  1060 D WindowManager: Input focus has changed to Window{3ca25f8 u0 com.iflyrec.smartrecorder/com.iflyrec.smartrecorder.bl.main.MainPageActivity}
05-14 17:21:53.260   681  1060 D PowerManagerService: releaseWakeLockInternal: lock=215315273 [*launch*], flags=0x0
05-14 17:21:53.506   241   244 I YLOG    : logmon::0.000 0-0-0-0 t:2139205 c:0 ts:16k 0.630[99,2139304,2139205,19937][0] 
05-14 17:21:53.832   681  1162 D PowerController: handleMessage(MSG_CHECK)
05-14 17:21:53.833   681  1162 D PowerController: - checkAllAppStateInfo() E -
05-14 17:21:53.833   681  1162 D PowerController: mCharging:false mScreenOn:true mMobileConnected:false
05-14 17:21:53.833   681  1162 V AlarmManager: set(PendingIntent{d8bc3e3: PendingIntentRecord{ec3c1e0 android broadcastIntent}}) : type=3 triggerAtTime=5398528 win=225000 tElapsed=5398528 maxElapsed=5623528 interval=0 flags=0x8
05-14 17:21:53.833   681   858 D PowerGuruService: NEW_ALARM
05-14 17:21:53.833   681   858 D PowerGuruService: not a WAKEUP alarm, return!
05-14 17:21:53.833   681  1162 V AlarmManager: remove(operation) changed bounds; rebatching
05-14 17:21:54.208   681  1162 D PowerController: handleMessage(MSG_CHECK_SYSTEM_UP)
05-14 17:21:54.559   681   759 D PowerController: TouchEvent Up: mLastTouchEventTimeStamp:5099254
05-14 17:21:54.631   241   253 W YLOG    : [05-14 17:21:54.630] ylog<critical> android cacheline write wrong 32643 -> 5597
05-14 17:21:54.646   241   246 W YLOG    : [05-14 17:21:54.645] ylog<info> APF  delete_oldest_log_data:/storage/emulated/0 ap_path:/storage/emulated/0/ylog/ap/
05-14 17:21:54.702   241   246 W YLOG    : [05-14 17:21:54.702] ylog<error> access /storage/emulated/0/ylog/ap//SYSDUMP get_subfold_size No such file or directory
05-14 17:21:54.702   241   246 W YLOG    : [05-14 17:21:54.702] ylog<error> access /storage/emulated/0/ylog/ap//logbuffer get_subfold_size No such file or directory
05-14 17:21:54.702   241   246 W YLOG    : [05-14 17:21:54.702] ylog<error> access /storage/emulated/0/ylog/ap//phonedata get_subfold_size No such file or directory
05-14 17:21:54.703   241   246 W YLOG    : [05-14 17:21:54.703] ylog<info> AFM  rotatelog?(0)   tot:4096 used:95 free:4001 threshold:80 diskfree:11700 no_quota:1  root:/storage/emulated/0  ap:/storage/emulated/0/ylog/ap/  caller:limit_monitor
05-14 17:21:54.763   241   246 W YLOG    : [05-14 17:21:54.763] ylog<error> access /storage/emulated/0/ylog/ap//SYSDUMP get_subfold_size No such file or directory
05-14 17:21:54.763   241   246 W YLOG    : [05-14 17:21:54.763] ylog<error> access /storage/emulated/0/ylog/ap//logbuffer get_subfold_size No such file or directory
05-14 17:21:54.763   241   246 W YLOG    : [05-14 17:21:54.763] ylog<error> access /storage/emulated/0/ylog/ap//phonedata get_subfold_size No such file or directory
05-14 17:21:54.763   241   246 W YLOG    : [05-14 17:21:54.763] ylog<info> APF  check_quoto_mode:/storage/emulated/0 ap_path:/storage/emulated/0/ylog/ap/
05-14 17:21:55.064   681  2452 D PowerManagerService: releaseWakeLockInternal: lock=65043382 [AudioMixAudioOut_D], flags=0x0
05-14 17:21:55.064   681  2452 D PowerController.Wakelock: noteAudioWakeLockReleased: tag: AudioMixAudioOut_D
05-14 17:21:55.066   681  2452 D PowerManagerService: Releasing suspend blocker "PowerManagerService.WakeLocks".
05-14 17:21:55.066   681  1162 D PowerController.Wakelock: handleMessage(MSG_AUDIOOUT_WAKELOCK_RELEASED)
05-14 17:21:55.067   681  1162 D PowerController.Wakelock: handleAudioOutWakeLockReleased: uid size:0
05-14 17:21:55.067   681  1162 D PowerController.Wakelock:  handleAudioOutWakeLockReleased : Apps that is AUDIO OUT:0
05-14 17:21:55.507   241   244 I YLOG    : logmon::0.000 0-0-0-0 t:2139395 c:0 ts:8k 0.415[28,2139423,2139395,19945][0] 
05-14 17:21:55.609   681   759 D PowerController: TouchEvent Up: mLastTouchEventTimeStamp:5100304
05-14 17:21:55.645   681   706 D BroadcastQueue: Add broadcast <BroadcastRecord{3d3ce76 u-1 android.net.conn.CONNECTIVITY_CHANGE}> into [parallel | background], pending size 0
05-14 17:21:55.645   681   758 D BroadcastQueue: Done with parallel broadcast [background] [BroadcastRecord{3d3ce76 u-1 android.net.conn.CONNECTIVITY_CHANGE}]
05-14 17:21:55.646   681  2452 D PowerManagerService: acquireWakeLockInternal: lock=257625207, flags=0x1, tag="TranslateFragment", ws=null, uid=10023, pid=1515 packageName=com.iflyrec.smartrecorder
05-14 17:21:55.646   681  2452 D PowerManagerService: Acquiring suspend blocker "PowerManagerService.WakeLocks".
05-14 17:21:56.635   241   253 W YLOG    : [05-14 17:21:56.635] ylog<critical> android cacheline write wrong 19947 -> 3525
05-14 17:21:56.766   681   759 D PowerController: TouchEvent Up: mLastTouchEventTimeStamp:5101462
05-14 17:21:56.813   681   706 D PowerManagerService: releaseWakeLockInternal: lock=257625207 [TranslateFragment], flags=0x0
05-14 17:21:56.813   681   706 D PowerManagerService: Releasing suspend blocker "PowerManagerService.WakeLocks".
05-14 17:21:57.508   241   244 I YLOG    : logmon::0.000 0-0-0-0 t:2139546 c:0 ts:0k 0.000[32,2139578,2139546,19953][0] 
05-14 17:21:57.715   241   690 W YLOG    : [05-14 17:21:57.714] ylog<info> get_context()->enable_rename is 1
05-14 17:21:58.186   681   759 D PowerController: TouchEvent Up: mLastTouchEventTimeStamp:5102882
05-14 17:21:58.636   241   253 W YLOG    : [05-14 17:21:58.636] ylog<critical> android cacheline write wrong 12636 -> 2455
05-14 17:21:58.743   681   759 D PowerController: TouchEvent Up: mLastTouchEventTimeStamp:5103438
05-14 17:21:58.763   681   706 I ActivityManager: START u0 {cmp=com.iflyrec.smartrecorder/.bl.file.view.FileSearchActivity} from uid 10023, pid 1515
05-14 17:21:58.766   681   706 D PowerManagerService: acquireWakeLockInternal: lock=215315273, flags=0x1, tag="*launch*", ws=WorkSource{10023}, uid=1000, pid=681 packageName=android
05-14 17:21:58.766   681   706 D PowerManagerService: Acquiring suspend blocker "PowerManagerService.WakeLocks".
05-14 17:21:58.766   681  1162 D PowerController: handleMessage(MSG_APP_STATE_CHANGED)
05-14 17:21:58.766   681  1162 D PowerController: - handleAppStateChanged() E -
05-14 17:21:58.766   681  1162 D PowerController.AppState: - reportAppStateEventInfo() E -
05-14 17:21:58.766   681  1162 D PowerController: packageName:com.iflyrec.smartrecorder state:MOVE_TO_BACKGROUND user:0
05-14 17:21:58.767   681  1164 D PowerController.RecogA: handleMessage(MSG_REPORT_EVENT)
05-14 17:21:58.768   681   706 I ActivityManager: ->startActivity for ActivityRecord{5b50750 u0 com.iflyrec.smartrecorder/.bl.file.view.FileSearchActivity t7} result:0
05-14 17:21:58.773   681   706 D WindowManager: Input focus has changed to null
05-14 17:21:58.775   681  1162 D PowerController: handleMessage(MSG_APP_STATE_CHANGED)
05-14 17:21:58.775   681  1162 D PowerController: - handleAppStateChanged() E -
05-14 17:21:58.775   681  1162 D PowerController.AppState: - reportAppStateEventInfo() E -
05-14 17:21:58.775   681  1162 D PowerController: packageName:com.iflyrec.smartrecorder state:MOVE_TO_FOREGROUND user:0
05-14 17:21:58.775   681  1164 D PowerController.RecogA: handleMessage(MSG_REPORT_EVENT)
05-14 17:21:58.924   681  2452 D WindowManager: Input focus has changed to Window{d2bd505 u0 com.iflyrec.smartrecorder/com.iflyrec.smartrecorder.bl.file.view.FileSearchActivity}
05-14 17:21:59.019   681   706 D PowerManagerService: releaseWakeLockInternal: lock=215315273 [*launch*], flags=0x0
05-14 17:21:59.019   681   706 D PowerManagerService: Releasing suspend blocker "PowerManagerService.WakeLocks".
05-14 17:21:59.508   241   244 I YLOG    : logmon::0.000 0-0-0-0 t:2139681 c:0 ts:0k 0.000[76,2139757,2139681,19961][0] 
05-14 17:22:00.000   681   859 D AlarmManager: waitForAlarm result:8currentTime=1557825720000, elapsedRealtime=5104696
05-14 17:22:00.000   681   859 D AlarmManager: triggerList.size = 1, hasWakeup = false
05-14 17:22:00.001   681   859 V AlarmManager: sending alarm Alarm{ea49fbd type 3 when 5104696 android}
05-14 17:22:00.001   681   859 D BroadcastQueue: Add broadcast <BroadcastRecord{df1c9b2 u-1 android.intent.action.TIME_TICK}> into [ordered | foreground], pending size 0
05-14 17:22:00.001   681   859 D BroadcastQueue: Header is BroadcastRecord{df1c9b2 u-1 android.intent.action.TIME_TICK} now
05-14 17:22:00.001   681   859 D PowerManagerService: acquireWakeLockInternal: lock=86403953, flags=0x40000001, tag="*alarm*", ws=WorkSource{1000}, uid=1000, pid=681 packageName=android
05-14 17:22:00.002   681   859 D PowerManagerService: Acquiring suspend blocker "PowerManagerService.WakeLocks".
05-14 17:22:00.002   681   681 V AlarmManager: Received TIME_TICK alarm; rescheduling
05-14 17:22:00.002   681   681 V AlarmManager: set(PendingIntent{61421f4: PendingIntentRecord{fa2fd1d android broadcastIntent}}) : type=3 triggerAtTime=5164695 win=0 tElapsed=5164695 maxElapsed=5164695 interval=0 flags=0x1
05-14 17:22:00.002   681   858 D PowerGuruService: NEW_ALARM
05-14 17:22:00.003   681   858 D PowerGuruService: not a WAKEUP alarm, return!
05-14 17:22:00.025   681   681 D PowerManagerService: releaseWakeLockInternal: lock=86403953 [*alarm*], flags=0x0
05-14 17:22:00.025   681   681 D PowerManagerService: Releasing suspend blocker "PowerManagerService.WakeLocks".
05-14 17:22:00.025   681   706 D BroadcastQueue: Finished with ordered broadcast BroadcastRecord{df1c9b2 u-1 android.intent.action.TIME_TICK} receivers:(8) take 24ms in [foreground], remains 0
05-14 17:22:00.234   681   759 D PowerController: TouchEvent Up: mLastTouchEventTimeStamp:5104929
05-14 17:22:00.641   241   253 W YLOG    : [05-14 17:22:00.641] ylog<critical> android cacheline write wrong 36669 -> 5567
05-14 17:22:01.509   241   244 I YLOG    : logmon::0.000 0-0-0-0 t:2139875 c:0 ts:13k 0.556[2,2139877,2139875,19969][0] 
05-14 17:22:02.221   681   759 D PowerController: TouchEvent Up: mLastTouchEventTimeStamp:5106916
05-14 17:22:02.643   241   253 W YLOG    : [05-14 17:22:02.643] ylog<critical> android cacheline write wrong 11121 -> 2761
05-14 17:22:02.783   241   690 W YLOG    : [05-14 17:22:02.783] ylog<info> get_context()->enable_rename is 1
05-14 17:22:03.157   681   759 D PowerController: TouchEvent Up: mLastTouchEventTimeStamp:5107853
05-14 17:22:03.160   681  1278 D PowerManagerService: acquireWakeLockInternal: lock=215315273, flags=0x1, tag="*launch*", ws=WorkSource{10023}, uid=1000, pid=681 packageName=android
05-14 17:22:03.160   681  1278 D PowerManagerService: Acquiring suspend blocker "PowerManagerService.WakeLocks".
05-14 17:22:03.160   681  1162 D PowerController: handleMessage(MSG_APP_STATE_CHANGED)
05-14 17:22:03.161   681  1162 D PowerController: - handleAppStateChanged() E -
05-14 17:22:03.161   681  1162 D PowerController.AppState: - reportAppStateEventInfo() E -
05-14 17:22:03.161   681  1162 D PowerController: packageName:com.iflyrec.smartrecorder state:MOVE_TO_BACKGROUND user:0
05-14 17:22:03.162   681  1164 D PowerController.RecogA: handleMessage(MSG_REPORT_EVENT)
05-14 17:22:03.168   681  1278 D WindowManager: Input focus has changed to null
05-14 17:22:03.172   681  1162 D PowerController: handleMessage(MSG_APP_STATE_CHANGED)
05-14 17:22:03.172   681  1162 D PowerController: - handleAppStateChanged() E -
05-14 17:22:03.172   681  1162 D PowerController.AppState: - reportAppStateEventInfo() E -
05-14 17:22:03.172   681  1162 D PowerController: packageName:com.iflyrec.smartrecorder state:MOVE_TO_FOREGROUND user:0
05-14 17:22:03.173   681  1164 D PowerController.RecogA: handleMessage(MSG_REPORT_EVENT)
05-14 17:22:03.222   681  1278 D WindowManager: Input focus has changed to Window{3ca25f8 u0 com.iflyrec.smartrecorder/com.iflyrec.smartrecorder.bl.main.MainPageActivity}
05-14 17:22:03.256   681  1278 D PowerManagerService: releaseWakeLockInternal: lock=215315273 [*launch*], flags=0x0
05-14 17:22:03.256   681  1278 D PowerManagerService: Releasing suspend blocker "PowerManagerService.WakeLocks".
05-14 17:22:03.509   241   244 I YLOG    : logmon::0.000 0-0-0-0 t:2139925 c:0 ts:0k 0.000[95,2140020,2139925,19977][0] 
05-14 17:22:04.375   681   759 D PowerController: TouchEvent Up: mLastTouchEventTimeStamp:5109071
05-14 17:22:04.646   241   253 W YLOG    : [05-14 17:22:04.646] ylog<critical> android cacheline write wrong 22868 -> 4499
05-14 17:22:05.223   681   759 D PowerController: TouchEvent Up: mLastTouchEventTimeStamp:5109918
05-14 17:22:05.252   681   706 I ActivityManager: START u0 {cmp=com.iflyrec.smartrecorder/.bl.file.view.FileSearchActivity} from uid 10023, pid 1515
05-14 17:22:05.256   681   706 D PowerManagerService: acquireWakeLockInternal: lock=215315273, flags=0x1, tag="*launch*", ws=WorkSource{10023}, uid=1000, pid=681 packageName=android
05-14 17:22:05.256   681   706 D PowerManagerService: Acquiring suspend blocker "PowerManagerService.WakeLocks".
05-14 17:22:05.258   681  1162 D PowerController: handleMessage(MSG_APP_STATE_CHANGED)
05-14 17:22:05.258   681  1162 D PowerController: - handleAppStateChanged() E -
05-14 17:22:05.258   681  1162 D PowerController.AppState: - reportAppStateEventInfo() E -
05-14 17:22:05.258   681  1162 D PowerController: packageName:com.iflyrec.smartrecorder state:MOVE_TO_BACKGROUND user:0
05-14 17:22:05.258   681  1164 D PowerController.RecogA: handleMessage(MSG_REPORT_EVENT)
05-14 17:22:05.259   681   706 I ActivityManager: ->startActivity for ActivityRecord{aa1f22d u0 com.iflyrec.smartrecorder/.bl.file.view.FileSearchActivity t7} result:0
05-14 17:22:05.264   681   706 D WindowManager: Input focus has changed to null
05-14 17:22:05.267   681  1162 D PowerController: handleMessage(MSG_APP_STATE_CHANGED)
05-14 17:22:05.267   681  1162 D PowerController: - handleAppStateChanged() E -
05-14 17:22:05.267   681  1162 D PowerController.AppState: - reportAppStateEventInfo() E -
05-14 17:22:05.267   681  1162 D PowerController: packageName:com.iflyrec.smartrecorder state:MOVE_TO_FOREGROUND user:0
05-14 17:22:05.267   681  1164 D PowerController.RecogA: handleMessage(MSG_REPORT_EVENT)
05-14 17:22:05.402   681  1278 D WindowManager: Input focus has changed to Window{faaf3ae u0 com.iflyrec.smartrecorder/com.iflyrec.smartrecorder.bl.file.view.FileSearchActivity}
05-14 17:22:05.495   681  1278 D PowerManagerService: releaseWakeLockInternal: lock=215315273 [*launch*], flags=0x0
05-14 17:22:05.495   681  1278 D PowerManagerService: Releasing suspend blocker "PowerManagerService.WakeLocks".
05-14 17:22:05.510   241   244 I YLOG    : logmon::0.000 0-0-0-0 t:2140107 c:0 ts:8k 0.446[60,2140167,2140107,19985][0] 
05-14 17:22:06.104   681   681 D BroadcastQueue: Add broadcast <BroadcastRecord{ba1ca86 u-1 android.intent.action.BATTERY_CHANGED}> into [parallel | background], pending size 0
05-14 17:22:06.105   681   858 D PowerGuruService: CMD_BATTERY_CHANGED (newPlugType = 0)
05-14 17:22:06.106   681  1162 D PowerController: handleMessage(MSG_DEVICE_STATE_CHANGED)
05-14 17:22:06.106   681  1162 D PowerController: - handleDeviceStateChanged() E -, action: android.intent.action.BATTERY_CHANGED
05-14 17:22:06.106   681  1162 D PowerController: pluggedType:0 mCharging:false
05-14 17:22:06.106   681  1162 D PowerController: updateBatteryLevelLow() E, force: false, battLevel: 79
05-14 17:22:06.106   681  1162 D PowerController: mBatteryLevelLow: false
05-14 17:22:06.106   681  1162 D PowerController: updateBatteryLevelLow() X, mBatteryLevelLow: false
05-14 17:22:06.106   681   758 D BroadcastQueue: Done with parallel broadcast [background] [BroadcastRecord{ba1ca86 u-1 android.intent.action.BATTERY_CHANGED}]
05-14 17:22:06.106   681  1162 D PowerController: updatePowerSaveMode(), wasPowered: false, mBatteryLevelLow: false
05-14 17:22:06.106   681  1162 D PowerController: updatePowerSaveMode(), set to MODECONFIG_USER
05-14 17:22:06.106   681  1162 D PowerController: updatePowerSaveModeInternal(1), pre-mode: 1
05-14 17:22:06.106   681  1162 D PowerController: updatePowerSaveModeInternal(), no change, return true
05-14 17:22:06.106   681  1162 D PowerController: handleDeviceStateChanged: bScreenChanged:false bConnectionChanged:false bChargingChanged:false
05-14 17:22:06.107   979   979 D PowerUI : buckets   .....20 .. 15 .. 10
05-14 17:22:06.107   979   979 D PowerUI : level          79 --> 79
05-14 17:22:06.107   979   979 D PowerUI : status         3 --> 3
05-14 17:22:06.108   979   979 D PowerUI : plugType       0 --> 0
05-14 17:22:06.108   979   979 D PowerUI : invalidCharger 0 --> 0
05-14 17:22:06.108   979   979 D PowerUI : bucket         1 --> 1
05-14 17:22:06.108   979   979 D PowerUI : plugged        false --> false
05-14 17:22:06.108   979   979 D PowerUI : health         2 --> 2
05-14 17:22:06.654   241   253 W YLOG    : [05-14 17:22:06.654] ylog<critical> android cacheline write wrong 41494 -> 5917
05-14 17:22:06.764   241   246 W YLOG    : [05-14 17:22:06.764] ylog<info> APF  delete_oldest_log_data:/storage/emulated/0 ap_path:/storage/emulated/0/ylog/ap/
05-14 17:22:06.825   241   246 W YLOG    : [05-14 17:22:06.825] ylog<error> access /storage/emulated/0/ylog/ap//SYSDUMP get_subfold_size No such file or directory
05-14 17:22:06.825   241   246 W YLOG    : [05-14 17:22:06.825] ylog<error> access /storage/emulated/0/ylog/ap//logbuffer get_subfold_size No such file or directory
05-14 17:22:06.825   241   246 W YLOG    : [05-14 17:22:06.825] ylog<error> access /storage/emulated/0/ylog/ap//phonedata get_subfold_size No such file or directory
05-14 17:22:06.825   241   246 W YLOG    : [05-14 17:22:06.825] ylog<info> AFM  rotatelog?(0)   tot:4096 used:95 free:4001 threshold:80 diskfree:11699 no_quota:1  root:/storage/emulated/0  ap:/storage/emulated/0/ylog/ap/  caller:limit_monitor
05-14 17:22:06.883   241   246 W YLOG    : [05-14 17:22:06.883] ylog<error> access /storage/emulated/0/ylog/ap//SYSDUMP get_subfold_size No such file or directory
05-14 17:22:06.884   241   246 W YLOG    : [05-14 17:22:06.884] ylog<error> access /storage/emulated/0/ylog/ap//logbuffer get_subfold_size No such file or directory
05-14 17:22:06.884   241   246 W YLOG    : [05-14 17:22:06.884] ylog<error> access /storage/emulated/0/ylog/ap//phonedata get_subfold_size No such file or directory
05-14 17:22:06.884   241   246 W YLOG    : [05-14 17:22:06.884] ylog<info> APF  check_quoto_mode:/storage/emulated/0 ap_path:/storage/emulated/0/ylog/ap/
05-14 17:22:07.510   241   244 I YLOG    : logmon::0.000 0-0-0-0 t:2140320 c:0 ts:13k 0.582[0,2140320,2140320,19993][0] 
05-14 17:22:07.851   241   690 W YLOG    : [05-14 17:22:07.851] ylog<info> get_context()->enable_rename is 1
05-14 17:22:08.195   681   759 D PowerController: TouchEvent Up: mLastTouchEventTimeStamp:5112891
05-14 17:22:08.655   241   253 W YLOG    : [05-14 17:22:08.655] ylog<critical> android cacheline write wrong 7258 -> 1852
05-14 17:22:09.512   241   244 I YLOG    : logmon::0.000 0-0-0-0 t:2140395 c:0 ts:0k 0.000[1,2140396,2140395,20001][0] 
05-14 17:22:09.611   681   759 D PowerController: TouchEvent Up: mLastTouchEventTimeStamp:5114307
05-14 17:22:10.143   681   759 D PowerController: TouchEvent Up: mLastTouchEventTimeStamp:5114839
05-14 17:22:10.147   681   706 D PowerManagerService: acquireWakeLockInternal: lock=215315273, flags=0x1, tag="*launch*", ws=WorkSource{10023}, uid=1000, pid=681 packageName=android
05-14 17:22:10.147   681  1162 D PowerController: handleMessage(MSG_APP_STATE_CHANGED)
05-14 17:22:10.147   681  1162 D PowerController: - handleAppStateChanged() E -
05-14 17:22:10.147   681  1162 D PowerController.AppState: - reportAppStateEventInfo() E -
05-14 17:22:10.147   681  1162 D PowerController: packageName:com.iflyrec.smartrecorder state:MOVE_TO_BACKGROUND user:0
05-14 17:22:10.147   681   706 D PowerManagerService: Acquiring suspend blocker "PowerManagerService.WakeLocks".
05-14 17:22:10.147   681  1164 D PowerController.RecogA: handleMessage(MSG_REPORT_EVENT)
05-14 17:22:10.158   681   706 D WindowManager: Input focus has changed to null
05-14 17:22:10.163   681  1162 D PowerController: handleMessage(MSG_APP_STATE_CHANGED)
05-14 17:22:10.163   681  1162 D PowerController: - handleAppStateChanged() E -
05-14 17:22:10.163   681  1162 D PowerController.AppState: - reportAppStateEventInfo() E -
05-14 17:22:10.163   681  1162 D PowerController: packageName:com.iflyrec.smartrecorder state:MOVE_TO_FOREGROUND user:0
05-14 17:22:10.163   681  1164 D PowerController.RecogA: handleMessage(MSG_REPORT_EVENT)
05-14 17:22:10.209   681  1278 D WindowManager: Input focus has changed to Window{3ca25f8 u0 com.iflyrec.smartrecorder/com.iflyrec.smartrecorder.bl.main.MainPageActivity}
05-14 17:22:10.246   681   706 D PowerManagerService: releaseWakeLockInternal: lock=215315273 [*launch*], flags=0x0
05-14 17:22:10.247   681   706 D PowerManagerService: Releasing suspend blocker "PowerManagerService.WakeLocks".
05-14 17:22:10.661   241   253 W YLOG    : [05-14 17:22:10.660] ylog<critical> android cacheline write wrong 23103 -> 4275
05-14 17:22:10.796   681   759 D PowerController: TouchEvent Up: mLastTouchEventTimeStamp:5115491
05-14 17:22:11.015   681   706 D PowerManagerService: acquireWakeLockInternal: lock=149679608, flags=0x1, tag="bluetooth_timer", ws=null, uid=1002, pid=6418 packageName=com.android.bluetooth
05-14 17:22:11.015   681   706 D PowerManagerService: Acquiring suspend blocker "PowerManagerService.WakeLocks".
05-14 17:22:11.020   681   706 D PowerManagerService: releaseWakeLockInternal: lock=149679608 [bluetooth_timer], flags=0x0
05-14 17:22:11.020   681   706 D PowerManagerService: Releasing suspend blocker "PowerManagerService.WakeLocks".
05-14 17:22:11.023   681   706 D PowerManagerService: acquireWakeLockInternal: lock=149679608, flags=0x1, tag="bluetooth_timer", ws=null, uid=1002, pid=6418 packageName=com.android.bluetooth
05-14 17:22:11.023   681   706 D PowerManagerService: Acquiring suspend blocker "PowerManagerService.WakeLocks".
05-14 17:22:11.024   681   706 D PowerManagerService: releaseWakeLockInternal: lock=149679608 [bluetooth_timer], flags=0x0
05-14 17:22:11.025   681   706 D PowerManagerService: Releasing suspend blocker "PowerManagerService.WakeLocks".
05-14 17:22:11.512   241   244 I YLOG    : logmon::0.000 0-0-0-0 t:2140608 c:0 ts:8k 0.414[56,2140664,2140608,20009][0] 
05-14 17:22:11.723   681   759 D PowerController: TouchEvent Up: mLastTouchEventTimeStamp:5116419
05-14 17:22:11.761   681   706 I ActivityManager: START u0 {cmp=com.iflyrec.smartrecorder/.bl.file.view.FileExplorerActivity (has extras)} from uid 10023, pid 1515
05-14 17:22:11.765   681   706 D PowerManagerService: acquireWakeLockInternal: lock=215315273, flags=0x1, tag="*launch*", ws=WorkSource{10023}, uid=1000, pid=681 packageName=android
05-14 17:22:11.766   681   706 D PowerManagerService: Acquiring suspend blocker "PowerManagerService.WakeLocks".
05-14 17:22:11.766   681  1162 D PowerController: handleMessage(MSG_APP_STATE_CHANGED)
05-14 17:22:11.766   681  1162 D PowerController: - handleAppStateChanged() E -
05-14 17:22:11.766   681  1162 D PowerController.AppState: - reportAppStateEventInfo() E -
05-14 17:22:11.766   681  1162 D PowerController: packageName:com.iflyrec.smartrecorder state:MOVE_TO_BACKGROUND user:0
05-14 17:22:11.767   681  1164 D PowerController.RecogA: handleMessage(MSG_REPORT_EVENT)
05-14 17:22:11.768   681   706 I ActivityManager: ->startActivity for ActivityRecord{4c612d1 u0 com.iflyrec.smartrecorder/.bl.file.view.FileExplorerActivity t7} result:0
05-14 17:22:11.775   681   706 D WindowManager: Input focus has changed to null
05-14 17:22:11.777   681  1162 D PowerController: handleMessage(MSG_APP_STATE_CHANGED)
05-14 17:22:11.777   681  1162 D PowerController: - handleAppStateChanged() E -
05-14 17:22:11.777   681  1162 D PowerController.AppState: - reportAppStateEventInfo() E -
05-14 17:22:11.777   681  1162 D PowerController: packageName:com.iflyrec.smartrecorder state:MOVE_TO_FOREGROUND user:0
05-14 17:22:11.778   681  1164 D PowerController.RecogA: handleMessage(MSG_REPORT_EVENT)
05-14 17:22:11.902   681  2452 D WindowManager: Input focus has changed to Window{2774b09 u0 com.iflyrec.smartrecorder/com.iflyrec.smartrecorder.bl.file.view.FileExplorerActivity}
05-14 17:22:12.130   681  2452 D PowerManagerService: releaseWakeLockInternal: lock=215315273 [*launch*], flags=0x0
05-14 17:22:12.131   681  2452 D PowerManagerService: Releasing suspend blocker "PowerManagerService.WakeLocks".
05-14 17:22:12.666   241   253 W YLOG    : [05-14 17:22:12.666] ylog<critical> android cacheline write wrong 51142 -> 7532
05-14 17:22:12.937   241   690 W YLOG    : [05-14 17:22:12.937] ylog<info> get_context()->enable_rename is 1
05-14 17:22:13.018   681   759 D PowerController: TouchEvent Up: mLastTouchEventTimeStamp:5117713
05-14 17:22:13.513   241   244 I YLOG    : logmon::0.000 0-0-0-0 t:2140900 c:0 ts:19k 0.707[16,2140916,2140900,20017][0] 
05-14 17:22:14.669   241   253 W YLOG    : [05-14 17:22:14.669] ylog<critical> android cacheline write wrong 16264 -> 2653
05-14 17:22:15.400   681   849 D PowerManagerService: acquireWakeLockInternal: lock=158538093, flags=0x2000000a, tag="WindowManager", ws=WorkSource{10023}, uid=1000, pid=681 packageName=android
05-14 17:22:15.400   681   849 D PowerManagerService: Acquiring suspend blocker "PowerManagerService.WakeLocks".
05-14 17:22:15.514   241   244 I YLOG    : logmon::0.000 0-0-0-0 t:2141014 c:0 ts:0k 0.000[73,2141087,2141014,20025][0] 
05-14 17:22:16.674   241   253 W YLOG    : [05-14 17:22:16.674] ylog<critical> android cacheline write wrong 30182 -> 3761
05-14 17:22:17.009   681   759 D PowerController: TouchEvent Up: mLastTouchEventTimeStamp:5121704
05-14 17:22:17.012   681   706 D PowerManagerService: acquireWakeLockInternal: lock=215315273, flags=0x1, tag="*launch*", ws=WorkSource{10023}, uid=1000, pid=681 packageName=android
05-14 17:22:17.013   681  1162 D PowerController: handleMessage(MSG_APP_STATE_CHANGED)
05-14 17:22:17.013   681  1162 D PowerController: - handleAppStateChanged() E -
05-14 17:22:17.013   681  1162 D PowerController.AppState: - reportAppStateEventInfo() E -
05-14 17:22:17.013   681  1162 D PowerController: packageName:com.iflyrec.smartrecorder state:MOVE_TO_BACKGROUND user:0
05-14 17:22:17.013   681  1164 D PowerController.RecogA: handleMessage(MSG_REPORT_EVENT)
05-14 17:22:17.018   681   706 D WindowManager: Input focus has changed to null
05-14 17:22:17.036   681  1162 D PowerController: handleMessage(MSG_APP_STATE_CHANGED)
05-14 17:22:17.036   681  1162 D PowerController: - handleAppStateChanged() E -
05-14 17:22:17.036   681  1162 D PowerController.AppState: - reportAppStateEventInfo() E -
05-14 17:22:17.036   681  1162 D PowerController: packageName:com.iflyrec.smartrecorder state:MOVE_TO_FOREGROUND user:0
05-14 17:22:17.036   681  1164 D PowerController.RecogA: handleMessage(MSG_REPORT_EVENT)
05-14 17:22:17.084   681   706 D WindowManager: Input focus has changed to Window{3ca25f8 u0 com.iflyrec.smartrecorder/com.iflyrec.smartrecorder.bl.main.MainPageActivity}
05-14 17:22:17.140   681   706 D PowerManagerService: releaseWakeLockInternal: lock=215315273 [*launch*], flags=0x0
05-14 17:22:17.323   681   681 W WindowManager: removeWindowToken: Attempted to remove non-existing token: android.os.Binder@a9903e6
05-14 17:22:17.514   241   244 I YLOG    : logmon::0.000 0-0-0-0 t:2141202 c:0 ts:7k 0.478[81,2141283,2141202,20033][0] 
05-14 17:22:17.865   681   849 D PowerManagerService: releaseWakeLockInternal: lock=158538093 [WindowManager], flags=0x0
05-14 17:22:17.868   681   849 D PowerManagerService: Releasing suspend blocker "PowerManagerService.WakeLocks".
05-14 17:22:17.986   241   690 W YLOG    : [05-14 17:22:17.986] ylog<info> get_context()->enable_rename is 1
05-14 17:22:18.680   241   253 W YLOG    : [05-14 17:22:18.680] ylog<critical> android cacheline write wrong 27868 -> 5055
05-14 17:22:18.885   241   246 W YLOG    : [05-14 17:22:18.885] ylog<info> APF  delete_oldest_log_data:/storage/emulated/0 ap_path:/storage/emulated/0/ylog/ap/
05-14 17:22:18.954   241   246 W YLOG    : [05-14 17:22:18.954] ylog<error> access /storage/emulated/0/ylog/ap//SYSDUMP get_subfold_size No such file or directory
05-14 17:22:18.954   241   246 W YLOG    : [05-14 17:22:18.954] ylog<error> access /storage/emulated/0/ylog/ap//logbuffer get_subfold_size No such file or directory
05-14 17:22:18.954   241   246 W YLOG    : [05-14 17:22:18.954] ylog<error> access /storage/emulated/0/ylog/ap//phonedata get_subfold_size No such file or directory
05-14 17:22:18.955   241   246 W YLOG    : [05-14 17:22:18.955] ylog<info> AFM  rotatelog?(0)   tot:4096 used:95 free:4001 threshold:80 diskfree:11699 no_quota:1  root:/storage/emulated/0  ap:/storage/emulated/0/ylog/ap/  caller:limit_monitor
05-14 17:22:19.026   241   246 W YLOG    : [05-14 17:22:19.026] ylog<error> access /storage/emulated/0/ylog/ap//SYSDUMP get_subfold_size No such file or directory
05-14 17:22:19.026   241   246 W YLOG    : [05-14 17:22:19.026] ylog<error> access /storage/emulated/0/ylog/ap//logbuffer get_subfold_size No such file or directory
05-14 17:22:19.027   241   246 W YLOG    : [05-14 17:22:19.027] ylog<error> access /storage/emulated/0/ylog/ap//phonedata get_subfold_size No such file or directory
05-14 17:22:19.027   241   246 W YLOG    : [05-14 17:22:19.027] ylog<info> APF  check_quoto_mode:/storage/emulated/0 ap_path:/storage/emulated/0/ylog/ap/
05-14 17:22:19.095   681   759 D PowerController: TouchEvent Up: mLastTouchEventTimeStamp:5123791
05-14 17:22:19.135   681  1278 I ActivityManager: START u0 {cmp=com.iflyrec.smartrecorder/.bl.file.view.FileExplorerActivity (has extras)} from uid 10023, pid 1515
05-14 17:22:19.141   681  1162 D PowerController: handleMessage(MSG_APP_STATE_CHANGED)
05-14 17:22:19.141   681  1162 D PowerController: - handleAppStateChanged() E -
05-14 17:22:19.141   681  1278 D PowerManagerService: acquireWakeLockInternal: lock=215315273, flags=0x1, tag="*launch*", ws=WorkSource{10023}, uid=1000, pid=681 packageName=android
05-14 17:22:19.141   681  1162 D PowerController.AppState: - reportAppStateEventInfo() E -
05-14 17:22:19.141   681  1278 D PowerManagerService: Acquiring suspend blocker "PowerManagerService.WakeLocks".
05-14 17:22:19.142   681  1162 D PowerController: packageName:com.iflyrec.smartrecorder state:MOVE_TO_BACKGROUND user:0
05-14 17:22:19.142   681  1164 D PowerController.RecogA: handleMessage(MSG_REPORT_EVENT)
05-14 17:22:19.144   681  1278 I ActivityManager: ->startActivity for ActivityRecord{66b1204 u0 com.iflyrec.smartrecorder/.bl.file.view.FileExplorerActivity t7} result:0
05-14 17:22:19.159   681  1278 D WindowManager: Input focus has changed to null
05-14 17:22:19.161   681  1162 D PowerController: handleMessage(MSG_APP_STATE_CHANGED)
05-14 17:22:19.161   681  1162 D PowerController: - handleAppStateChanged() E -
05-14 17:22:19.161   681  1162 D PowerController.AppState: - reportAppStateEventInfo() E -
05-14 17:22:19.161   681  1162 D PowerController: packageName:com.iflyrec.smartrecorder state:MOVE_TO_FOREGROUND user:0
05-14 17:22:19.161   681  1164 D PowerController.RecogA: handleMessage(MSG_REPORT_EVENT)
05-14 17:22:19.280   681  2452 D WindowManager: Input focus has changed to Window{f109d9c u0 com.iflyrec.smartrecorder/com.iflyrec.smartrecorder.bl.file.view.FileExplorerActivity}
05-14 17:22:19.460   681  2452 D PowerManagerService: releaseWakeLockInternal: lock=215315273 [*launch*], flags=0x0
05-14 17:22:19.460   681  2452 D PowerManagerService: Releasing suspend blocker "PowerManagerService.WakeLocks".
05-14 17:22:19.515   241   244 I YLOG    : logmon::0.000 0-0-0-0 t:2141358 c:0 ts:6k 0.404[128,2141486,2141358,20041][0] 
05-14 17:22:20.285   681   891 D ConnectivityService: notifyType CALLBACK_CAP_CHANGED for NetworkAgentInfo [WIFI () - 101]
05-14 17:22:20.286   681   907 V JobScheduler.Conn: onCapabilitiesChanged() : [ Transports: WIFI Capabilities: NOT_METERED&INTERNET&NOT_RESTRICTED&TRUSTED&NOT_VPN&VALIDATED&FOREGROUND LinkUpBandwidth>=1048576Kbps LinkDnBandwidth>=1048576Kbps SignalStrength: -59]
05-14 17:22:20.286   681   907 D JobStatus: isReady()  jobId=20537  mReschedule=true  enable=false
05-14 17:22:20.286   681   907 I JobScheduler.Conn: Connectivity unchanged for JobStatus{f0039f4 #1000/20537 android/com.android.server.backup.KeyValueBackupJob u=0 s=1000 TIME=+2h35m54s995ms:+22h35m23s972ms NET=1 CHARGING}: usable=true connected=true validated=true metered=false unmetered=true notRoaming=true
05-14 17:22:20.287   681   907 D JobStatus: isReady()  jobId=201  mReschedule=true  enable=false
05-14 17:22:20.287   681   907 I JobScheduler.Conn: Connectivity unchanged for JobStatus{766700 #u0a2/201 com.android.dialer/com.android.voicemail.impl.StatusCheckJobService u=0 s=10002 TIME=+22h35m28s433ms:+1d22h35m28s433ms NET=1 CHARGING PERIODIC}: usable=true connected=true validated=true metered=false unmetered=true notRoaming=true
05-14 17:22:20.287   681   882 D BroadcastQueue: Add broadcast <BroadcastRecord{b390434 u-1 android.net.wifi.RSSI_CHANGED}> into [parallel | background], pending size 0
05-14 17:22:20.288   681   758 D BroadcastQueue: Done with parallel broadcast [background] [BroadcastRecord{b390434 u-1 android.net.wifi.RSSI_CHANGED}]
05-14 17:22:20.685   241   253 W YLOG    : [05-14 17:22:20.685] ylog<critical> android cacheline write wrong 40541 -> 6686
05-14 17:22:20.883   681  2452 I ActivityManager: START u0 {cmp=com.iflyrec.smartrecorder/.bl.main.MainPageActivity} from uid 10023, pid 1515
05-14 17:22:20.885   681  2452 D PowerManagerService: acquireWakeLockInternal: lock=215315273, flags=0x1, tag="*launch*", ws=WorkSource{10023}, uid=1000, pid=681 packageName=android
05-14 17:22:20.885   681  1162 D PowerController: handleMessage(MSG_APP_STATE_CHANGED)
05-14 17:22:20.886   681  1162 D PowerController: - handleAppStateChanged() E -
05-14 17:22:20.886   681  1162 D PowerController.AppState: - reportAppStateEventInfo() E -
05-14 17:22:20.886   681  2452 D PowerManagerService: Acquiring suspend blocker "PowerManagerService.WakeLocks".
05-14 17:22:20.886   681  1162 D PowerController: packageName:com.iflyrec.smartrecorder state:MOVE_TO_BACKGROUND user:0
05-14 17:22:20.886   681  1164 D PowerController.RecogA: handleMessage(MSG_REPORT_EVENT)
05-14 17:22:20.887   681  2452 D WindowManager: Input focus has changed to null
05-14 17:22:20.892   681  2452 I ActivityManager: ->startActivity for ActivityRecord{ac6d25d u0 com.iflyrec.smartrecorder/.bl.main.MainPageActivity t7} result:2
05-14 17:22:20.893   681   706 W ActivityManager: Duplicate finish request for ActivityRecord{66b1204 u0 com.iflyrec.smartrecorder/.bl.file.view.FileExplorerActivity t7 f}
05-14 17:22:20.901   681  1162 D PowerController: handleMessage(MSG_APP_STATE_CHANGED)
05-14 17:22:20.901   681  1162 D PowerController: - handleAppStateChanged() E -
05-14 17:22:20.901   681  1162 D PowerController.AppState: - reportAppStateEventInfo() E -
05-14 17:22:20.901   681  1162 D PowerController: packageName:com.iflyrec.smartrecorder state:MOVE_TO_FOREGROUND user:0
05-14 17:22:20.901   681  1164 D PowerController.RecogA: handleMessage(MSG_REPORT_EVENT)
05-14 17:22:20.911   681   866 D DisplayPowerStateEx: scheduleButtonTimeout buttontimeout == 1500
05-14 17:22:20.950   681  2452 D WindowManager: Input focus has changed to Window{3ca25f8 u0 com.iflyrec.smartrecorder/com.iflyrec.smartrecorder.bl.main.MainPageActivity}
05-14 17:22:21.013   681  2452 D PowerManagerService: releaseWakeLockInternal: lock=215315273 [*launch*], flags=0x0
05-14 17:22:21.013   681  2452 D PowerManagerService: Releasing suspend blocker "PowerManagerService.WakeLocks".
05-14 17:22:21.153   681   681 D BroadcastQueue: Add broadcast <BroadcastRecord{1b37891 u-1 android.intent.action.BATTERY_CHANGED}> into [parallel | background], pending size 0
05-14 17:22:21.156   681   858 D PowerGuruService: CMD_BATTERY_CHANGED (newPlugType = 0)
05-14 17:22:21.159   681  1162 D PowerController: handleMessage(MSG_DEVICE_STATE_CHANGED)
05-14 17:22:21.160   681  1162 D PowerController: - handleDeviceStateChanged() E -, action: android.intent.action.BATTERY_CHANGED
05-14 17:22:21.160   681  1162 D PowerController: pluggedType:0 mCharging:false
05-14 17:22:21.160   681  1162 D PowerController: updateBatteryLevelLow() E, force: false, battLevel: 79
05-14 17:22:21.160   681  1162 D PowerController: mBatteryLevelLow: false
05-14 17:22:21.160   681  1162 D PowerController: updateBatteryLevelLow() X, mBatteryLevelLow: false
05-14 17:22:21.160   681  1162 D PowerController: updatePowerSaveMode(), wasPowered: false, mBatteryLevelLow: false
05-14 17:22:21.160   681  1162 D PowerController: updatePowerSaveMode(), set to MODECONFIG_USER
05-14 17:22:21.160   681  1162 D PowerController: updatePowerSaveModeInternal(1), pre-mode: 1
05-14 17:22:21.160   681  1162 D PowerController: updatePowerSaveModeInternal(), no change, return true
05-14 17:22:21.160   681  1162 D PowerController: handleDeviceStateChanged: bScreenChanged:false bConnectionChanged:false bChargingChanged:false
05-14 17:22:21.160   681   758 D BroadcastQueue: Done with parallel broadcast [background] [BroadcastRecord{1b37891 u-1 android.intent.action.BATTERY_CHANGED}]
05-14 17:22:21.173   979   979 D PowerUI : buckets   .....20 .. 15 .. 10
05-14 17:22:21.173   979   979 D PowerUI : level          79 --> 79
05-14 17:22:21.173   979   979 D PowerUI : status         3 --> 3
05-14 17:22:21.173   979   979 D PowerUI : plugType       0 --> 0
05-14 17:22:21.174   979   979 D PowerUI : invalidCharger 0 --> 0
05-14 17:22:21.174   979   979 D PowerUI : bucket         1 --> 1
05-14 17:22:21.174   979   979 D PowerUI : plugged        false --> false
05-14 17:22:21.174   979   979 D PowerUI : health         2 --> 2
05-14 17:22:21.515   241   244 I YLOG    : logmon::0.000 0-0-0-0 t:2141767 c:0 ts:24k 0.619[108,2141875,2141767,20049][0] 
05-14 17:22:22.691   241   253 W YLOG    : [05-14 17:22:22.691] ylog<critical> android cacheline write wrong 48139 -> 8343
05-14 17:22:23.041   241   690 W YLOG    : [05-14 17:22:23.041] ylog<info> get_context()->enable_rename is 1
05-14 17:22:23.310   681  2452 I ActivityManager: START u0 {cmp=com.iflyrec.smartrecorder/.bl.aiui.view.AiuiMainActivity} from uid 10023, pid 1515
05-14 17:22:23.314   681  2452 D PowerManagerService: acquireWakeLockInternal: lock=215315273, flags=0x1, tag="*launch*", ws=WorkSource{10023}, uid=1000, pid=681 packageName=android
05-14 17:22:23.314   681  2452 D PowerManagerService: Acquiring suspend blocker "PowerManagerService.WakeLocks".
05-14 17:22:23.314   681  1162 D PowerController: handleMessage(MSG_APP_STATE_CHANGED)
05-14 17:22:23.314   681  1162 D PowerController: - handleAppStateChanged() E -
05-14 17:22:23.314   681  1162 D PowerController.AppState: - reportAppStateEventInfo() E -
05-14 17:22:23.314   681  1162 D PowerController: packageName:com.iflyrec.smartrecorder state:MOVE_TO_BACKGROUND user:0
05-14 17:22:23.314   681  1164 D PowerController.RecogA: handleMessage(MSG_REPORT_EVENT)
05-14 17:22:23.319   681  2452 I ActivityManager: ->startActivity for ActivityRecord{94cb3f6 u0 com.iflyrec.smartrecorder/.bl.aiui.view.AiuiMainActivity t7} result:0
05-14 17:22:23.327   681  2452 D WindowManager: Input focus has changed to null
05-14 17:22:23.329   681  1162 D PowerController: handleMessage(MSG_APP_STATE_CHANGED)
05-14 17:22:23.329   681  1162 D PowerController: - handleAppStateChanged() E -
05-14 17:22:23.329   681  1162 D PowerController.AppState: - reportAppStateEventInfo() E -
05-14 17:22:23.329   681  1162 D PowerController: packageName:com.iflyrec.smartrecorder state:MOVE_TO_FOREGROUND user:0
05-14 17:22:23.329   681  1164 D PowerController.RecogA: handleMessage(MSG_REPORT_EVENT)
05-14 17:22:23.402   681   706 D WindowManager: Input focus has changed to Window{de319fc u0 com.iflyrec.smartrecorder/com.iflyrec.smartrecorder.bl.aiui.view.AiuiMainActivity}
05-14 17:22:23.443  1515  1515 W ViewRootImpl[AiuiMainActivity]: Dropping event due to no window focus: KeyEvent { action=ACTION_DOWN, keyCode=KEYCODE_MEDIA_RECORD, scanCode=167, metaState=0, flags=0x8, repeatCount=14, eventTime=5128137, downTime=5126977, deviceId=0, source=0x101 }
05-14 17:22:23.478   681   706 D PowerManagerService: releaseWakeLockInternal: lock=215315273 [*launch*], flags=0x0
05-14 17:22:23.479   681   706 D PowerManagerService: Releasing suspend blocker "PowerManagerService.WakeLocks".
05-14 17:22:23.516   241   244 I YLOG    : logmon::0.000 0-0-0-0 t:2142021 c:0 ts:8k 0.460[97,2142118,2142021,20057][0] 
--------- beginning of main
05-14 17:22:23.593   299  3072 D PowerHAL: POWER_HINT_INTERACTION: data=0x00, subtype=0, duration=500
05-14 17:22:23.593   299  3072 D PowerHAL: ###Enter interaction_other scene bgn###
05-14 17:22:23.593   299  3072 D PowerHAL: Enter common_set: enable:1, duration: 500, /sys/devices/system/cpu/cpuhotplug/cluster0_core_min_limit: 4
05-14 17:22:23.593   299  3072 D PowerHAL: Enter common_set: enable:1, duration: 500, /sys/devices/system/cpu/cpuhotplug/cluster0_core_max_limit: 4
05-14 17:22:23.593   299  3072 D PowerHAL: Enter common_subsys_set: enable:1, duration: 500, subsys:cpufreq: conf_2:5
05-14 17:22:23.593   299  3072 D PowerHAL: ###Enter interaction_other scene end###
05-14 17:22:23.593   299  3072 D PowerHAL: POWER_HINT_INTERACTION: data=0x40000, subtype=4, duration=500
05-14 17:22:23.593   299  3072 I PowerHAL: Don't support interaction_button in normal mode
05-14 17:22:23.627  1515  2992 I chatty  : uid=10023(com.iflyrec.smartrecorder) RecorderDataThr expire 2 lines
05-14 17:22:23.694   299  3072 D PowerHAL: POWER_HINT_INTERACTION: data=0x00, subtype=0, duration=500
05-14 17:22:23.694   299  3072 D PowerHAL: ###Enter interaction_other scene bgn###
05-14 17:22:23.694   299  3072 D PowerHAL: Enter common_set: enable:1, duration: 500, /sys/devices/system/cpu/cpuhotplug/cluster0_core_min_limit: 4
05-14 17:22:23.695   299  3072 D PowerHAL: Enter common_set: enable:1, duration: 500, /sys/devices/system/cpu/cpuhotplug/cluster0_core_max_limit: 4
05-14 17:22:23.695   299  3072 D PowerHAL: Enter common_subsys_set: enable:1, duration: 500, subsys:cpufreq: conf_2:5
05-14 17:22:23.695   299  3072 D PowerHAL: ###Enter interaction_other scene end###
05-14 17:22:23.695   299  3072 D PowerHAL: POWER_HINT_INTERACTION: data=0x40000, subtype=4, duration=500
05-14 17:22:23.695   299  3072 I PowerHAL: Don't support interaction_button in normal mode
05-14 17:22:23.710  1515  3000 I chatty  : uid=10023(com.iflyrec.smartrecorder) Thread-9103 expire 43 lines
05-14 17:22:23.782  1515  7708 I chatty  : uid=10023(com.iflyrec.smartrecorder) SmartRecordMain expire 203 lines
05-14 17:22:23.795   299   762 D PowerHAL: POWER_HINT_INTERACTION: data=0x00, subtype=0, duration=500
05-14 17:22:23.795   299   762 D PowerHAL: ###Enter interaction_other scene bgn###
05-14 17:22:23.795   299   762 D PowerHAL: Enter common_set: enable:1, duration: 500, /sys/devices/system/cpu/cpuhotplug/cluster0_core_min_limit: 4
05-14 17:22:23.795   299   762 D PowerHAL: Enter common_set: enable:1, duration: 500, /sys/devices/system/cpu/cpuhotplug/cluster0_core_max_limit: 4
05-14 17:22:23.795   299   762 D PowerHAL: Enter common_subsys_set: enable:1, duration: 500, subsys:cpufreq: conf_2:5
05-14 17:22:23.795   299   762 D PowerHAL: ###Enter interaction_other scene end###
05-14 17:22:23.795   299   762 D PowerHAL: POWER_HINT_INTERACTION: data=0x40000, subtype=4, duration=500
