05-14 17:17:20.364   979   979 D PowerUI : invalidCharger 0 --> 0
05-14 17:17:20.364   979   979 D PowerUI : bucket         1 --> 1
05-14 17:17:20.364   979   979 D PowerUI : plugged        false --> false
05-14 17:17:20.364   979   979 D PowerUI : health         2 --> 2
05-14 17:17:20.371   681  1162 I chatty  : uid=1000(system) PowerController expire 48 lines
05-14 17:17:21.421   241   244 I YLOG    : logmon::0.000 0-0-0-0 t:2130161 c:0 ts:0k 0.000[1,2130162,2130161,18852][0] 
05-14 17:17:23.422   241   244 I YLOG    : logmon::0.000 0-0-0-0 t:2130166 c:0 ts:0k 0.000[0,2130166,2130166,18860][0] 
05-14 17:17:23.555   241   690 W YLOG    : [05-14 17:17:23.555] ylog<info> get_context()->enable_rename is 1
05-14 17:17:25.423   241   244 I YLOG    : logmon::0.000 0-0-0-0 t:2130176 c:0 ts:0k 0.000[2,2130178,2130176,18868][0] 
05-14 17:17:27.392   241   246 W YLOG    : [05-14 17:17:27.392] ylog<info> APF  delete_oldest_log_data:/storage/emulated/0 ap_path:/storage/emulated/0/ylog/ap/
05-14 17:17:27.423   241   244 I YLOG    : logmon::0.000 0-0-0-0 t:2130221 c:0 ts:0k 0.000[1,2130222,2130221,18876][0] 
05-14 17:17:27.481   241   246 W YLOG    : [05-14 17:17:27.481] ylog<error> access /storage/emulated/0/ylog/ap//SYSDUMP get_subfold_size No such file or directory
05-14 17:17:27.481   241   246 W YLOG    : [05-14 17:17:27.481] ylog<error> access /storage/emulated/0/ylog/ap//logbuffer get_subfold_size No such file or directory
05-14 17:17:27.481   241   246 W YLOG    : [05-14 17:17:27.481] ylog<error> access /storage/emulated/0/ylog/ap//phonedata get_subfold_size No such file or directory
05-14 17:17:27.481   241   246 W YLOG    : [05-14 17:17:27.481] ylog<info> AFM  rotatelog?(0)   tot:4096 used:93 free:4003 threshold:80 diskfree:11714 no_quota:1  root:/storage/emulated/0  ap:/storage/emulated/0/ylog/ap/  caller:limit_monitor
05-14 17:17:27.552   241   246 W YLOG    : [05-14 17:17:27.552] ylog<error> access /storage/emulated/0/ylog/ap//SYSDUMP get_subfold_size No such file or directory
05-14 17:17:27.552   241   246 W YLOG    : [05-14 17:17:27.552] ylog<error> access /storage/emulated/0/ylog/ap//logbuffer get_subfold_size No such file or directory
05-14 17:17:27.552   241   246 W YLOG    : [05-14 17:17:27.552] ylog<error> access /storage/emulated/0/ylog/ap//phonedata get_subfold_size No such file or directory
05-14 17:17:27.552   241   246 W YLOG    : [05-14 17:17:27.552] ylog<info> APF  check_quoto_mode:/storage/emulated/0 ap_path:/storage/emulated/0/ylog/ap/
05-14 17:17:28.633   241   690 W YLOG    : [05-14 17:17:28.633] ylog<info> get_context()->enable_rename is 1
05-14 17:17:29.423   241   244 I YLOG    : logmon::0.000 0-0-0-0 t:2130240 c:0 ts:0k 0.000[0,2130240,2130240,18884][0] 
05-14 17:17:31.424   241   244 I YLOG    : logmon::0.000 0-0-0-0 t:2130247 c:0 ts:0k 0.000[0,2130247,2130247,18892][0] 
05-14 17:17:33.424   241   244 I YLOG    : logmon::0.000 0-0-0-0 t:2130251 c:0 ts:0k 0.000[1,2130252,2130251,18900][0] 
05-14 17:17:33.715   241   690 W YLOG    : [05-14 17:17:33.715] ylog<info> get_context()->enable_rename is 1
05-14 17:17:34.243   241   253 I chatty  : uid=1000(system) /system/bin/ylog expire 7 lines
05-14 17:17:35.403   979   979 D PowerUI : buckets   .....20 .. 15 .. 10
05-14 17:17:35.403   979   979 D PowerUI : level          80 --> 80
05-14 17:17:35.403   979   979 D PowerUI : status         3 --> 3
05-14 17:17:35.404   979   979 D PowerUI : plugType       0 --> 0
05-14 17:17:35.404   979   979 D PowerUI : invalidCharger 0 --> 0
05-14 17:17:35.404   979   979 D PowerUI : bucket         1 --> 1
05-14 17:17:35.404   979   979 D PowerUI : plugged        false --> false
05-14 17:17:35.404   979   979 D PowerUI : health         2 --> 2
05-14 17:17:35.412   681  1162 I chatty  : uid=1000(system) PowerController expire 35 lines
05-14 17:17:35.426   241   244 I YLOG    : logmon::0.000 0-0-0-0 t:2130264 c:0 ts:0k 0.000[0,2130264,2130264,18908][0] 
05-14 17:17:37.426   241   244 I YLOG    : logmon::0.000 0-0-0-0 t:2130310 c:0 ts:0k 0.000[0,2130310,2130310,18916][0] 
05-14 17:17:38.803   241   690 W YLOG    : [05-14 17:17:38.803] ylog<info> get_context()->enable_rename is 1
05-14 17:17:39.426   241   244 I YLOG    : logmon::0.000 0-0-0-0 t:2130314 c:0 ts:0k 0.000[4,2130318,2130314,18924][0] 
05-14 17:17:39.553   241   246 W YLOG    : [05-14 17:17:39.553] ylog<info> APF  delete_oldest_log_data:/storage/emulated/0 ap_path:/storage/emulated/0/ylog/ap/
05-14 17:17:39.636   241   246 W YLOG    : [05-14 17:17:39.636] ylog<error> access /storage/emulated/0/ylog/ap//SYSDUMP get_subfold_size No such file or directory
05-14 17:17:39.636   241   246 W YLOG    : [05-14 17:17:39.636] ylog<error> access /storage/emulated/0/ylog/ap//logbuffer get_subfold_size No such file or directory
05-14 17:17:39.636   241   246 W YLOG    : [05-14 17:17:39.636] ylog<error> access /storage/emulated/0/ylog/ap//phonedata get_subfold_size No such file or directory
05-14 17:17:39.636   241   246 W YLOG    : [05-14 17:17:39.636] ylog<info> AFM  rotatelog?(0)   tot:4096 used:93 free:4003 threshold:80 diskfree:11714 no_quota:1  root:/storage/emulated/0  ap:/storage/emulated/0/ylog/ap/  caller:limit_monitor
05-14 17:17:39.702   241   246 W YLOG    : [05-14 17:17:39.702] ylog<error> access /storage/emulated/0/ylog/ap//SYSDUMP get_subfold_size No such file or directory
05-14 17:17:39.703   241   246 W YLOG    : [05-14 17:17:39.703] ylog<error> access /storage/emulated/0/ylog/ap//logbuffer get_subfold_size No such file or directory
05-14 17:17:39.703   241   246 W YLOG    : [05-14 17:17:39.703] ylog<error> access /storage/emulated/0/ylog/ap//phonedata get_subfold_size No such file or directory
05-14 17:17:39.703   241   246 W YLOG    : [05-14 17:17:39.703] ylog<info> APF  check_quoto_mode:/storage/emulated/0 ap_path:/storage/emulated/0/ylog/ap/
05-14 17:17:41.427   241   244 I YLOG    : logmon::0.000 0-0-0-0 t:2130361 c:0 ts:0k 0.000[2,2130363,2130361,18932][0] 
05-14 17:17:43.427   241   244 I YLOG    : logmon::0.000 0-0-0-0 t:2130367 c:0 ts:0k 0.000[0,2130367,2130367,18940][0] 
05-14 17:17:43.885   241   690 W YLOG    : [05-14 17:17:43.885] ylog<info> get_context()->enable_rename is 1
05-14 17:17:45.428   241   244 I YLOG    : logmon::0.000 0-0-0-0 t:2130373 c:0 ts:0k 0.000[1,2130374,2130373,18948][0] 
05-14 17:17:45.930   241   262 I chatty  : uid=1000(system) /system/bin/ylog expire 1 line
05-14 17:17:47.083   241   693 I chatty  : uid=1000(system) /system/bin/ylog expire 3 lines
05-14 17:17:47.086  7479  7479 W YLOG_CLI: ylog 
05-14 17:17:47.124  7480  7480 W YLOG_CLI: speed 
05-14 17:17:47.155  7481  7481 W YLOG_CLI: space 
05-14 17:17:47.428   241   244 I YLOG    : logmon::0.000 0-0-0-0 t:2130381 c:0 ts:0k 0.000[8,2130389,2130381,18956][0] 
05-14 17:17:48.258   241   253 I chatty  : uid=1000(system) /system/bin/ylog expire 10 lines
05-14 17:17:48.961   241   690 W YLOG    : [05-14 17:17:48.961] ylog<info> get_context()->enable_rename is 1
05-14 17:17:49.428   241   244 I YLOG    : logmon::0.000 0-0-0-0 t:2130395 c:0 ts:0k 0.000[9,2130404,2130395,18964][0] 
05-14 17:17:50.449   979   979 D PowerUI : buckets   .....20 .. 15 .. 10
05-14 17:17:50.449   979   979 D PowerUI : level          80 --> 80
05-14 17:17:50.449   979   979 D PowerUI : status         3 --> 3
05-14 17:17:50.449   979   979 D PowerUI : plugType       0 --> 0
05-14 17:17:50.449   979   979 D PowerUI : invalidCharger 0 --> 0
05-14 17:17:50.449   979   979 D PowerUI : bucket         1 --> 1
05-14 17:17:50.449   979   979 D PowerUI : plugged        false --> false
05-14 17:17:50.449   979   979 D PowerUI : health         2 --> 2
05-14 17:17:50.454   681  1162 I chatty  : uid=1000(system) PowerController expire 37 lines
05-14 17:17:51.429   241   244 I YLOG    : logmon::0.000 0-0-0-0 t:2130449 c:0 ts:0k 0.000[3,2130452,2130449,18972][0] 
05-14 17:17:51.703   241   246 W YLOG    : [05-14 17:17:51.703] ylog<info> APF  delete_oldest_log_data:/storage/emulated/0 ap_path:/storage/emulated/0/ylog/ap/
05-14 17:17:51.790   241   246 W YLOG    : [05-14 17:17:51.790] ylog<error> access /storage/emulated/0/ylog/ap//SYSDUMP get_subfold_size No such file or directory
05-14 17:17:51.791   241   246 W YLOG    : [05-14 17:17:51.791] ylog<error> access /storage/emulated/0/ylog/ap//logbuffer get_subfold_size No such file or directory
05-14 17:17:51.791   241   246 W YLOG    : [05-14 17:17:51.791] ylog<error> access /storage/emulated/0/ylog/ap//phonedata get_subfold_size No such file or directory
05-14 17:17:51.791   241   246 W YLOG    : [05-14 17:17:51.791] ylog<info> AFM  rotatelog?(0)   tot:4096 used:93 free:4003 threshold:80 diskfree:11713 no_quota:1  root:/storage/emulated/0  ap:/storage/emulated/0/ylog/ap/  caller:limit_monitor
05-14 17:17:51.869   241   246 W YLOG    : [05-14 17:17:51.869] ylog<error> access /storage/emulated/0/ylog/ap//SYSDUMP get_subfold_size No such file or directory
05-14 17:17:51.869   241   246 W YLOG    : [05-14 17:17:51.869] ylog<error> access /storage/emulated/0/ylog/ap//logbuffer get_subfold_size No such file or directory
05-14 17:17:51.869   241   246 W YLOG    : [05-14 17:17:51.869] ylog<error> access /storage/emulated/0/ylog/ap//phonedata get_subfold_size No such file or directory
05-14 17:17:51.869   241   246 W YLOG    : [05-14 17:17:51.869] ylog<info> APF  check_quoto_mode:/storage/emulated/0 ap_path:/storage/emulated/0/ylog/ap/
05-14 17:17:53.430   241   244 I YLOG    : logmon::0.000 0-0-0-0 t:2130469 c:0 ts:0k 0.000[0,2130469,2130469,18980][0] 
05-14 17:17:54.038   241   690 W YLOG    : [05-14 17:17:54.037] ylog<info> get_context()->enable_rename is 1
05-14 17:17:55.109   681   859 I chatty  : uid=1000(system) AlarmManager expire 2 lines
05-14 17:17:55.430   241   244 I YLOG    : logmon::0.000 0-0-0-0 t:2130475 c:0 ts:0k 0.000[5,2130480,2130475,18988][0] 
05-14 17:17:55.456   681   858 I chatty  : uid=1000(system) PowerGuruServic expire 12 lines
05-14 17:17:57.431   241   244 I YLOG    : logmon::0.000 0-0-0-0 t:2130513 c:0 ts:0k 0.000[5,2130518,2130513,18996][0] 
05-14 17:17:59.117   241   690 W YLOG    : [05-14 17:17:59.117] ylog<info> get_context()->enable_rename is 1
05-14 17:17:59.432   241   244 I YLOG    : logmon::0.000 0-0-0-0 t:2130522 c:0 ts:0k 0.000[1,2130523,2130522,19004][0] 
05-14 17:18:01.432   241   244 I YLOG    : logmon::0.000 0-0-0-0 t:2130528 c:0 ts:0k 0.000[1,2130529,2130528,19012][0] 
05-14 17:18:03.433   241   244 I YLOG    : logmon::0.000 0-0-0-0 t:2130536 c:0 ts:0k 0.000[1,2130537,2130536,19020][0] 
05-14 17:18:03.870   241   246 W YLOG    : [05-14 17:18:03.870] ylog<info> APF  delete_oldest_log_data:/storage/emulated/0 ap_path:/storage/emulated/0/ylog/ap/
05-14 17:18:03.960   241   246 W YLOG    : [05-14 17:18:03.960] ylog<error> access /storage/emulated/0/ylog/ap//SYSDUMP get_subfold_size No such file or directory
05-14 17:18:03.961   241   246 W YLOG    : [05-14 17:18:03.961] ylog<error> access /storage/emulated/0/ylog/ap//logbuffer get_subfold_size No such file or directory
05-14 17:18:03.961   241   246 W YLOG    : [05-14 17:18:03.961] ylog<error> access /storage/emulated/0/ylog/ap//phonedata get_subfold_size No such file or directory
05-14 17:18:03.961   241   246 W YLOG    : [05-14 17:18:03.961] ylog<info> AFM  rotatelog?(0)   tot:4096 used:93 free:4003 threshold:80 diskfree:11712 no_quota:1  root:/storage/emulated/0  ap:/storage/emulated/0/ylog/ap/  caller:limit_monitor
05-14 17:18:04.038   241   246 W YLOG    : [05-14 17:18:04.038] ylog<error> access /storage/emulated/0/ylog/ap//SYSDUMP get_subfold_size No such file or directory
05-14 17:18:04.038   241   246 W YLOG    : [05-14 17:18:04.038] ylog<error> access /storage/emulated/0/ylog/ap//logbuffer get_subfold_size No such file or directory
05-14 17:18:04.038   241   246 W YLOG    : [05-14 17:18:04.038] ylog<error> access /storage/emulated/0/ylog/ap//phonedata get_subfold_size No such file or directory
05-14 17:18:04.038   241   246 W YLOG    : [05-14 17:18:04.038] ylog<info> APF  check_quoto_mode:/storage/emulated/0 ap_path:/storage/emulated/0/ylog/ap/
05-14 17:18:04.210   241   690 W YLOG    : [05-14 17:18:04.210] ylog<info> get_context()->enable_rename is 1
05-14 17:18:05.434   241   244 I YLOG    : logmon::0.000 0-0-0-0 t:2130558 c:0 ts:0k 0.000[1,2130559,2130558,19028][0] 
05-14 17:18:05.472   681   681 I chatty  : uid=1000 system_server expire 5 lines
05-14 17:18:05.481   681   758 I chatty  : uid=1000(system) ActivityManager expire 5 lines
05-14 17:18:05.485   979   979 D PowerUI : buckets   .....20 .. 15 .. 10
05-14 17:18:05.485   979   979 D PowerUI : level          80 --> 80
05-14 17:18:05.485   979   979 D PowerUI : status         3 --> 3
05-14 17:18:05.485   979   979 D PowerUI : plugType       0 --> 0
05-14 17:18:05.485   979   979 D PowerUI : invalidCharger 0 --> 0
05-14 17:18:05.485   979   979 D PowerUI : bucket         1 --> 1
05-14 17:18:05.485   979   979 D PowerUI : plugged        false --> false
05-14 17:18:05.485   979   979 D PowerUI : health         2 --> 2
05-14 17:18:05.491   681  1162 I chatty  : uid=1000(system) PowerController expire 35 lines
05-14 17:18:07.435   241   244 I YLOG    : logmon::0.000 0-0-0-0 t:2130618 c:0 ts:0k 0.000[0,2130618,2130618,19036][0] 
05-14 17:18:08.279   241   253 I chatty  : uid=1000(system) /system/bin/ylog expire 8 lines
05-14 17:18:09.286   241   690 W YLOG    : [05-14 17:18:09.286] ylog<info> get_context()->enable_rename is 1
05-14 17:18:09.435   241   244 I YLOG    : logmon::0.000 0-0-0-0 t:2130622 c:0 ts:0k 0.000[2,2130624,2130622,19044][0] 
05-14 17:18:11.435   241   244 I YLOG    : logmon::0.000 0-0-0-0 t:2130656 c:0 ts:0k 0.000[0,2130656,2130656,19052][0] 
05-14 17:18:13.436   241   244 I YLOG    : logmon::0.000 0-0-0-0 t:2130662 c:0 ts:0k 0.000[0,2130662,2130662,19060][0] 
05-14 17:18:14.375   241   690 W YLOG    : [05-14 17:18:14.375] ylog<info> get_context()->enable_rename is 1
05-14 17:18:15.436   241   244 I YLOG    : logmon::0.000 0-0-0-0 t:2130673 c:0 ts:0k 0.000[1,2130674,2130673,19068][0] 
05-14 17:18:16.039   241   246 W YLOG    : [05-14 17:18:16.039] ylog<info> APF  delete_oldest_log_data:/storage/emulated/0 ap_path:/storage/emulated/0/ylog/ap/
05-14 17:18:16.122   241   246 W YLOG    : [05-14 17:18:16.122] ylog<error> access /storage/emulated/0/ylog/ap//SYSDUMP get_subfold_size No such file or directory
05-14 17:18:16.123   241   246 W YLOG    : [05-14 17:18:16.123] ylog<error> access /storage/emulated/0/ylog/ap//logbuffer get_subfold_size No such file or directory
05-14 17:18:16.123   241   246 W YLOG    : [05-14 17:18:16.123] ylog<error> access /storage/emulated/0/ylog/ap//phonedata get_subfold_size No such file or directory
05-14 17:18:16.123   241   246 W YLOG    : [05-14 17:18:16.123] ylog<info> AFM  rotatelog?(0)   tot:4096 used:93 free:4003 threshold:80 diskfree:11711 no_quota:1  root:/storage/emulated/0  ap:/storage/emulated/0/ylog/ap/  caller:limit_monitor
05-14 17:18:16.195   241   246 W YLOG    : [05-14 17:18:16.195] ylog<error> access /storage/emulated/0/ylog/ap//SYSDUMP get_subfold_size No such file or directory
05-14 17:18:16.195   241   246 W YLOG    : [05-14 17:18:16.195] ylog<error> access /storage/emulated/0/ylog/ap//logbuffer get_subfold_size No such file or directory
05-14 17:18:16.195   241   246 W YLOG    : [05-14 17:18:16.195] ylog<error> access /storage/emulated/0/ylog/ap//phonedata get_subfold_size No such file or directory
05-14 17:18:16.195   241   246 W YLOG    : [05-14 17:18:16.195] ylog<info> APF  check_quoto_mode:/storage/emulated/0 ap_path:/storage/emulated/0/ylog/ap/
05-14 17:18:17.437   241   244 I YLOG    : logmon::0.000 0-0-0-0 t:2130693 c:0 ts:0k 0.000[0,2130693,2130693,19076][0] 
05-14 17:18:19.437   241   244 I YLOG    : logmon::0.000 0-0-0-0 t:2130697 c:0 ts:0k 0.000[0,2130697,2130697,19084][0] 
05-14 17:18:19.459   241   690 W YLOG    : [05-14 17:18:19.459] ylog<info> get_context()->enable_rename is 1
05-14 17:18:20.523   979   979 D PowerUI : buckets   .....20 .. 15 .. 10
05-14 17:18:20.523   979   979 D PowerUI : level          80 --> 80
05-14 17:18:20.523   979   979 D PowerUI : status         3 --> 3
05-14 17:18:20.523   979   979 D PowerUI : plugType       0 --> 0
05-14 17:18:20.523   979   979 D PowerUI : invalidCharger 0 --> 0
05-14 17:18:20.524   979   979 D PowerUI : bucket         1 --> 1
05-14 17:18:20.524   979   979 D PowerUI : plugged        false --> false
05-14 17:18:20.524   979   979 D PowerUI : health         2 --> 2
05-14 17:18:20.530   681  1162 I chatty  : uid=1000(system) PowerController expire 37 lines
05-14 17:18:21.438   241   244 I YLOG    : logmon::0.000 0-0-0-0 t:2130746 c:0 ts:0k 0.000[1,2130747,2130746,19092][0] 
05-14 17:18:23.439   241   244 I YLOG    : logmon::0.000 0-0-0-0 t:2130753 c:0 ts:0k 0.000[4,2130757,2130753,19100][0] 
05-14 17:18:24.296   241   253 W YLOG    : [05-14 17:18:24.296] ylog<critical> android cacheline write wrong 929 -> 517
05-14 17:18:24.539   241   690 W YLOG    : [05-14 17:18:24.539] ylog<info> get_context()->enable_rename is 1
05-14 17:18:25.440   241   244 I YLOG    : logmon::0.000 0-0-0-0 t:2130767 c:0 ts:0k 0.000[2,2130769,2130767,19108][0] 
05-14 17:18:26.298   241   253 W YLOG    : [05-14 17:18:26.298] ylog<critical> android cacheline write wrong 5247 -> 1661
05-14 17:18:27.440   241   244 I YLOG    : logmon::0.000 0-0-0-0 t:2130804 c:0 ts:0k 0.000[1,2130805,2130804,19116][0] 
05-14 17:18:28.196   241   246 W YLOG    : [05-14 17:18:28.196] ylog<info> APF  delete_oldest_log_data:/storage/emulated/0 ap_path:/storage/emulated/0/ylog/ap/
05-14 17:18:28.282   241   246 W YLOG    : [05-14 17:18:28.282] ylog<error> access /storage/emulated/0/ylog/ap//SYSDUMP get_subfold_size No such file or directory
05-14 17:18:28.283   241   246 W YLOG    : [05-14 17:18:28.282] ylog<error> access /storage/emulated/0/ylog/ap//logbuffer get_subfold_size No such file or directory
05-14 17:18:28.283   241   246 W YLOG    : [05-14 17:18:28.283] ylog<error> access /storage/emulated/0/ylog/ap//phonedata get_subfold_size No such file or directory
05-14 17:18:28.283   241   246 W YLOG    : [05-14 17:18:28.283] ylog<info> AFM  rotatelog?(0)   tot:4096 used:93 free:4003 threshold:80 diskfree:11711 no_quota:1  root:/storage/emulated/0  ap:/storage/emulated/0/ylog/ap/  caller:limit_monitor
05-14 17:18:28.300   241   253 W YLOG    : [05-14 17:18:28.300] ylog<critical> android cacheline write wrong 782 -> 466
05-14 17:18:28.353   241   246 W YLOG    : [05-14 17:18:28.353] ylog<error> access /storage/emulated/0/ylog/ap//SYSDUMP get_subfold_size No such file or directory
05-14 17:18:28.353   241   246 W YLOG    : [05-14 17:18:28.353] ylog<error> access /storage/emulated/0/ylog/ap//logbuffer get_subfold_size No such file or directory
05-14 17:18:28.353   241   246 W YLOG    : [05-14 17:18:28.353] ylog<error> access /storage/emulated/0/ylog/ap//phonedata get_subfold_size No such file or directory
05-14 17:18:28.353   241   246 W YLOG    : [05-14 17:18:28.353] ylog<info> APF  check_quoto_mode:/storage/emulated/0 ap_path:/storage/emulated/0/ylog/ap/
05-14 17:18:29.441   241   244 I YLOG    : logmon::0.000 0-0-0-0 t:2130820 c:0 ts:0k 0.000[1,2130821,2130820,19124][0] 
05-14 17:18:29.627   241   690 W YLOG    : [05-14 17:18:29.627] ylog<info> get_context()->enable_rename is 1
05-14 17:18:30.302   241   253 W YLOG    : [05-14 17:18:30.302] ylog<critical> android cacheline write wrong 2735 -> 841
05-14 17:18:31.442   241   244 I YLOG    : logmon::0.000 0-0-0-0 t:2130829 c:0 ts:0k 0.000[0,2130829,2130829,19132][0] 
05-14 17:18:32.304   241   253 W YLOG    : [05-14 17:18:32.304] ylog<critical> android cacheline write wrong 630 -> 376
05-14 17:18:33.442   241   244 I YLOG    : logmon::0.000 0-0-0-0 t:2130835 c:0 ts:0k 0.000[1,2130836,2130835,19140][0] 
05-14 17:18:34.305   241   253 W YLOG    : [05-14 17:18:34.305] ylog<critical> android cacheline write wrong 657 -> 386
05-14 17:18:34.711   241   690 W YLOG    : [05-14 17:18:34.711] ylog<info> get_context()->enable_rename is 1
05-14 17:18:35.443   241   244 I YLOG    : logmon::0.000 0-0-0-0 t:2130844 c:0 ts:0k 0.000[0,2130844,2130844,19148][0] 
05-14 17:18:35.560   979   979 D PowerUI : buckets   .....20 .. 15 .. 10
05-14 17:18:35.560   979   979 D PowerUI : level          80 --> 80
05-14 17:18:35.561   979   979 D PowerUI : status         3 --> 3
05-14 17:18:35.561   979   979 D PowerUI : plugType       0 --> 0
05-14 17:18:35.561   979   979 D PowerUI : invalidCharger 0 --> 0
05-14 17:18:35.561   979   979 D PowerUI : bucket         1 --> 1
05-14 17:18:35.561   979   979 D PowerUI : plugged        false --> false
05-14 17:18:35.561   979   979 D PowerUI : health         2 --> 2
05-14 17:18:35.565   681  1162 I chatty  : uid=1000(system) PowerController expire 35 lines
05-14 17:18:36.308   241   253 W YLOG    : [05-14 17:18:36.307] ylog<critical> android cacheline write wrong 5159 -> 1413
05-14 17:18:37.443   241   244 I YLOG    : logmon::0.000 0-0-0-0 t:2130888 c:0 ts:0k 0.000[2,2130890,2130888,19156][0] 
05-14 17:18:38.309   241   253 W YLOG    : [05-14 17:18:38.309] ylog<critical> android cacheline write wrong 731 -> 401
05-14 17:18:39.444   241   244 I YLOG    : logmon::0.000 0-0-0-0 t:2130894 c:0 ts:0k 0.000[5,2130899,2130894,19164][0] 
05-14 17:18:39.794   241   690 W YLOG    : [05-14 17:18:39.793] ylog<info> get_context()->enable_rename is 1
05-14 17:18:40.311   241   253 W YLOG    : [05-14 17:18:40.311] ylog<critical> android cacheline write wrong 912 -> 491
05-14 17:18:40.354   241   246 W YLOG    : [05-14 17:18:40.354] ylog<info> APF  delete_oldest_log_data:/storage/emulated/0 ap_path:/storage/emulated/0/ylog/ap/
05-14 17:18:40.439   241   246 W YLOG    : [05-14 17:18:40.439] ylog<error> access /storage/emulated/0/ylog/ap//SYSDUMP get_subfold_size No such file or directory
05-14 17:18:40.439   241   246 W YLOG    : [05-14 17:18:40.439] ylog<error> access /storage/emulated/0/ylog/ap//logbuffer get_subfold_size No such file or directory
05-14 17:18:40.439   241   246 W YLOG    : [05-14 17:18:40.439] ylog<error> access /storage/emulated/0/ylog/ap//phonedata get_subfold_size No such file or directory
05-14 17:18:40.439   241   246 W YLOG    : [05-14 17:18:40.439] ylog<info> AFM  rotatelog?(0)   tot:4096 used:93 free:4003 threshold:80 diskfree:11711 no_quota:1  root:/storage/emulated/0  ap:/storage/emulated/0/ylog/ap/  caller:limit_monitor
05-14 17:18:40.519   241   246 W YLOG    : [05-14 17:18:40.519] ylog<error> access /storage/emulated/0/ylog/ap//SYSDUMP get_subfold_size No such file or directory
05-14 17:18:40.519   241   246 W YLOG    : [05-14 17:18:40.519] ylog<error> access /storage/emulated/0/ylog/ap//logbuffer get_subfold_size No such file or directory
05-14 17:18:40.519   241   246 W YLOG    : [05-14 17:18:40.519] ylog<error> access /storage/emulated/0/ylog/ap//phonedata get_subfold_size No such file or directory
05-14 17:18:40.519   241   246 W YLOG    : [05-14 17:18:40.519] ylog<info> APF  check_quoto_mode:/storage/emulated/0 ap_path:/storage/emulated/0/ylog/ap/
05-14 17:18:41.446   241   244 I YLOG    : logmon::0.000 0-0-0-0 t:2130944 c:0 ts:0k 0.000[0,2130944,2130944,19172][0] 
05-14 17:18:42.314   241   253 W YLOG    : [05-14 17:18:42.314] ylog<critical> android cacheline write wrong 6457 -> 1812
05-14 17:18:43.447   241   244 I YLOG    : logmon::0.000 0-0-0-0 t:2130951 c:0 ts:0k 0.000[0,2130951,2130951,19180][0] 
05-14 17:18:44.316   241   253 W YLOG    : [05-14 17:18:44.316] ylog<critical> android cacheline write wrong 731 -> 394
05-14 17:18:44.877   241   690 W YLOG    : [05-14 17:18:44.877] ylog<info> get_context()->enable_rename is 1
05-14 17:18:45.447   241   244 I YLOG    : logmon::0.000 0-0-0-0 t:2130957 c:0 ts:0k 0.000[1,2130958,2130957,19188][0] 
05-14 17:18:46.318   241   253 W YLOG    : [05-14 17:18:46.318] ylog<critical> android cacheline write wrong 637 -> 378
05-14 17:18:47.448   241   244 I YLOG    : logmon::0.000 0-0-0-0 t:2130962 c:0 ts:0k 0.000[1,2130963,2130962,19196][0] 
05-14 17:18:48.320   241   253 W YLOG    : [05-14 17:18:48.319] ylog<critical> android cacheline write wrong 657 -> 387
05-14 17:18:49.449   241   244 I YLOG    : logmon::0.000 0-0-0-0 t:2130968 c:0 ts:0k 0.000[0,2130968,2130968,19204][0] 
05-14 17:18:49.953   241   690 W YLOG    : [05-14 17:18:49.952] ylog<info> get_context()->enable_rename is 1
05-14 17:18:50.321   241   253 W YLOG    : [05-14 17:18:50.321] ylog<critical> android cacheline write wrong 592 -> 342
05-14 17:18:50.604   979   979 D PowerUI : buckets   .....20 .. 15 .. 10
05-14 17:18:50.604   979   979 D PowerUI : level          80 --> 80
05-14 17:18:50.604   979   979 D PowerUI : status         3 --> 3
05-14 17:18:50.604   979   979 D PowerUI : plugType       0 --> 0
05-14 17:18:50.604   979   979 D PowerUI : invalidCharger 0 --> 0
05-14 17:18:50.604   979   979 D PowerUI : bucket         1 --> 1
05-14 17:18:50.604   979   979 D PowerUI : plugged        false --> false
05-14 17:18:50.604   979   979 D PowerUI : health         2 --> 2
05-14 17:18:50.610   681  1162 I chatty  : uid=1000(system) PowerController expire 37 lines
05-14 17:18:51.450   241   244 I YLOG    : logmon::0.000 0-0-0-0 t:2131014 c:0 ts:0k 0.000[1,2131015,2131014,19212][0] 
05-14 17:18:52.324   241   253 W YLOG    : [05-14 17:18:52.324] ylog<critical> android cacheline write wrong 4828 -> 1362
05-14 17:18:52.520   241   246 W YLOG    : [05-14 17:18:52.520] ylog<info> APF  delete_oldest_log_data:/storage/emulated/0 ap_path:/storage/emulated/0/ylog/ap/
05-14 17:18:52.610   241   246 W YLOG    : [05-14 17:18:52.610] ylog<error> access /storage/emulated/0/ylog/ap//SYSDUMP get_subfold_size No such file or directory
05-14 17:18:52.610   241   246 W YLOG    : [05-14 17:18:52.610] ylog<error> access /storage/emulated/0/ylog/ap//logbuffer get_subfold_size No such file or directory
05-14 17:18:52.610   241   246 W YLOG    : [05-14 17:18:52.610] ylog<error> access /storage/emulated/0/ylog/ap//phonedata get_subfold_size No such file or directory
05-14 17:18:52.610   241   246 W YLOG    : [05-14 17:18:52.610] ylog<info> AFM  rotatelog?(0)   tot:4096 used:93 free:4003 threshold:80 diskfree:11711 no_quota:1  root:/storage/emulated/0  ap:/storage/emulated/0/ylog/ap/  caller:limit_monitor
05-14 17:18:52.687   241   246 W YLOG    : [05-14 17:18:52.687] ylog<error> access /storage/emulated/0/ylog/ap//SYSDUMP get_subfold_size No such file or directory
05-14 17:18:52.687   241   246 W YLOG    : [05-14 17:18:52.687] ylog<error> access /storage/emulated/0/ylog/ap//logbuffer get_subfold_size No such file or directory
05-14 17:18:52.688   241   246 W YLOG    : [05-14 17:18:52.688] ylog<error> access /storage/emulated/0/ylog/ap//phonedata get_subfold_size No such file or directory
05-14 17:18:52.688   241   246 W YLOG    : [05-14 17:18:52.688] ylog<info> APF  check_quoto_mode:/storage/emulated/0 ap_path:/storage/emulated/0/ylog/ap/
05-14 17:18:53.450   241   244 I YLOG    : logmon::0.000 0-0-0-0 t:2131034 c:0 ts:0k 0.000[0,2131034,2131034,19220][0] 
05-14 17:18:54.326   241   253 W YLOG    : [05-14 17:18:54.326] ylog<critical> android cacheline write wrong 2764 -> 795
05-14 17:18:55.043   241   690 W YLOG    : [05-14 17:18:55.043] ylog<info> get_context()->enable_rename is 1
05-14 17:18:55.450   241   244 I YLOG    : logmon::0.000 0-0-0-0 t:2131039 c:0 ts:0k 0.000[5,2131044,2131039,19228][0] 
05-14 17:18:55.615   681   858 I chatty  : uid=1000(system) PowerGuruServic expire 5 lines
05-14 17:18:56.329   241   253 W YLOG    : [05-14 17:18:56.329] ylog<critical> android cacheline write wrong 4876 -> 1522
05-14 17:18:57.451   241   244 I YLOG    : logmon::0.000 0-0-0-0 t:2131079 c:0 ts:0k 0.000[1,2131080,2131079,19236][0] 
05-14 17:18:58.331   241   253 W YLOG    : [05-14 17:18:58.331] ylog<critical> android cacheline write wrong 1344 -> 617
05-14 17:18:59.452   241   244 I YLOG    : logmon::0.000 0-0-0-0 t:2131086 c:0 ts:0k 0.000[0,2131086,2131086,19244][0] 
05-14 17:19:00.123   241   690 W YLOG    : [05-14 17:19:00.122] ylog<info> get_context()->enable_rename is 1
05-14 17:19:00.332   241   253 W YLOG    : [05-14 17:19:00.332] ylog<critical> android cacheline write wrong 521 -> 329
05-14 17:19:01.452   241   244 I YLOG    : logmon::0.000 0-0-0-0 t:2131094 c:0 ts:0k 0.000[0,2131094,2131094,19252][0] 
05-14 17:19:02.334   241   253 W YLOG    : [05-14 17:19:02.334] ylog<critical> android cacheline write wrong 868 -> 435
05-14 17:19:03.453   241   244 I YLOG    : logmon::0.000 0-0-0-0 t:2131100 c:0 ts:0k 0.000[1,2131101,2131100,19260][0] 
05-14 17:19:04.336   241   253 W YLOG    : [05-14 17:19:04.336] ylog<critical> android cacheline write wrong 657 -> 385
05-14 17:19:04.689   241   246 W YLOG    : [05-14 17:19:04.688] ylog<info> APF  delete_oldest_log_data:/storage/emulated/0 ap_path:/storage/emulated/0/ylog/ap/
05-14 17:19:04.773   241   246 W YLOG    : [05-14 17:19:04.773] ylog<error> access /storage/emulated/0/ylog/ap//SYSDUMP get_subfold_size No such file or directory
05-14 17:19:04.774   241   246 W YLOG    : [05-14 17:19:04.774] ylog<error> access /storage/emulated/0/ylog/ap//logbuffer get_subfold_size No such file or directory
05-14 17:19:04.774   241   246 W YLOG    : [05-14 17:19:04.774] ylog<error> access /storage/emulated/0/ylog/ap//phonedata get_subfold_size No such file or directory
05-14 17:19:04.774   241   246 W YLOG    : [05-14 17:19:04.774] ylog<info> AFM  rotatelog?(0)   tot:4096 used:93 free:4003 threshold:80 diskfree:11708 no_quota:1  root:/storage/emulated/0  ap:/storage/emulated/0/ylog/ap/  caller:limit_monitor
05-14 17:19:04.851   241   246 W YLOG    : [05-14 17:19:04.851] ylog<error> access /storage/emulated/0/ylog/ap//SYSDUMP get_subfold_size No such file or directory
05-14 17:19:04.851   241   246 W YLOG    : [05-14 17:19:04.851] ylog<error> access /storage/emulated/0/ylog/ap//logbuffer get_subfold_size No such file or directory
05-14 17:19:04.851   241   246 W YLOG    : [05-14 17:19:04.851] ylog<error> access /storage/emulated/0/ylog/ap//phonedata get_subfold_size No such file or directory
05-14 17:19:04.852   241   246 W YLOG    : [05-14 17:19:04.851] ylog<info> APF  check_quoto_mode:/storage/emulated/0 ap_path:/storage/emulated/0/ylog/ap/
05-14 17:19:05.203   241   690 W YLOG    : [05-14 17:19:05.203] ylog<info> get_context()->enable_rename is 1
05-14 17:19:05.453   241   244 I YLOG    : logmon::0.000 0-0-0-0 t:2131118 c:0 ts:0k 0.000[4,2131122,2131118,19268][0] 
05-14 17:19:05.648   681  1162 I chatty  : uid=1000(system) PowerController expire 35 lines
05-14 17:19:05.649   979   979 D PowerUI : buckets   .....20 .. 15 .. 10
05-14 17:19:05.649   979   979 D PowerUI : level          80 --> 80
05-14 17:19:05.649   979   979 D PowerUI : status         3 --> 3
05-14 17:19:05.649   979   979 D PowerUI : plugType       0 --> 0
05-14 17:19:05.649   979   979 D PowerUI : invalidCharger 0 --> 0
05-14 17:19:05.649   979   979 D PowerUI : bucket         1 --> 1
05-14 17:19:05.649   979   979 D PowerUI : plugged        false --> false
05-14 17:19:05.649   979   979 D PowerUI : health         2 --> 2
05-14 17:19:06.339   241   253 W YLOG    : [05-14 17:19:06.339] ylog<critical> android cacheline write wrong 7264 -> 1774
05-14 17:19:07.454   241   244 I YLOG    : logmon::0.000 0-0-0-0 t:2131166 c:0 ts:0k 0.000[0,2131166,2131166,19276][0] 
05-14 17:19:08.341   241   253 W YLOG    : [05-14 17:19:08.341] ylog<critical> android cacheline write wrong 731 -> 402
05-14 17:19:09.455   241   244 I YLOG    : logmon::0.000 0-0-0-0 t:2131172 c:0 ts:0k 0.000[1,2131173,2131172,19284][0] 
05-14 17:19:10.280   241   690 W YLOG    : [05-14 17:19:10.280] ylog<info> get_context()->enable_rename is 1
05-14 17:19:10.342   241   253 W YLOG    : [05-14 17:19:10.342] ylog<critical> android cacheline write wrong 520 -> 329
05-14 17:19:11.455   241   244 I YLOG    : logmon::0.000 0-0-0-0 t:2131208 c:0 ts:0k 0.000[0,2131208,2131208,19292][0] 
05-14 17:19:12.345   241   253 W YLOG    : [05-14 17:19:12.345] ylog<critical> android cacheline write wrong 4592 -> 1452
05-14 17:19:13.455   241   244 I YLOG    : logmon::0.000 0-0-0-0 t:2131214 c:0 ts:0k 0.000[0,2131214,2131214,19300][0] 
05-14 17:19:14.347   241   253 W YLOG    : [05-14 17:19:14.347] ylog<critical> android cacheline write wrong 731 -> 399
05-14 17:19:14.905   241   270 W YLOG    : [05-14 17:19:14.905] ylog<error> sys_info poll failed: 120000 No such file or directory
05-14 17:19:15.366   241   690 W YLOG    : [05-14 17:19:15.366] ylog<info> get_context()->enable_rename is 1
05-14 17:19:15.456   241   244 I YLOG    : logmon::0.000 0-0-0-0 t:2131221 c:0 ts:0k 0.000[0,2131221,2131221,19308][0] 
05-14 17:19:16.349   241   253 W YLOG    : [05-14 17:19:16.348] ylog<critical> android cacheline write wrong 776 -> 430
05-14 17:19:16.852   241   246 W YLOG    : [05-14 17:19:16.852] ylog<info> APF  delete_oldest_log_data:/storage/emulated/0 ap_path:/storage/emulated/0/ylog/ap/
05-14 17:19:16.919   241   246 W YLOG    : [05-14 17:19:16.919] ylog<error> access /storage/emulated/0/ylog/ap//SYSDUMP get_subfold_size No such file or directory
05-14 17:19:16.919   241   246 W YLOG    : [05-14 17:19:16.919] ylog<error> access /storage/emulated/0/ylog/ap//logbuffer get_subfold_size No such file or directory
05-14 17:19:16.919   241   246 W YLOG    : [05-14 17:19:16.919] ylog<error> access /storage/emulated/0/ylog/ap//phonedata get_subfold_size No such file or directory
05-14 17:19:16.919   241   246 W YLOG    : [05-14 17:19:16.919] ylog<info> AFM  rotatelog?(0)   tot:4096 used:93 free:4003 threshold:80 diskfree:11708 no_quota:1  root:/storage/emulated/0  ap:/storage/emulated/0/ylog/ap/  caller:limit_monitor
05-14 17:19:16.979   241   246 W YLOG    : [05-14 17:19:16.979] ylog<error> access /storage/emulated/0/ylog/ap//SYSDUMP get_subfold_size No such file or directory
05-14 17:19:16.979   241   246 W YLOG    : [05-14 17:19:16.979] ylog<error> access /storage/emulated/0/ylog/ap//logbuffer get_subfold_size No such file or directory
05-14 17:19:16.979   241   246 W YLOG    : [05-14 17:19:16.979] ylog<error> access /storage/emulated/0/ylog/ap//phonedata get_subfold_size No such file or directory
05-14 17:19:16.980   241   246 W YLOG    : [05-14 17:19:16.980] ylog<info> APF  check_quoto_mode:/storage/emulated/0 ap_path:/storage/emulated/0/ylog/ap/
05-14 17:19:17.456   241   244 I YLOG    : logmon::0.000 0-0-0-0 t:2131238 c:0 ts:0k 0.000[0,2131238,2131238,19316][0] 
05-14 17:19:18.350   241   253 W YLOG    : [05-14 17:19:18.350] ylog<critical> android cacheline write wrong 2784 -> 734
05-14 17:19:19.457   241   244 I YLOG    : logmon::0.000 0-0-0-0 t:2131247 c:0 ts:0k 0.000[0,2131247,2131247,19324][0] 
05-14 17:19:20.352   241   253 W YLOG    : [05-14 17:19:20.352] ylog<critical> android cacheline write wrong 816 -> 442
05-14 17:19:20.454   241   690 W YLOG    : [05-14 17:19:20.454] ylog<info> get_context()->enable_rename is 1
05-14 17:19:20.676   681   681 I chatty  : uid=1000 system_server expire 4 lines
05-14 17:19:20.679   681   758 I chatty  : uid=1000(system) ActivityManager expire 3 lines
05-14 17:19:20.684   979   979 D PowerUI : buckets   .....20 .. 15 .. 10
05-14 17:19:20.684   979   979 D PowerUI : level          80 --> 80
05-14 17:19:20.684   979   979 D PowerUI : status         3 --> 3
05-14 17:19:20.684   979   979 D PowerUI : plugType       0 --> 0
05-14 17:19:20.684   979   979 D PowerUI : invalidCharger 0 --> 0
05-14 17:19:20.684   979   979 D PowerUI : bucket         1 --> 1
05-14 17:19:20.684   979   979 D PowerUI : plugged        false --> false
05-14 17:19:20.684   979   979 D PowerUI : health         2 --> 2
05-14 17:19:20.700   681   858 I chatty  : uid=1000(system) PowerGuruServic expire 10 lines
05-14 17:19:20.701   681  1162 I chatty  : uid=1000(system) PowerController expire 37 lines
05-14 17:19:21.457   241   244 I YLOG    : logmon::0.000 0-0-0-0 t:2131296 c:0 ts:0k 0.000[0,2131296,2131296,19332][0] 
05-14 17:19:22.355   241   253 W YLOG    : [05-14 17:19:22.355] ylog<critical> android cacheline write wrong 5073 -> 1385
05-14 17:19:23.457   241   244 I YLOG    : logmon::0.000 0-0-0-0 t:2131302 c:0 ts:0k 0.000[0,2131302,2131302,19340][0] 
05-14 17:19:24.356   241   253 W YLOG    : [05-14 17:19:24.356] ylog<critical> android cacheline write wrong 659 -> 383
05-14 17:19:25.458   241   244 I YLOG    : logmon::0.000 0-0-0-0 t:2131307 c:0 ts:0k 0.000[2,2131309,2131307,19348][0] 
05-14 17:19:25.541   241   690 W YLOG    : [05-14 17:19:25.541] ylog<info> get_context()->enable_rename is 1
05-14 17:19:26.358   241   253 W YLOG    : [05-14 17:19:26.358] ylog<critical> android cacheline write wrong 4875 -> 1528
05-14 17:19:27.458   241   244 I YLOG    : logmon::0.000 0-0-0-0 t:2131342 c:0 ts:0k 0.000[1,2131343,2131342,19356][0] 
05-14 17:19:28.099   681   757 I chatty  : uid=1000(system) android.bg expire 1 line
05-14 17:19:28.360   241   253 W YLOG    : [05-14 17:19:28.360] ylog<critical> android cacheline write wrong 436 -> 297
05-14 17:19:28.980   241   246 W YLOG    : [05-14 17:19:28.980] ylog<info> APF  delete_oldest_log_data:/storage/emulated/0 ap_path:/storage/emulated/0/ylog/ap/
05-14 17:19:29.062   241   246 W YLOG    : [05-14 17:19:29.062] ylog<error> access /storage/emulated/0/ylog/ap//SYSDUMP get_subfold_size No such file or directory
05-14 17:19:29.063   241   246 W YLOG    : [05-14 17:19:29.063] ylog<error> access /storage/emulated/0/ylog/ap//logbuffer get_subfold_size No such file or directory
05-14 17:19:29.063   241   246 W YLOG    : [05-14 17:19:29.063] ylog<error> access /storage/emulated/0/ylog/ap//phonedata get_subfold_size No such file or directory
05-14 17:19:29.063   241   246 W YLOG    : [05-14 17:19:29.063] ylog<info> AFM  rotatelog?(0)   tot:4096 used:94 free:4002 threshold:80 diskfree:11707 no_quota:1  root:/storage/emulated/0  ap:/storage/emulated/0/ylog/ap/  caller:limit_monitor
05-14 17:19:29.132   241   246 W YLOG    : [05-14 17:19:29.132] ylog<error> access /storage/emulated/0/ylog/ap//SYSDUMP get_subfold_size No such file or directory
05-14 17:19:29.132   241   246 W YLOG    : [05-14 17:19:29.132] ylog<error> access /storage/emulated/0/ylog/ap//logbuffer get_subfold_size No such file or directory
05-14 17:19:29.132   241   246 W YLOG    : [05-14 17:19:29.132] ylog<error> access /storage/emulated/0/ylog/ap//phonedata get_subfold_size No such file or directory
05-14 17:19:29.132   241   246 W YLOG    : [05-14 17:19:29.132] ylog<info> APF  check_quoto_mode:/storage/emulated/0 ap_path:/storage/emulated/0/ylog/ap/
05-14 17:19:29.459   241   244 I YLOG    : logmon::0.000 0-0-0-0 t:2131350 c:0 ts:0k 0.000[11,2131361,2131350,19363][0] 
05-14 17:19:30.362   241   253 W YLOG    : [05-14 17:19:30.362] ylog<critical> android cacheline write wrong 2701 -> 862
05-14 17:19:30.619   241   690 W YLOG    : [05-14 17:19:30.619] ylog<info> get_context()->enable_rename is 1
05-14 17:19:31.459   241   244 I YLOG    : logmon::0.000 0-0-0-0 t:2131367 c:0 ts:0k 0.000[0,2131367,2131367,19371][0] 
05-14 17:19:32.364   241   253 W YLOG    : [05-14 17:19:32.364] ylog<critical> android cacheline write wrong 624 -> 354
05-14 17:19:33.460   241   244 I YLOG    : logmon::0.000 0-0-0-0 t:2131371 c:0 ts:0k 0.000[3,2131374,2131371,19379][0] 
05-14 17:19:34.366   241   253 W YLOG    : [05-14 17:19:34.366] ylog<critical> android cacheline write wrong 657 -> 388
05-14 17:19:35.461   241   244 I YLOG    : logmon::0.000 0-0-0-0 t:2131379 c:0 ts:0k 0.000[0,2131379,2131379,19387][0] 
05-14 17:19:35.712   681   761 I chatty  : uid=1000(system) batterystats-wo expire 5 lines
05-14 17:19:35.713   241   690 W YLOG    : [05-14 17:19:35.712] ylog<info> get_context()->enable_rename is 1
05-14 17:19:35.716   681  1162 I chatty  : uid=1000(system) PowerController expire 35 lines
05-14 17:19:35.720   979   979 D PowerUI : buckets   .....20 .. 15 .. 10
05-14 17:19:35.720   979   979 D PowerUI : level          80 --> 79
05-14 17:19:35.720   979   979 D PowerUI : status         3 --> 3
05-14 17:19:35.720   979   979 D PowerUI : plugType       0 --> 0
05-14 17:19:35.720   979   979 D PowerUI : invalidCharger 0 --> 0
05-14 17:19:35.720   979   979 D PowerUI : bucket         1 --> 1
05-14 17:19:35.720   979   979 D PowerUI : plugged        false --> false
05-14 17:19:35.720   979   979 D PowerUI : health         2 --> 2
05-14 17:19:35.735   681   706 I chatty  : uid=1000(system) Binder:681_2 expire 4 lines
05-14 17:19:36.369   241   253 W YLOG    : [05-14 17:19:36.369] ylog<critical> android cacheline write wrong 8976 -> 2553
05-14 17:19:37.461   241   244 I YLOG    : logmon::0.000 0-0-0-0 t:2131462 c:0 ts:0k 0.000[4,2131466,2131462,19395][0] 
05-14 17:19:38.371   241   253 W YLOG    : [05-14 17:19:38.371] ylog<critical> android cacheline write wrong 1233 -> 551
05-14 17:19:39.462   241   244 I YLOG    : logmon::0.000 0-0-0-0 t:2131472 c:0 ts:0k 0.000[1,2131473,2131472,19403][0] 
05-14 17:19:40.373   241   253 W YLOG    : [05-14 17:19:40.373] ylog<critical> android cacheline write wrong 744 -> 424
05-14 17:19:40.839   241   690 W YLOG    : [05-14 17:19:40.839] ylog<info> get_context()->enable_rename is 1
05-14 17:19:41.133   241   246 W YLOG    : [05-14 17:19:41.133] ylog<info> APF  delete_oldest_log_data:/storage/emulated/0 ap_path:/storage/emulated/0/ylog/ap/
05-14 17:19:41.220   241   246 W YLOG    : [05-14 17:19:41.220] ylog<error> access /storage/emulated/0/ylog/ap//SYSDUMP get_subfold_size No such file or directory
05-14 17:19:41.220   241   246 W YLOG    : [05-14 17:19:41.220] ylog<error> access /storage/emulated/0/ylog/ap//logbuffer get_subfold_size No such file or directory
05-14 17:19:41.220   241   246 W YLOG    : [05-14 17:19:41.220] ylog<error> access /storage/emulated/0/ylog/ap//phonedata get_subfold_size No such file or directory
05-14 17:19:41.220   241   246 W YLOG    : [05-14 17:19:41.220] ylog<info> AFM  rotatelog?(0)   tot:4096 used:94 free:4002 threshold:80 diskfree:11707 no_quota:1  root:/storage/emulated/0  ap:/storage/emulated/0/ylog/ap/  caller:limit_monitor
05-14 17:19:41.282   241   246 W YLOG    : [05-14 17:19:41.282] ylog<error> access /storage/emulated/0/ylog/ap//SYSDUMP get_subfold_size No such file or directory
05-14 17:19:41.282   241   246 W YLOG    : [05-14 17:19:41.282] ylog<error> access /storage/emulated/0/ylog/ap//logbuffer get_subfold_size No such file or directory
05-14 17:19:41.282   241   246 W YLOG    : [05-14 17:19:41.282] ylog<error> access /storage/emulated/0/ylog/ap//phonedata get_subfold_size No such file or directory
05-14 17:19:41.282   241   246 W YLOG    : [05-14 17:19:41.282] ylog<info> APF  check_quoto_mode:/storage/emulated/0 ap_path:/storage/emulated/0/ylog/ap/
05-14 17:19:41.463   241   244 I YLOG    : logmon::0.000 0-0-0-0 t:2131506 c:0 ts:0k 0.000[13,2131519,2131506,19411][0] 
05-14 17:19:42.376   241   253 W YLOG    : [05-14 17:19:42.376] ylog<critical> android cacheline write wrong 6836 -> 1768
05-14 17:19:43.464   241   244 I YLOG    : logmon::0.000 0-0-0-0 t:2131529 c:0 ts:0k 0.000[0,2131529,2131529,19419][0] 
05-14 17:19:44.378   241   253 W YLOG    : [05-14 17:19:44.378] ylog<critical> android cacheline write wrong 1012 -> 516
05-14 17:19:45.465   241   244 I YLOG    : logmon::0.000 0-0-0-0 t:2131536 c:0 ts:0k 0.000[1,2131537,2131536,19427][0] 
05-14 17:19:45.919   241   690 W YLOG    : [05-14 17:19:45.919] ylog<info> get_context()->enable_rename is 1
05-14 17:19:46.380   241   253 W YLOG    : [05-14 17:19:46.380] ylog<critical> android cacheline write wrong 521 -> 332
05-14 17:19:47.465   241   244 I YLOG    : logmon::0.000 0-0-0-0 t:2131544 c:0 ts:0k 0.000[0,2131544,2131544,19435][0] 
05-14 17:19:48.382   241   253 W YLOG    : [05-14 17:19:48.382] ylog<critical> android cacheline write wrong 796 -> 427
05-14 17:19:49.466   241   244 I YLOG    : logmon::0.000 0-0-0-0 t:2131550 c:0 ts:0k 0.000[0,2131550,2131550,19443][0] 
05-14 17:19:50.384   241   253 W YLOG    : [05-14 17:19:50.383] ylog<critical> android cacheline write wrong 815 -> 435
05-14 17:19:51.002   241   690 W YLOG    : [05-14 17:19:51.002] ylog<info> get_context()->enable_rename is 1
05-14 17:19:51.467   241   244 I YLOG    : logmon::0.000 0-0-0-0 t:2131555 c:0 ts:0k 0.000[2,2131557,2131555,19451][0] 
05-14 17:19:52.385   241   253 W YLOG    : [05-14 17:19:52.385] ylog<critical> android cacheline write wrong 551 -> 343
05-14 17:19:53.283   241   246 W YLOG    : [05-14 17:19:53.283] ylog<info> APF  delete_oldest_log_data:/storage/emulated/0 ap_path:/storage/emulated/0/ylog/ap/
05-14 17:19:53.369   241   246 W YLOG    : [05-14 17:19:53.369] ylog<error> access /storage/emulated/0/ylog/ap//SYSDUMP get_subfold_size No such file or directory
05-14 17:19:53.370   241   246 W YLOG    : [05-14 17:19:53.370] ylog<error> access /storage/emulated/0/ylog/ap//logbuffer get_subfold_size No such file or directory
05-14 17:19:53.370   241   246 W YLOG    : [05-14 17:19:53.370] ylog<error> access /storage/emulated/0/ylog/ap//phonedata get_subfold_size No such file or directory
05-14 17:19:53.370   241   246 W YLOG    : [05-14 17:19:53.370] ylog<info> AFM  rotatelog?(0)   tot:4096 used:94 free:4002 threshold:80 diskfree:11707 no_quota:1  root:/storage/emulated/0  ap:/storage/emulated/0/ylog/ap/  caller:limit_monitor
05-14 17:19:53.442   241   246 W YLOG    : [05-14 17:19:53.442] ylog<error> access /storage/emulated/0/ylog/ap//SYSDUMP get_subfold_size No such file or directory
05-14 17:19:53.442   241   246 W YLOG    : [05-14 17:19:53.442] ylog<error> access /storage/emulated/0/ylog/ap//logbuffer get_subfold_size No such file or directory
05-14 17:19:53.443   241   246 W YLOG    : [05-14 17:19:53.443] ylog<error> access /storage/emulated/0/ylog/ap//phonedata get_subfold_size No such file or directory
05-14 17:19:53.443   241   246 W YLOG    : [05-14 17:19:53.443] ylog<info> APF  check_quoto_mode:/storage/emulated/0 ap_path:/storage/emulated/0/ylog/ap/
05-14 17:19:53.467   241   244 I YLOG    : logmon::0.000 0-0-0-0 t:2131561 c:0 ts:0k 0.000[1,2131562,2131561,19459][0] 
05-14 17:19:54.388   241   253 W YLOG    : [05-14 17:19:54.388] ylog<critical> android cacheline write wrong 2762 -> 808
05-14 17:19:55.146   681  1162 I chatty  : uid=1000(system) PowerController expire 8 lines
05-14 17:19:55.468   241   244 I YLOG    : logmon::0.000 0-0-0-0 t:2131581 c:0 ts:0k 0.000[2,2131583,2131581,19467][0] 
05-14 17:19:56.090   241   690 W YLOG    : [05-14 17:19:56.090] ylog<info> get_context()->enable_rename is 1
05-14 17:19:56.390   241   253 W YLOG    : [05-14 17:19:56.389] ylog<critical> android cacheline write wrong 825 -> 458
05-14 17:19:57.469   241   244 I YLOG    : logmon::0.000 0-0-0-0 t:2131590 c:0 ts:0k 0.000[1,2131591,2131590,19475][0] 
05-14 17:19:58.391   241   253 W YLOG    : [05-14 17:19:58.391] ylog<critical> android cacheline write wrong 796 -> 427
05-14 17:19:59.469   241   244 I YLOG    : logmon::0.000 0-0-0-0 t:2131597 c:0 ts:0k 0.000[0,2131597,2131597,19483][0] 
05-14 17:20:00.001   681   859 I chatty  : uid=1000(system) AlarmManager expire 9 lines
05-14 17:20:00.023   681   759 I chatty  : uid=1000(system) android.ui expire 1 line
05-14 17:20:00.029   681  1162 I chatty  : uid=1000(system) PowerController expire 5 lines
05-14 17:20:00.042   681   681 I chatty  : uid=1000 system_server expire 1 line
05-14 17:20:00.046   681  1162 I chatty  : uid=1000(system) PowerController expire 7 lines
05-14 17:20:00.087   681   681 I chatty  : uid=1000 system_server expire 2 lines
05-14 17:20:00.088   681   706 I chatty  : uid=1000(system) Binder:681_2 expire 1 line
05-14 17:20:00.120   681  1162 I chatty  : uid=1000(system) PowerController expire 73 lines
05-14 17:20:00.135   681   858 I chatty  : uid=1000(system) PowerGuruServic expire 10 lines
05-14 17:20:00.174   681  1164 I chatty  : uid=1000(system) ntroller.RecogA expire 2 lines
05-14 17:20:00.393   241   253 W YLOG    : [05-14 17:20:00.393] ylog<critical> android cacheline write wrong 743 -> 426
05-14 17:20:01.179   241   690 W YLOG    : [05-14 17:20:01.179] ylog<info> get_context()->enable_rename is 1
05-14 17:20:01.470   241   244 I YLOG    : logmon::0.000 0-0-0-0 t:2131774 c:0 ts:0k 0.000[12,2131786,2131774,19491][0] 
05-14 17:20:02.398   241   253 W YLOG    : [05-14 17:20:02.398] ylog<critical> android cacheline write wrong 24805 -> 4186
05-14 17:20:03.470   241   244 I YLOG    : logmon::0.000 0-0-0-0 t:2131790 c:0 ts:0k 0.000[1,2131791,2131790,19499][0] 
05-14 17:20:04.400   241   253 W YLOG    : [05-14 17:20:04.400] ylog<critical> android cacheline write wrong 660 -> 389
05-14 17:20:05.030   681   758 I chatty  : uid=1000(system) ActivityManager expire 3 lines
05-14 17:20:05.443   241   246 W YLOG    : [05-14 17:20:05.443] ylog<info> APF  delete_oldest_log_data:/storage/emulated/0 ap_path:/storage/emulated/0/ylog/ap/
05-14 17:20:05.471   241   244 I YLOG    : logmon::0.000 0-0-0-0 t:2131798 c:0 ts:0k 0.000[5,2131803,2131798,19507][0] 
05-14 17:20:05.534   241   246 W YLOG    : [05-14 17:20:05.534] ylog<error> access /storage/emulated/0/ylog/ap//SYSDUMP get_subfold_size No such file or directory
05-14 17:20:05.534   241   246 W YLOG    : [05-14 17:20:05.534] ylog<error> access /storage/emulated/0/ylog/ap//logbuffer get_subfold_size No such file or directory
05-14 17:20:05.534   241   246 W YLOG    : [05-14 17:20:05.534] ylog<error> access /storage/emulated/0/ylog/ap//phonedata get_subfold_size No such file or directory
05-14 17:20:05.535   241   246 W YLOG    : [05-14 17:20:05.535] ylog<info> AFM  rotatelog?(0)   tot:4096 used:94 free:4002 threshold:80 diskfree:11707 no_quota:1  root:/storage/emulated/0  ap:/storage/emulated/0/ylog/ap/  caller:limit_monitor
05-14 17:20:05.606   241   246 W YLOG    : [05-14 17:20:05.606] ylog<error> access /storage/emulated/0/ylog/ap//SYSDUMP get_subfold_size No such file or directory
05-14 17:20:05.606   241   246 W YLOG    : [05-14 17:20:05.606] ylog<error> access /storage/emulated/0/ylog/ap//logbuffer get_subfold_size No such file or directory
05-14 17:20:05.607   241   246 W YLOG    : [05-14 17:20:05.607] ylog<error> access /storage/emulated/0/ylog/ap//phonedata get_subfold_size No such file or directory
