05-14 17:14:34.921   979   979 D PowerUI : plugged        true --> true
05-14 17:14:34.921   979   979 D PowerUI : health         2 --> 2
05-14 17:14:35.358   241   244 I YLOG    : logmon::0.000 0-0-0-0 t:2119568 c:0 ts:21k 0.714[9,2119577,2119568,18192][0] 
05-14 17:14:36.114   681  1162 I chatty  : uid=1000(system) PowerController expire 53 lines
05-14 17:14:36.162   681  1164 I chatty  : uid=1000(system) ntroller.RecogA expire 17 lines
05-14 17:14:36.235   241   690 W YLOG    : [05-14 17:14:36.235] ylog<info> get_context()->enable_rename is 1
05-14 17:14:36.819   681  1042 I chatty  : uid=1000(system) Binder:681_5 expire 5 lines
05-14 17:14:36.821   681   706 I chatty  : uid=1000(system) Binder:681_2 expire 17 lines
05-14 17:14:37.359   241   244 I YLOG    : logmon::0.000 0-0-0-0 t:2119881 c:1 ts:16k 0.518[23,2119904,2119881,18200][0] 
05-14 17:14:37.370   241   246 W YLOG    : [05-14 17:14:37.370] ylog<info> APF  delete_oldest_log_data:/storage/emulated/0 ap_path:/storage/emulated/0/ylog/ap/
05-14 17:14:37.434   241   246 W YLOG    : [05-14 17:14:37.434] ylog<error> access /storage/emulated/0/ylog/ap//SYSDUMP get_subfold_size No such file or directory
05-14 17:14:37.435   241   246 W YLOG    : [05-14 17:14:37.435] ylog<error> access /storage/emulated/0/ylog/ap//logbuffer get_subfold_size No such file or directory
05-14 17:14:37.435   241   246 W YLOG    : [05-14 17:14:37.435] ylog<error> access /storage/emulated/0/ylog/ap//phonedata get_subfold_size No such file or directory
05-14 17:14:37.436   241   246 W YLOG    : [05-14 17:14:37.436] ylog<info> AFM  rotatelog?(0)   tot:4096 used:91 free:4005 threshold:80 diskfree:11723 no_quota:1  root:/storage/emulated/0  ap:/storage/emulated/0/ylog/ap/  caller:limit_monitor
05-14 17:14:37.493   681   759 I chatty  : uid=1000(system) android.ui expire 21 lines
05-14 17:14:37.504   241   246 W YLOG    : [05-14 17:14:37.504] ylog<error> access /storage/emulated/0/ylog/ap//SYSDUMP get_subfold_size No such file or directory
05-14 17:14:37.505   241   246 W YLOG    : [05-14 17:14:37.505] ylog<error> access /storage/emulated/0/ylog/ap//logbuffer get_subfold_size No such file or directory
05-14 17:14:37.505   241   246 W YLOG    : [05-14 17:14:37.505] ylog<error> access /storage/emulated/0/ylog/ap//phonedata get_subfold_size No such file or directory
05-14 17:14:37.505   241   246 W YLOG    : [05-14 17:14:37.505] ylog<info> APF  check_quoto_mode:/storage/emulated/0 ap_path:/storage/emulated/0/ylog/ap/
05-14 17:14:39.359   241   244 I YLOG    : logmon::0.000 0-0-0-0 t:2120029 c:0 ts:0k 0.000[53,2120082,2120029,18207][0] 
05-14 17:14:41.308   241   690 W YLOG    : [05-14 17:14:41.308] ylog<info> get_context()->enable_rename is 1
05-14 17:14:41.360   241   244 I YLOG    : logmon::0.000 0-0-0-0 t:2120219 c:0 ts:6k 0.731[153,2120372,2120219,18215][0] 
05-14 17:14:43.360   241   244 I YLOG    : logmon::0.000 0-0-0-0 t:2120437 c:0 ts:15k 0.626[50,2120487,2120437,18223][0] 
05-14 17:14:44.351   681   705 I chatty  : uid=1000(system) Binder:681_1 expire 12 lines
05-14 17:14:45.361   241   244 I YLOG    : logmon::0.000 0-0-0-0 t:2120703 c:0 ts:15k 0.643[167,2120870,2120703,18231][0] 
05-14 17:14:46.367   241   690 W YLOG    : [05-14 17:14:46.367] ylog<info> get_context()->enable_rename is 1
05-14 17:14:47.362   241   244 I YLOG    : logmon::0.000 0-0-0-0 t:2121016 c:0 ts:0k 0.000[37,2121053,2121016,18239][0] 
05-14 17:14:49.362   241   244 I YLOG    : logmon::0.000 0-0-0-0 t:2121272 c:0 ts:18k 0.658[39,2121311,2121272,18247][0] 
05-14 17:14:49.509   241   246 W YLOG    : [05-14 17:14:49.509] ylog<info> APF  delete_oldest_log_data:/storage/emulated/0 ap_path:/storage/emulated/0/ylog/ap/
05-14 17:14:49.592   241   246 W YLOG    : [05-14 17:14:49.592] ylog<error> access /storage/emulated/0/ylog/ap//SYSDUMP get_subfold_size No such file or directory
05-14 17:14:49.592   241   246 W YLOG    : [05-14 17:14:49.592] ylog<error> access /storage/emulated/0/ylog/ap//logbuffer get_subfold_size No such file or directory
05-14 17:14:49.593   241   246 W YLOG    : [05-14 17:14:49.593] ylog<error> access /storage/emulated/0/ylog/ap//phonedata get_subfold_size No such file or directory
05-14 17:14:49.593   241   246 W YLOG    : [05-14 17:14:49.593] ylog<info> AFM  rotatelog?(0)   tot:4096 used:91 free:4005 threshold:80 diskfree:11722 no_quota:1  root:/storage/emulated/0  ap:/storage/emulated/0/ylog/ap/  caller:limit_monitor
05-14 17:14:49.659   241   246 W YLOG    : [05-14 17:14:49.659] ylog<error> access /storage/emulated/0/ylog/ap//SYSDUMP get_subfold_size No such file or directory
05-14 17:14:49.659   241   246 W YLOG    : [05-14 17:14:49.659] ylog<error> access /storage/emulated/0/ylog/ap//logbuffer get_subfold_size No such file or directory
05-14 17:14:49.660   241   246 W YLOG    : [05-14 17:14:49.660] ylog<error> access /storage/emulated/0/ylog/ap//phonedata get_subfold_size No such file or directory
05-14 17:14:49.660   241   246 W YLOG    : [05-14 17:14:49.660] ylog<info> APF  check_quoto_mode:/storage/emulated/0 ap_path:/storage/emulated/0/ylog/ap/
05-14 17:14:51.363   241   244 I YLOG    : logmon::0.000 0-0-0-0 t:2121437 c:0 ts:0k 0.000[57,2121494,2121437,18255][0] 
05-14 17:14:51.430   241   690 W YLOG    : [05-14 17:14:51.430] ylog<info> get_context()->enable_rename is 1
05-14 17:14:51.926   241   253 I chatty  : uid=1000(system) /system/bin/ylog expire 10 lines
05-14 17:14:52.438   681   681 I chatty  : uid=1000 system_server expire 5 lines
05-14 17:14:52.440   681   858 I chatty  : uid=1000(system) PowerGuruServic expire 8 lines
05-14 17:14:52.442   681  1162 I chatty  : uid=1000(system) PowerController expire 49 lines
05-14 17:14:52.446   681   758 I chatty  : uid=1000(system) ActivityManager expire 2 lines
05-14 17:14:52.447   979   979 D PowerUI : buckets   .....20 .. 15 .. 10
05-14 17:14:52.448   979   979 D PowerUI : level          79 --> 79
05-14 17:14:52.448   979   979 D PowerUI : status         2 --> 2
05-14 17:14:52.448   979   979 D PowerUI : plugType       2 --> 2
05-14 17:14:52.448   979   979 D PowerUI : invalidCharger 0 --> 0
05-14 17:14:52.448   979   979 D PowerUI : bucket         1 --> 1
05-14 17:14:52.448   979   979 D PowerUI : plugged        true --> true
05-14 17:14:52.448   979   979 D PowerUI : health         2 --> 2
05-14 17:14:53.187   681   891 I chatty  : uid=1000(system) ConnectivitySer expire 27 lines
05-14 17:14:53.364   241   244 I YLOG    : logmon::0.000 0-0-0-0 t:2121687 c:0 ts:6k 0.356[31,2121718,2121687,18263][0] 
05-14 17:14:53.687   681  1060 I chatty  : uid=1000(system) Binder:681_6 expire 12 lines
05-14 17:14:54.433   681   759 I chatty  : uid=1000(system) android.ui expire 14 lines
05-14 17:14:55.365   241   244 I YLOG    : logmon::0.000 0-0-0-0 t:2122076 c:1 ts:22k 0.556[98,2122174,2122076,18271][0] 
05-14 17:14:56.496   241   690 W YLOG    : [05-14 17:14:56.496] ylog<info> get_context()->enable_rename is 1
05-14 17:14:57.368   241   244 I YLOG    : logmon::0.000 0-0-0-0 t:2122323 c:0 ts:0k 0.000[31,2122354,2122323,18279][0] 
05-14 17:14:57.658   681  1164 I chatty  : uid=1000(system) ntroller.RecogA expire 13 lines
05-14 17:14:59.368   241   244 I YLOG    : logmon::0.000 0-0-0-0 t:2122612 c:1 ts:26k 0.861[31,2122643,2122612,18287][0] 
05-14 17:15:00.001   681   859 I chatty  : uid=1000(system) AlarmManager expire 5 lines
05-14 17:15:00.033   681   706 I chatty  : uid=1000(system) Binder:681_2 expire 7 lines
05-14 17:15:01.371   241   244 I YLOG    : logmon::0.000 0-0-0-0 t:2122742 c:0 ts:0k 0.000[29,2122771,2122742,18295][0] 
05-14 17:15:01.571   241   690 W YLOG    : [05-14 17:15:01.571] ylog<info> get_context()->enable_rename is 1
05-14 17:15:01.660   241   246 W YLOG    : [05-14 17:15:01.660] ylog<info> APF  delete_oldest_log_data:/storage/emulated/0 ap_path:/storage/emulated/0/ylog/ap/
05-14 17:15:01.731   241   246 W YLOG    : [05-14 17:15:01.731] ylog<error> access /storage/emulated/0/ylog/ap//SYSDUMP get_subfold_size No such file or directory
05-14 17:15:01.731   241   246 W YLOG    : [05-14 17:15:01.731] ylog<error> access /storage/emulated/0/ylog/ap//logbuffer get_subfold_size No such file or directory
05-14 17:15:01.731   241   246 W YLOG    : [05-14 17:15:01.731] ylog<error> access /storage/emulated/0/ylog/ap//phonedata get_subfold_size No such file or directory
05-14 17:15:01.731   241   246 W YLOG    : [05-14 17:15:01.731] ylog<info> AFM  rotatelog?(0)   tot:4096 used:91 free:4005 threshold:80 diskfree:11722 no_quota:1  root:/storage/emulated/0  ap:/storage/emulated/0/ylog/ap/  caller:limit_monitor
05-14 17:15:01.813   241   246 W YLOG    : [05-14 17:15:01.813] ylog<error> access /storage/emulated/0/ylog/ap//SYSDUMP get_subfold_size No such file or directory
05-14 17:15:01.813   241   246 W YLOG    : [05-14 17:15:01.813] ylog<error> access /storage/emulated/0/ylog/ap//logbuffer get_subfold_size No such file or directory
05-14 17:15:01.814   241   246 W YLOG    : [05-14 17:15:01.814] ylog<error> access /storage/emulated/0/ylog/ap//phonedata get_subfold_size No such file or directory
05-14 17:15:01.814   241   246 W YLOG    : [05-14 17:15:01.814] ylog<info> APF  check_quoto_mode:/storage/emulated/0 ap_path:/storage/emulated/0/ylog/ap/
05-14 17:15:03.372   241   244 I YLOG    : logmon::0.000 0-0-0-0 t:2122930 c:0 ts:6k 0.429[10,2122940,2122930,18303][0] 
05-14 17:15:04.871   681  1162 I chatty  : uid=1000(system) PowerController expire 61 lines
05-14 17:15:05.008   979   979 D PowerUI : buckets   .....20 .. 15 .. 10
05-14 17:15:05.008   979   979 D PowerUI : level          79 --> 79
05-14 17:15:05.008   979   979 D PowerUI : status         2 --> 2
05-14 17:15:05.008   979   979 D PowerUI : plugType       2 --> 2
05-14 17:15:05.008   979   979 D PowerUI : invalidCharger 0 --> 0
05-14 17:15:05.008   979   979 D PowerUI : bucket         1 --> 1
05-14 17:15:05.008   979   979 D PowerUI : plugged        true --> true
05-14 17:15:05.009   979   979 D PowerUI : health         2 --> 2
05-14 17:15:05.080   681  2452 I chatty  : uid=1000(system) Binder:681_B expire 21 lines
05-14 17:15:05.373   241   244 I YLOG    : logmon::0.000 0-0-0-0 t:2123126 c:0 ts:0k 0.000[95,2123221,2123126,18311][0] 
05-14 17:15:06.613   681   759 I chatty  : uid=1000(system) android.ui expire 6 lines
05-14 17:15:06.642   241   690 W YLOG    : [05-14 17:15:06.642] ylog<info> get_context()->enable_rename is 1
05-14 17:15:07.373   241   244 I YLOG    : logmon::0.000 0-0-0-0 t:2123433 c:0 ts:17k 0.547[29,2123462,2123433,18319][0] 
05-14 17:15:09.244   681  2755 I chatty  : uid=1000(system) Binder:681_D expire 9 lines
05-14 17:15:09.374   241   244 I YLOG    : logmon::0.000 0-0-0-0 t:2123655 c:0 ts:8k 0.456[59,2123714,2123655,18327][0] 
05-14 17:15:09.978   241   270 I chatty  : uid=1000(system) /system/bin/ylog expire 1 line
05-14 17:15:11.375   241   244 I YLOG    : logmon::0.000 0-0-0-0 t:2123891 c:0 ts:13k 0.581[38,2123929,2123891,18335][0] 
05-14 17:15:11.707   241   690 W YLOG    : [05-14 17:15:11.707] ylog<info> get_context()->enable_rename is 1
05-14 17:15:11.992   241   253 I chatty  : uid=1000(system) /system/bin/ylog expire 10 lines
05-14 17:15:13.375   241   244 I YLOG    : logmon::0.000 0-0-0-0 t:2124158 c:0 ts:19k 0.636[3,2124161,2124158,18342][0] 
05-14 17:15:13.814   241   246 W YLOG    : [05-14 17:15:13.814] ylog<info> APF  delete_oldest_log_data:/storage/emulated/0 ap_path:/storage/emulated/0/ylog/ap/
05-14 17:15:13.888   241   246 W YLOG    : [05-14 17:15:13.888] ylog<error> access /storage/emulated/0/ylog/ap//SYSDUMP get_subfold_size No such file or directory
05-14 17:15:13.888   241   246 W YLOG    : [05-14 17:15:13.888] ylog<error> access /storage/emulated/0/ylog/ap//logbuffer get_subfold_size No such file or directory
05-14 17:15:13.888   241   246 W YLOG    : [05-14 17:15:13.888] ylog<error> access /storage/emulated/0/ylog/ap//phonedata get_subfold_size No such file or directory
05-14 17:15:13.889   241   246 W YLOG    : [05-14 17:15:13.889] ylog<info> AFM  rotatelog?(0)   tot:4096 used:92 free:4004 threshold:80 diskfree:11722 no_quota:1  root:/storage/emulated/0  ap:/storage/emulated/0/ylog/ap/  caller:limit_monitor
05-14 17:15:13.961   241   246 W YLOG    : [05-14 17:15:13.961] ylog<error> access /storage/emulated/0/ylog/ap//SYSDUMP get_subfold_size No such file or directory
05-14 17:15:13.961   241   246 W YLOG    : [05-14 17:15:13.961] ylog<error> access /storage/emulated/0/ylog/ap//logbuffer get_subfold_size No such file or directory
05-14 17:15:13.961   241   246 W YLOG    : [05-14 17:15:13.961] ylog<error> access /storage/emulated/0/ylog/ap//phonedata get_subfold_size No such file or directory
05-14 17:15:13.962   241   246 W YLOG    : [05-14 17:15:13.962] ylog<info> APF  check_quoto_mode:/storage/emulated/0 ap_path:/storage/emulated/0/ylog/ap/
05-14 17:15:15.376   241   244 I YLOG    : logmon::0.000 0-0-0-0 t:2124221 c:0 ts:0k 0.000[19,2124240,2124221,18350][0] 
05-14 17:15:16.774   241   690 W YLOG    : [05-14 17:15:16.774] ylog<info> get_context()->enable_rename is 1
05-14 17:15:17.310   681  1162 I chatty  : uid=1000(system) PowerController expire 76 lines
05-14 17:15:17.311   681   858 I chatty  : uid=1000(system) PowerGuruServic expire 3 lines
05-14 17:15:17.377   241   244 I YLOG    : logmon::0.000 0-0-0-0 t:2124253 c:0 ts:0k 0.000[1,2124254,2124253,18358][0] 
05-14 17:15:17.615   681   759 I chatty  : uid=1000(system) android.ui expire 11 lines
05-14 17:15:17.619   681  2452 I chatty  : uid=1000(system) Binder:681_B expire 24 lines
05-14 17:15:17.619   681  1164 I chatty  : uid=1000(system) ntroller.RecogA expire 18 lines
05-14 17:15:18.015   681  2755 I chatty  : uid=1000(system) Binder:681_D expire 17 lines
05-14 17:15:19.378   241   244 I YLOG    : logmon::0.000 0-0-0-0 t:2124404 c:0 ts:11k 0.637[0,2124404,2124404,18366][0] 
05-14 17:15:20.031   681   681 I chatty  : uid=1000 system_server expire 2 lines
05-14 17:15:20.035   681   758 I chatty  : uid=1000(system) ActivityManager expire 2 lines
05-14 17:15:20.037   979   979 D PowerUI : buckets   .....20 .. 15 .. 10
05-14 17:15:20.037   979   979 D PowerUI : level          79 --> 80
05-14 17:15:20.037   979   979 D PowerUI : status         2 --> 2
05-14 17:15:20.038   979   979 D PowerUI : plugType       2 --> 2
05-14 17:15:20.038   979   979 D PowerUI : invalidCharger 0 --> 0
05-14 17:15:20.038   979   979 D PowerUI : bucket         1 --> 1
05-14 17:15:20.038   979   979 D PowerUI : plugged        true --> true
05-14 17:15:20.038   979   979 D PowerUI : health         2 --> 2
05-14 17:15:20.070   681   761 I chatty  : uid=1000(system) batterystats-wo expire 2 lines
05-14 17:15:21.379   241   244 I YLOG    : logmon::0.000 0-0-0-0 t:2124603 c:0 ts:15k 0.656[26,2124629,2124603,18374][0] 
05-14 17:15:21.831   241   690 W YLOG    : [05-14 17:15:21.831] ylog<info> get_context()->enable_rename is 1
05-14 17:15:21.885   681   706 I chatty  : uid=1000(system) Binder:681_2 expire 15 lines
05-14 17:15:23.380   241   244 I YLOG    : logmon::0.000 0-0-0-0 t:2124806 c:0 ts:12k 0.551[37,2124843,2124806,18382][0] 
05-14 17:15:25.381   241   244 I YLOG    : logmon::0.000 0-0-0-0 t:2125192 c:1 ts:22k 0.631[16,2125208,2125192,18390][0] 
05-14 17:15:25.962   241   246 W YLOG    : [05-14 17:15:25.962] ylog<info> APF  delete_oldest_log_data:/storage/emulated/0 ap_path:/storage/emulated/0/ylog/ap/
05-14 17:15:26.044   241   246 W YLOG    : [05-14 17:15:26.044] ylog<error> access /storage/emulated/0/ylog/ap//SYSDUMP get_subfold_size No such file or directory
05-14 17:15:26.044   241   246 W YLOG    : [05-14 17:15:26.044] ylog<error> access /storage/emulated/0/ylog/ap//logbuffer get_subfold_size No such file or directory
05-14 17:15:26.044   241   246 W YLOG    : [05-14 17:15:26.044] ylog<error> access /storage/emulated/0/ylog/ap//phonedata get_subfold_size No such file or directory
05-14 17:15:26.045   241   246 W YLOG    : [05-14 17:15:26.045] ylog<info> AFM  rotatelog?(0)   tot:4096 used:92 free:4004 threshold:80 diskfree:11721 no_quota:1  root:/storage/emulated/0  ap:/storage/emulated/0/ylog/ap/  caller:limit_monitor
05-14 17:15:26.108   241   246 W YLOG    : [05-14 17:15:26.108] ylog<error> access /storage/emulated/0/ylog/ap//SYSDUMP get_subfold_size No such file or directory
05-14 17:15:26.108   241   246 W YLOG    : [05-14 17:15:26.108] ylog<error> access /storage/emulated/0/ylog/ap//logbuffer get_subfold_size No such file or directory
05-14 17:15:26.108   241   246 W YLOG    : [05-14 17:15:26.108] ylog<error> access /storage/emulated/0/ylog/ap//phonedata get_subfold_size No such file or directory
05-14 17:15:26.108   241   246 W YLOG    : [05-14 17:15:26.108] ylog<info> APF  check_quoto_mode:/storage/emulated/0 ap_path:/storage/emulated/0/ylog/ap/
05-14 17:15:26.883   241   690 W YLOG    : [05-14 17:15:26.883] ylog<info> get_context()->enable_rename is 1
05-14 17:15:27.382   241   244 I YLOG    : logmon::0.000 0-0-0-0 t:2125426 c:0 ts:11k 0.524[78,2125504,2125426,18398][0] 
05-14 17:15:29.383   241   244 I YLOG    : logmon::0.000 0-0-0-0 t:2125752 c:0 ts:30k 0.717[10,2125762,2125752,18406][0] 
05-14 17:15:29.622   681  2755 I chatty  : uid=1000(system) Binder:681_D expire 5 lines
05-14 17:15:30.401   681   849 I chatty  : uid=1000(system) android.anim expire 1 line
05-14 17:15:31.180   681  1162 I chatty  : uid=1000(system) PowerController expire 11 lines
05-14 17:15:31.287   681  2452 I chatty  : uid=1000(system) Binder:681_B expire 1 line
05-14 17:15:31.385   241   244 I YLOG    : logmon::0.000 0-0-0-0 t:2125966 c:0 ts:12k 0.579[162,2126128,2125966,18414][0] 
05-14 17:15:31.955   241   690 W YLOG    : [05-14 17:15:31.954] ylog<info> get_context()->enable_rename is 1
05-14 17:15:32.064   241   253 I chatty  : uid=1000(system) /system/bin/ylog expire 10 lines
05-14 17:15:32.141   681   759 I chatty  : uid=1000(system) android.ui expire 12 lines
05-14 17:15:32.301   681   891 I chatty  : uid=1000(system) ConnectivitySer expire 29 lines
05-14 17:15:33.385   241   244 I YLOG    : logmon::0.000 0-0-0-0 t:2126235 c:0 ts:18k 0.583[1,2126236,2126235,18422][0] 
05-14 17:15:34.174   681  1162 I chatty  : uid=1000(system) PowerController expire 99 lines
05-14 17:15:34.182   681   705 I chatty  : uid=1000(system) Binder:681_1 expire 39 lines
05-14 17:15:34.183   681   858 I chatty  : uid=1000(system) PowerGuruServic expire 5 lines
05-14 17:15:35.069   681   681 I chatty  : uid=1000 system_server expire 12 lines
05-14 17:15:35.076   681   758 I chatty  : uid=1000(system) ActivityManager expire 8 lines
05-14 17:15:35.079   979   979 D PowerUI : buckets   .....20 .. 15 .. 10
05-14 17:15:35.079   979   979 D PowerUI : level          80 --> 80
05-14 17:15:35.079   979   979 D PowerUI : status         2 --> 2
05-14 17:15:35.079   979   979 D PowerUI : plugType       2 --> 2
05-14 17:15:35.079   979   979 D PowerUI : invalidCharger 0 --> 0
05-14 17:15:35.079   979   979 D PowerUI : bucket         1 --> 1
05-14 17:15:35.079   979   979 D PowerUI : plugged        true --> true
05-14 17:15:35.079   979   979 D PowerUI : health         2 --> 2
05-14 17:15:35.386   241   244 I YLOG    : logmon::0.000 0-0-0-0 t:2126258 c:0 ts:0k 0.000[40,2126298,2126258,18430][0] 
05-14 17:15:37.026   241   690 W YLOG    : [05-14 17:15:37.025] ylog<info> get_context()->enable_rename is 1
05-14 17:15:37.313   681   904 I chatty  : uid=1000(system) UEventObserver expire 1 line
05-14 17:15:37.333   979   979 D PowerUI : buckets   .....20 .. 15 .. 10
05-14 17:15:37.333   979   979 D PowerUI : level          80 --> 80
05-14 17:15:37.333   979   979 D PowerUI : status         2 --> 3
05-14 17:15:37.333   979   979 D PowerUI : plugType       2 --> 2
05-14 17:15:37.333   979   979 D PowerUI : invalidCharger 0 --> 0
05-14 17:15:37.333   979   979 D PowerUI : bucket         1 --> 1
05-14 17:15:37.333   979   979 D PowerUI : plugged        true --> true
05-14 17:15:37.333   979   979 D PowerUI : health         2 --> 2
05-14 17:15:37.387   241   244 I YLOG    : logmon::0.000 0-0-0-0 t:2126318 c:0 ts:0k 0.000[1,2126319,2126318,18438][0] 
05-14 17:15:37.443   979   979 D PowerUI : buckets   .....20 .. 15 .. 10
05-14 17:15:37.443   979   979 D PowerUI : level          80 --> 80
05-14 17:15:37.443   681   765 I chatty  : uid=1000(system) android.fg expire 7 lines
05-14 17:15:37.443   979   979 D PowerUI : status         3 --> 3
05-14 17:15:37.444   979   979 D PowerUI : plugType       2 --> 0
05-14 17:15:37.444   979   979 D PowerUI : invalidCharger 0 --> 0
05-14 17:15:37.445   979   979 D PowerUI : bucket         1 --> 1
05-14 17:15:37.445   979   979 D PowerUI : plugged        true --> false
05-14 17:15:37.445   979   979 D PowerUI : health         2 --> 2
05-14 17:15:37.447   681  1164 I chatty  : uid=1000(system) ntroller.RecogA expire 15 lines
05-14 17:15:37.461   681  2452 I chatty  : uid=1000(system) Binder:681_B expire 19 lines
05-14 17:15:37.465   681   757 I chatty  : uid=1000(system) android.bg expire 1 line
05-14 17:15:37.473   681   761 I chatty  : uid=1000(system) batterystats-wo expire 3 lines
05-14 17:15:37.517  6295  6295 W ContextImpl: Calling a method in the system process without a qualified user: android.app.ContextImpl.sendBroadcast:966 android.content.ContextWrapper.sendBroadcast:437 android.content.ContextWrapper.sendBroadcast:437 com.sprd.engineermode.MTPReceiver.scanDirAsync:56 com.sprd.engineermode.MTPReceiver.onReceive:46 
05-14 17:15:38.109   241   246 W YLOG    : [05-14 17:15:38.109] ylog<info> APF  delete_oldest_log_data:/storage/emulated/0 ap_path:/storage/emulated/0/ylog/ap/
05-14 17:15:38.182   241   246 W YLOG    : [05-14 17:15:38.182] ylog<error> access /storage/emulated/0/ylog/ap//SYSDUMP get_subfold_size No such file or directory
05-14 17:15:38.182   241   246 W YLOG    : [05-14 17:15:38.182] ylog<error> access /storage/emulated/0/ylog/ap//logbuffer get_subfold_size No such file or directory
05-14 17:15:38.182   241   246 W YLOG    : [05-14 17:15:38.182] ylog<error> access /storage/emulated/0/ylog/ap//phonedata get_subfold_size No such file or directory
05-14 17:15:38.183   241   246 W YLOG    : [05-14 17:15:38.182] ylog<info> AFM  rotatelog?(0)   tot:4096 used:92 free:4004 threshold:80 diskfree:11719 no_quota:1  root:/storage/emulated/0  ap:/storage/emulated/0/ylog/ap/  caller:limit_monitor
05-14 17:15:38.240   241   246 W YLOG    : [05-14 17:15:38.240] ylog<error> access /storage/emulated/0/ylog/ap//SYSDUMP get_subfold_size No such file or directory
05-14 17:15:38.240   241   246 W YLOG    : [05-14 17:15:38.240] ylog<error> access /storage/emulated/0/ylog/ap//logbuffer get_subfold_size No such file or directory
05-14 17:15:38.240   241   246 W YLOG    : [05-14 17:15:38.240] ylog<error> access /storage/emulated/0/ylog/ap//phonedata get_subfold_size No such file or directory
05-14 17:15:38.240   241   246 W YLOG    : [05-14 17:15:38.240] ylog<info> APF  check_quoto_mode:/storage/emulated/0 ap_path:/storage/emulated/0/ylog/ap/
05-14 17:15:38.319   681   882 I chatty  : uid=1000(system) WifiStateMachin expire 2 lines
05-14 17:15:38.319   681   907 I chatty  : uid=1000(system) ConnectivityThr expire 10 lines
05-14 17:15:39.387   241   244 I YLOG    : logmon::0.000 0-0-0-0 t:2126796 c:0 ts:14k 0.419[0,2126796,2126796,18446][0] 
05-14 17:15:41.388   241   244 I YLOG    : logmon::0.000 0-0-0-0 t:2127034 c:0 ts:14k 0.551[75,2127109,2127034,18454][0] 
05-14 17:15:42.083   241   690 W YLOG    : [05-14 17:15:42.083] ylog<info> get_context()->enable_rename is 1
05-14 17:15:43.389   241   244 I YLOG    : logmon::0.000 0-0-0-0 t:2127396 c:0 ts:15k 0.471[0,2127396,2127396,18462][0] 
05-14 17:15:45.390   241   244 I YLOG    : logmon::0.000 0-0-0-0 t:2127406 c:0 ts:0k 0.000[9,2127415,2127406,18470][0] 
05-14 17:15:46.738   681  2755 I chatty  : uid=1000(system) Binder:681_D expire 4 lines
05-14 17:15:46.742   681  1162 I chatty  : uid=1000(system) PowerController expire 39 lines
05-14 17:15:47.140   241   690 W YLOG    : [05-14 17:15:47.140] ylog<info> get_context()->enable_rename is 1
05-14 17:15:47.391   241   244 I YLOG    : logmon::0.000 0-0-0-0 t:2127720 c:1 ts:11k 0.391[23,2127743,2127720,18477][0] 
05-14 17:15:49.391   241   244 I YLOG    : logmon::0.000 0-0-0-0 t:2127807 c:0 ts:0k 0.000[15,2127822,2127807,18485][0] 
05-14 17:15:50.241   241   246 W YLOG    : [05-14 17:15:50.241] ylog<info> APF  delete_oldest_log_data:/storage/emulated/0 ap_path:/storage/emulated/0/ylog/ap/
05-14 17:15:50.326   241   246 W YLOG    : [05-14 17:15:50.326] ylog<error> access /storage/emulated/0/ylog/ap//SYSDUMP get_subfold_size No such file or directory
05-14 17:15:50.327   241   246 W YLOG    : [05-14 17:15:50.327] ylog<error> access /storage/emulated/0/ylog/ap//logbuffer get_subfold_size No such file or directory
05-14 17:15:50.327   241   246 W YLOG    : [05-14 17:15:50.327] ylog<error> access /storage/emulated/0/ylog/ap//phonedata get_subfold_size No such file or directory
05-14 17:15:50.327   241   246 W YLOG    : [05-14 17:15:50.327] ylog<info> AFM  rotatelog?(0)   tot:4096 used:92 free:4004 threshold:80 diskfree:11718 no_quota:1  root:/storage/emulated/0  ap:/storage/emulated/0/ylog/ap/  caller:limit_monitor
05-14 17:15:50.337   681   759 I chatty  : uid=1000(system) android.ui expire 4 lines
05-14 17:15:50.352   681  1164 I chatty  : uid=1000(system) ntroller.RecogA expire 7 lines
05-14 17:15:50.401   241   246 W YLOG    : [05-14 17:15:50.401] ylog<error> access /storage/emulated/0/ylog/ap//SYSDUMP get_subfold_size No such file or directory
05-14 17:15:50.401   241   246 W YLOG    : [05-14 17:15:50.401] ylog<error> access /storage/emulated/0/ylog/ap//logbuffer get_subfold_size No such file or directory
05-14 17:15:50.401   241   246 W YLOG    : [05-14 17:15:50.401] ylog<error> access /storage/emulated/0/ylog/ap//phonedata get_subfold_size No such file or directory
05-14 17:15:50.401   241   246 W YLOG    : [05-14 17:15:50.401] ylog<info> APF  check_quoto_mode:/storage/emulated/0 ap_path:/storage/emulated/0/ylog/ap/
05-14 17:15:50.526   681  2452 I chatty  : uid=1000(system) Binder:681_B expire 14 lines
05-14 17:15:51.392   241   244 I YLOG    : logmon::0.000 0-0-0-0 t:2127965 c:0 ts:6k 0.512[105,2128070,2127965,18493][0] 
05-14 17:15:51.912   681   705 I chatty  : uid=1000(system) Binder:681_1 expire 6 lines
05-14 17:15:52.125   241   253 I chatty  : uid=1000(system) /system/bin/ylog expire 10 lines
05-14 17:15:52.206   241   690 W YLOG    : [05-14 17:15:52.206] ylog<info> get_context()->enable_rename is 1
05-14 17:15:53.393   241   244 I YLOG    : logmon::0.000 0-0-0-0 t:2128224 c:0 ts:11k 0.397[23,2128247,2128224,18501][0] 
05-14 17:15:55.394   241   244 I YLOG    : logmon::0.000 0-0-0-0 t:2128419 c:0 ts:11k 0.557[1,2128420,2128419,18509][0] 
05-14 17:15:56.744   681   858 I chatty  : uid=1000(system) PowerGuruServic expire 7 lines
05-14 17:15:57.271   241   690 W YLOG    : [05-14 17:15:57.271] ylog<info> get_context()->enable_rename is 1
05-14 17:15:57.395   241   244 I YLOG    : logmon::0.000 0-0-0-0 t:2128433 c:0 ts:0k 0.000[2,2128435,2128433,18517][0] 
05-14 17:15:59.395   241   244 I YLOG    : logmon::0.000 0-0-0-0 t:2128441 c:0 ts:0k 0.000[1,2128442,2128441,18525][0] 
05-14 17:16:00.000   681   859 I chatty  : uid=1000(system) AlarmManager expire 6 lines
05-14 17:16:00.002   681   681 I chatty  : uid=1000 system_server expire 7 lines
05-14 17:16:01.396   241   244 I YLOG    : logmon::0.000 0-0-0-0 t:2128470 c:0 ts:0k 0.000[0,2128470,2128470,18533][0] 
05-14 17:16:02.336   241   690 W YLOG    : [05-14 17:16:02.336] ylog<info> get_context()->enable_rename is 1
05-14 17:16:02.402   241   246 W YLOG    : [05-14 17:16:02.402] ylog<info> APF  delete_oldest_log_data:/storage/emulated/0 ap_path:/storage/emulated/0/ylog/ap/
05-14 17:16:02.480   241   246 W YLOG    : [05-14 17:16:02.480] ylog<error> access /storage/emulated/0/ylog/ap//SYSDUMP get_subfold_size No such file or directory
05-14 17:16:02.480   241   246 W YLOG    : [05-14 17:16:02.480] ylog<error> access /storage/emulated/0/ylog/ap//logbuffer get_subfold_size No such file or directory
05-14 17:16:02.480   241   246 W YLOG    : [05-14 17:16:02.480] ylog<error> access /storage/emulated/0/ylog/ap//phonedata get_subfold_size No such file or directory
05-14 17:16:02.481   241   246 W YLOG    : [05-14 17:16:02.481] ylog<info> AFM  rotatelog?(0)   tot:4096 used:92 free:4004 threshold:80 diskfree:11718 no_quota:1  root:/storage/emulated/0  ap:/storage/emulated/0/ylog/ap/  caller:limit_monitor
05-14 17:16:02.539   241   246 W YLOG    : [05-14 17:16:02.539] ylog<error> access /storage/emulated/0/ylog/ap//SYSDUMP get_subfold_size No such file or directory
05-14 17:16:02.539   241   246 W YLOG    : [05-14 17:16:02.539] ylog<error> access /storage/emulated/0/ylog/ap//logbuffer get_subfold_size No such file or directory
05-14 17:16:02.539   241   246 W YLOG    : [05-14 17:16:02.539] ylog<error> access /storage/emulated/0/ylog/ap//phonedata get_subfold_size No such file or directory
05-14 17:16:02.539   241   246 W YLOG    : [05-14 17:16:02.539] ylog<info> APF  check_quoto_mode:/storage/emulated/0 ap_path:/storage/emulated/0/ylog/ap/
05-14 17:16:03.397   241   244 I YLOG    : logmon::0.000 0-0-0-0 t:2128487 c:0 ts:0k 0.000[1,2128488,2128487,18541][0] 
05-14 17:16:05.397   241   244 I YLOG    : logmon::0.000 0-0-0-0 t:2128496 c:0 ts:0k 0.000[1,2128497,2128496,18549][0] 
05-14 17:16:07.398   241   244 I YLOG    : logmon::0.000 0-0-0-0 t:2128503 c:0 ts:0k 0.000[0,2128503,2128503,18557][0] 
05-14 17:16:07.408   241   690 W YLOG    : [05-14 17:16:07.408] ylog<info> get_context()->enable_rename is 1
05-14 17:16:09.399   241   244 I YLOG    : logmon::0.000 0-0-0-0 t:2128511 c:0 ts:0k 0.000[4,2128515,2128511,18565][0] 
05-14 17:16:11.399   241   244 I YLOG    : logmon::0.000 0-0-0-0 t:2128521 c:0 ts:0k 0.000[0,2128521,2128521,18573][0] 
05-14 17:16:12.147   241   253 I chatty  : uid=1000(system) /system/bin/ylog expire 10 lines
05-14 17:16:12.472   241   690 W YLOG    : [05-14 17:16:12.472] ylog<info> get_context()->enable_rename is 1
05-14 17:16:13.400   241   244 I YLOG    : logmon::0.000 0-0-0-0 t:2128528 c:0 ts:0k 0.000[0,2128528,2128528,18581][0] 
05-14 17:16:14.540   241   246 W YLOG    : [05-14 17:16:14.540] ylog<info> APF  delete_oldest_log_data:/storage/emulated/0 ap_path:/storage/emulated/0/ylog/ap/
05-14 17:16:14.611   241   246 W YLOG    : [05-14 17:16:14.611] ylog<error> access /storage/emulated/0/ylog/ap//SYSDUMP get_subfold_size No such file or directory
05-14 17:16:14.611   241   246 W YLOG    : [05-14 17:16:14.611] ylog<error> access /storage/emulated/0/ylog/ap//logbuffer get_subfold_size No such file or directory
05-14 17:16:14.611   241   246 W YLOG    : [05-14 17:16:14.611] ylog<error> access /storage/emulated/0/ylog/ap//phonedata get_subfold_size No such file or directory
05-14 17:16:14.612   241   246 W YLOG    : [05-14 17:16:14.612] ylog<info> AFM  rotatelog?(0)   tot:4096 used:92 free:4004 threshold:80 diskfree:11718 no_quota:1  root:/storage/emulated/0  ap:/storage/emulated/0/ylog/ap/  caller:limit_monitor
05-14 17:16:14.670   241   246 W YLOG    : [05-14 17:16:14.670] ylog<error> access /storage/emulated/0/ylog/ap//SYSDUMP get_subfold_size No such file or directory
05-14 17:16:14.670   241   246 W YLOG    : [05-14 17:16:14.670] ylog<error> access /storage/emulated/0/ylog/ap//logbuffer get_subfold_size No such file or directory
05-14 17:16:14.671   241   246 W YLOG    : [05-14 17:16:14.671] ylog<error> access /storage/emulated/0/ylog/ap//phonedata get_subfold_size No such file or directory
05-14 17:16:14.671   241   246 W YLOG    : [05-14 17:16:14.671] ylog<info> APF  check_quoto_mode:/storage/emulated/0 ap_path:/storage/emulated/0/ylog/ap/
05-14 17:16:15.400   241   244 I YLOG    : logmon::0.000 0-0-0-0 t:2128548 c:0 ts:0k 0.000[1,2128549,2128548,18589][0] 
05-14 17:16:17.401   241   244 I YLOG    : logmon::0.000 0-0-0-0 t:2128553 c:0 ts:0k 0.000[0,2128553,2128553,18597][0] 
05-14 17:16:17.544   241   690 W YLOG    : [05-14 17:16:17.544] ylog<info> get_context()->enable_rename is 1
05-14 17:16:19.402   241   244 I YLOG    : logmon::0.000 0-0-0-0 t:2128561 c:0 ts:0k 0.000[3,2128564,2128561,18605][0] 
05-14 17:16:20.193   681  1162 I chatty  : uid=1000(system) PowerController expire 11 lines
05-14 17:16:20.194   681   758 I chatty  : uid=1000(system) ActivityManager expire 6 lines
05-14 17:16:20.196   979   979 D PowerUI : buckets   .....20 .. 15 .. 10
05-14 17:16:20.196   979   979 D PowerUI : level          80 --> 80
05-14 17:16:20.196   979   979 D PowerUI : status         3 --> 3
05-14 17:16:20.196   979   979 D PowerUI : plugType       0 --> 0
05-14 17:16:20.196   979   979 D PowerUI : invalidCharger 0 --> 0
05-14 17:16:20.196   979   979 D PowerUI : bucket         1 --> 1
05-14 17:16:20.197   979   979 D PowerUI : plugged        false --> false
05-14 17:16:20.197   979   979 D PowerUI : health         2 --> 2
05-14 17:16:21.402   241   244 I YLOG    : logmon::0.000 0-0-0-0 t:2128612 c:0 ts:0k 0.000[1,2128613,2128612,18613][0] 
05-14 17:16:22.611   241   690 W YLOG    : [05-14 17:16:22.611] ylog<info> get_context()->enable_rename is 1
05-14 17:16:23.403   241   244 I YLOG    : logmon::0.000 0-0-0-0 t:2128618 c:0 ts:0k 0.000[1,2128619,2128618,18621][0] 
05-14 17:16:25.403   241   244 I YLOG    : logmon::0.000 0-0-0-0 t:2128631 c:0 ts:0k 0.000[1,2128632,2128631,18629][0] 
05-14 17:16:26.476   681   891 I chatty  : uid=1000(system) ConnectivitySer expire 4 lines
05-14 17:16:26.476   681   882 I chatty  : uid=1000(system) WifiStateMachin expire 4 lines
05-14 17:16:26.477   681   907 I chatty  : uid=1000(system) ConnectivityThr expire 10 lines
05-14 17:16:26.671   241   246 W YLOG    : [05-14 17:16:26.671] ylog<info> APF  delete_oldest_log_data:/storage/emulated/0 ap_path:/storage/emulated/0/ylog/ap/
05-14 17:16:26.743   241   246 W YLOG    : [05-14 17:16:26.743] ylog<error> access /storage/emulated/0/ylog/ap//SYSDUMP get_subfold_size No such file or directory
05-14 17:16:26.744   241   246 W YLOG    : [05-14 17:16:26.744] ylog<error> access /storage/emulated/0/ylog/ap//logbuffer get_subfold_size No such file or directory
05-14 17:16:26.744   241   246 W YLOG    : [05-14 17:16:26.744] ylog<error> access /storage/emulated/0/ylog/ap//phonedata get_subfold_size No such file or directory
05-14 17:16:26.744   241   246 W YLOG    : [05-14 17:16:26.744] ylog<info> AFM  rotatelog?(0)   tot:4096 used:92 free:4004 threshold:80 diskfree:11718 no_quota:1  root:/storage/emulated/0  ap:/storage/emulated/0/ylog/ap/  caller:limit_monitor
05-14 17:16:26.800   241   246 W YLOG    : [05-14 17:16:26.800] ylog<error> access /storage/emulated/0/ylog/ap//SYSDUMP get_subfold_size No such file or directory
05-14 17:16:26.800   241   246 W YLOG    : [05-14 17:16:26.800] ylog<error> access /storage/emulated/0/ylog/ap//logbuffer get_subfold_size No such file or directory
05-14 17:16:26.800   241   246 W YLOG    : [05-14 17:16:26.800] ylog<error> access /storage/emulated/0/ylog/ap//phonedata get_subfold_size No such file or directory
05-14 17:16:26.801   241   246 W YLOG    : [05-14 17:16:26.800] ylog<info> APF  check_quoto_mode:/storage/emulated/0 ap_path:/storage/emulated/0/ylog/ap/
05-14 17:16:27.404   241   244 I YLOG    : logmon::0.000 0-0-0-0 t:2128657 c:0 ts:0k 0.000[0,2128657,2128657,18637][0] 
05-14 17:16:27.678   241   690 W YLOG    : [05-14 17:16:27.678] ylog<info> get_context()->enable_rename is 1
05-14 17:16:29.405   241   244 I YLOG    : logmon::0.000 0-0-0-0 t:2128663 c:0 ts:0k 0.000[0,2128663,2128663,18645][0] 
05-14 17:16:31.405   241   244 I YLOG    : logmon::0.000 0-0-0-0 t:2128672 c:0 ts:0k 0.000[0,2128672,2128672,18653][0] 
05-14 17:16:32.167   241   253 I chatty  : uid=1000(system) /system/bin/ylog expire 10 lines
05-14 17:16:32.746   241   690 W YLOG    : [05-14 17:16:32.746] ylog<info> get_context()->enable_rename is 1
05-14 17:16:33.406   241   244 I YLOG    : logmon::0.000 0-0-0-0 t:2128680 c:0 ts:0k 0.000[0,2128680,2128680,18661][0] 
05-14 17:16:35.234   681  1162 I chatty  : uid=1000(system) PowerController expire 11 lines
05-14 17:16:35.237   979   979 D PowerUI : buckets   .....20 .. 15 .. 10
05-14 17:16:35.238   979   979 D PowerUI : level          80 --> 80
05-14 17:16:35.238   979   979 D PowerUI : status         3 --> 3
05-14 17:16:35.238   979   979 D PowerUI : plugType       0 --> 0
05-14 17:16:35.238   979   979 D PowerUI : invalidCharger 0 --> 0
05-14 17:16:35.238   979   979 D PowerUI : bucket         1 --> 1
05-14 17:16:35.238   979   979 D PowerUI : plugged        false --> false
05-14 17:16:35.238   979   979 D PowerUI : health         2 --> 2
05-14 17:16:35.406   241   244 I YLOG    : logmon::0.000 0-0-0-0 t:2128687 c:0 ts:0k 0.000[17,2128704,2128687,18669][0] 
05-14 17:16:37.407   241   244 I YLOG    : logmon::0.000 0-0-0-0 t:2128733 c:0 ts:0k 0.000[0,2128733,2128733,18677][0] 
05-14 17:16:37.806   241   690 W YLOG    : [05-14 17:16:37.806] ylog<info> get_context()->enable_rename is 1
05-14 17:16:38.801   241   246 W YLOG    : [05-14 17:16:38.801] ylog<info> APF  delete_oldest_log_data:/storage/emulated/0 ap_path:/storage/emulated/0/ylog/ap/
05-14 17:16:38.871   241   246 W YLOG    : [05-14 17:16:38.871] ylog<error> access /storage/emulated/0/ylog/ap//SYSDUMP get_subfold_size No such file or directory
05-14 17:16:38.871   241   246 W YLOG    : [05-14 17:16:38.871] ylog<error> access /storage/emulated/0/ylog/ap//logbuffer get_subfold_size No such file or directory
05-14 17:16:38.871   241   246 W YLOG    : [05-14 17:16:38.871] ylog<error> access /storage/emulated/0/ylog/ap//phonedata get_subfold_size No such file or directory
05-14 17:16:38.871   241   246 W YLOG    : [05-14 17:16:38.871] ylog<info> AFM  rotatelog?(0)   tot:4096 used:92 free:4004 threshold:80 diskfree:11718 no_quota:1  root:/storage/emulated/0  ap:/storage/emulated/0/ylog/ap/  caller:limit_monitor
05-14 17:16:38.933   241   246 W YLOG    : [05-14 17:16:38.932] ylog<error> access /storage/emulated/0/ylog/ap//SYSDUMP get_subfold_size No such file or directory
05-14 17:16:38.933   241   246 W YLOG    : [05-14 17:16:38.933] ylog<error> access /storage/emulated/0/ylog/ap//logbuffer get_subfold_size No such file or directory
05-14 17:16:38.933   241   246 W YLOG    : [05-14 17:16:38.933] ylog<error> access /storage/emulated/0/ylog/ap//phonedata get_subfold_size No such file or directory
05-14 17:16:38.933   241   246 W YLOG    : [05-14 17:16:38.933] ylog<info> APF  check_quoto_mode:/storage/emulated/0 ap_path:/storage/emulated/0/ylog/ap/
05-14 17:16:39.407   241   244 I YLOG    : logmon::0.000 0-0-0-0 t:2128758 c:0 ts:0k 0.000[4,2128762,2128758,18685][0] 
05-14 17:16:41.408   241   244 I YLOG    : logmon::0.000 0-0-0-0 t:2128770 c:0 ts:0k 0.000[0,2128770,2128770,18693][0] 
05-14 17:16:42.868   241   690 W YLOG    : [05-14 17:16:42.868] ylog<info> get_context()->enable_rename is 1
05-14 17:16:43.409   241   244 I YLOG    : logmon::0.000 0-0-0-0 t:2128777 c:0 ts:0k 0.000[0,2128777,2128777,18701][0] 
05-14 17:16:44.537   681   907 I chatty  : uid=1000(system) ConnectivityThr expire 10 lines
05-14 17:16:45.409   241   244 I YLOG    : logmon::0.000 0-0-0-0 t:2128795 c:0 ts:0k 0.000[0,2128795,2128795,18709][0] 
05-14 17:16:47.410   241   244 I YLOG    : logmon::0.000 0-0-0-0 t:2128855 c:0 ts:0k 0.000[0,2128855,2128855,18717][0] 
05-14 17:16:47.934   241   690 W YLOG    : [05-14 17:16:47.934] ylog<info> get_context()->enable_rename is 1
05-14 17:16:49.410   241   244 I YLOG    : logmon::0.000 0-0-0-0 t:2128871 c:0 ts:0k 0.000[0,2128871,2128871,18725][0] 
05-14 17:16:50.282   681  1162 I chatty  : uid=1000(system) PowerController expire 114 lines
05-14 17:16:50.283   681   758 I chatty  : uid=1000(system) ActivityManager expire 3 lines
05-14 17:16:50.287   979   979 D PowerUI : buckets   .....20 .. 15 .. 10
05-14 17:16:50.287   979   979 D PowerUI : level          80 --> 80
05-14 17:16:50.287   979   979 D PowerUI : status         3 --> 3
05-14 17:16:50.287   979   979 D PowerUI : plugType       0 --> 0
05-14 17:16:50.287   979   979 D PowerUI : invalidCharger 0 --> 0
05-14 17:16:50.287   979   979 D PowerUI : bucket         1 --> 1
05-14 17:16:50.287   979   979 D PowerUI : plugged        false --> false
05-14 17:16:50.288   979   979 D PowerUI : health         2 --> 2
05-14 17:16:50.934   241   246 W YLOG    : [05-14 17:16:50.934] ylog<info> APF  delete_oldest_log_data:/storage/emulated/0 ap_path:/storage/emulated/0/ylog/ap/
05-14 17:16:50.999   241   246 W YLOG    : [05-14 17:16:50.999] ylog<error> access /storage/emulated/0/ylog/ap//SYSDUMP get_subfold_size No such file or directory
05-14 17:16:50.999   241   246 W YLOG    : [05-14 17:16:50.999] ylog<error> access /storage/emulated/0/ylog/ap//logbuffer get_subfold_size No such file or directory
05-14 17:16:51.000   241   246 W YLOG    : [05-14 17:16:51.000] ylog<error> access /storage/emulated/0/ylog/ap//phonedata get_subfold_size No such file or directory
05-14 17:16:51.000   241   246 W YLOG    : [05-14 17:16:51.000] ylog<info> AFM  rotatelog?(0)   tot:4096 used:92 free:4004 threshold:80 diskfree:11715 no_quota:1  root:/storage/emulated/0  ap:/storage/emulated/0/ylog/ap/  caller:limit_monitor
05-14 17:16:51.061   241   246 W YLOG    : [05-14 17:16:51.061] ylog<error> access /storage/emulated/0/ylog/ap//SYSDUMP get_subfold_size No such file or directory
05-14 17:16:51.061   241   246 W YLOG    : [05-14 17:16:51.061] ylog<error> access /storage/emulated/0/ylog/ap//logbuffer get_subfold_size No such file or directory
05-14 17:16:51.062   241   246 W YLOG    : [05-14 17:16:51.062] ylog<error> access /storage/emulated/0/ylog/ap//phonedata get_subfold_size No such file or directory
05-14 17:16:51.062   241   246 W YLOG    : [05-14 17:16:51.062] ylog<info> APF  check_quoto_mode:/storage/emulated/0 ap_path:/storage/emulated/0/ylog/ap/
05-14 17:16:51.411   241   244 I YLOG    : logmon::0.000 0-0-0-0 t:2128920 c:0 ts:0k 0.000[10,2128930,2128920,18733][0] 
05-14 17:16:52.188   241   253 I chatty  : uid=1000(system) /system/bin/ylog expire 10 lines
05-14 17:16:52.997   241   690 W YLOG    : [05-14 17:16:52.997] ylog<info> get_context()->enable_rename is 1
05-14 17:16:53.210   681   771 I chatty  : uid=1000(system) PowerManagerSer expire 11 lines
05-14 17:16:53.215   681   681 I chatty  : uid=1000 system_server expire 10 lines
05-14 17:16:53.224   681  2452 I chatty  : uid=1000(system) Binder:681_B expire 9 lines
05-14 17:16:53.226   681   858 I chatty  : uid=1000(system) PowerGuruServic expire 19 lines
05-14 17:16:53.240   681  1164 I chatty  : uid=1000(system) ntroller.RecogA expire 2 lines
05-14 17:16:53.242   681   767 I chatty  : uid=1000(system) android.display expire 1 line
05-14 17:16:53.251   681   705 I chatty  : uid=1000(system) Binder:681_1 expire 2 lines
05-14 17:16:53.256   681   706 I chatty  : uid=1000(system) Binder:681_2 expire 3 lines
05-14 17:16:53.259   681  2755 I chatty  : uid=1000(system) Binder:681_D expire 1 line
05-14 17:16:53.411   241   244 I YLOG    : logmon::0.000 0-0-0-0 t:2128934 c:0 ts:0k 0.000[130,2129064,2128934,18741][0] 
05-14 17:16:53.523   681   882 I chatty  : uid=1000(system) WifiStateMachin expire 4 lines
05-14 17:16:55.412   241   244 I YLOG    : logmon::0.000 0-0-0-0 t:2129587 c:0 ts:27k 0.664[65,2129652,2129587,18749][0] 
05-14 17:16:57.413   241   244 I YLOG    : logmon::0.000 0-0-0-0 t:2129658 c:0 ts:0k 0.000[0,2129658,2129658,18757][0] 
05-14 17:16:58.074   241   690 W YLOG    : [05-14 17:16:58.074] ylog<info> get_context()->enable_rename is 1
05-14 17:16:58.222   681   859 I chatty  : uid=1000(system) AlarmManager expire 10 lines
05-14 17:16:58.260   681  1042 I chatty  : uid=1000(system) Binder:681_5 expire 2 lines
05-14 17:16:58.498   979   979 V KeyguardStatusView: refresh statusview showing:true
05-14 17:16:58.506   979   979 V KeyguardDisplayManager: show
05-14 17:16:59.414   241   244 I YLOG    : logmon::0.000 0-0-0-0 t:2129878 c:0 ts:0k 0.000[3,2129881,2129878,18765][0] 
05-14 17:17:01.415   241   244 I YLOG    : logmon::0.000 0-0-0-0 t:2129945 c:0 ts:0k 0.000[0,2129945,2129945,18773][0] 
05-14 17:17:03.063   241   246 W YLOG    : [05-14 17:17:03.062] ylog<info> APF  delete_oldest_log_data:/storage/emulated/0 ap_path:/storage/emulated/0/ylog/ap/
05-14 17:17:03.170   241   246 W YLOG    : [05-14 17:17:03.170] ylog<error> access /storage/emulated/0/ylog/ap//SYSDUMP get_subfold_size No such file or directory
05-14 17:17:03.170   241   246 W YLOG    : [05-14 17:17:03.170] ylog<error> access /storage/emulated/0/ylog/ap//logbuffer get_subfold_size No such file or directory
05-14 17:17:03.170   241   246 W YLOG    : [05-14 17:17:03.170] ylog<error> access /storage/emulated/0/ylog/ap//phonedata get_subfold_size No such file or directory
05-14 17:17:03.171   241   246 W YLOG    : [05-14 17:17:03.171] ylog<info> AFM  rotatelog?(0)   tot:4096 used:92 free:4004 threshold:80 diskfree:11715 no_quota:1  root:/storage/emulated/0  ap:/storage/emulated/0/ylog/ap/  caller:limit_monitor
05-14 17:17:03.185   241   690 W YLOG    : [05-14 17:17:03.185] ylog<info> get_context()->enable_rename is 1
05-14 17:17:03.236   241   246 W YLOG    : [05-14 17:17:03.236] ylog<error> access /storage/emulated/0/ylog/ap//SYSDUMP get_subfold_size No such file or directory
05-14 17:17:03.236   241   246 W YLOG    : [05-14 17:17:03.236] ylog<error> access /storage/emulated/0/ylog/ap//logbuffer get_subfold_size No such file or directory
05-14 17:17:03.236   241   246 W YLOG    : [05-14 17:17:03.236] ylog<error> access /storage/emulated/0/ylog/ap//phonedata get_subfold_size No such file or directory
05-14 17:17:03.237   241   246 W YLOG    : [05-14 17:17:03.237] ylog<info> APF  check_quoto_mode:/storage/emulated/0 ap_path:/storage/emulated/0/ylog/ap/
05-14 17:17:03.415   241   244 I YLOG    : logmon::0.000 0-0-0-0 t:2129950 c:0 ts:0k 0.000[13,2129963,2129950,18781][0] 
05-14 17:17:05.314   681   681 I chatty  : uid=1000 system_server expire 4 lines
05-14 17:17:05.317   681   758 I chatty  : uid=1000(system) ActivityManager expire 4 lines
05-14 17:17:05.327   681   858 I chatty  : uid=1000(system) PowerGuruServic expire 10 lines
05-14 17:17:05.344   979   979 D PowerUI : buckets   .....20 .. 15 .. 10
05-14 17:17:05.344   979   979 D PowerUI : level          80 --> 80
05-14 17:17:05.344   979   979 D PowerUI : status         3 --> 3
05-14 17:17:05.344   979   979 D PowerUI : plugType       0 --> 0
05-14 17:17:05.344   979   979 D PowerUI : invalidCharger 0 --> 0
05-14 17:17:05.344   979   979 D PowerUI : bucket         1 --> 1
05-14 17:17:05.344   979   979 D PowerUI : plugged        false --> false
05-14 17:17:05.344   979   979 D PowerUI : health         2 --> 2
05-14 17:17:05.416   241   244 I YLOG    : logmon::0.000 0-0-0-0 t:2129971 c:0 ts:0k 0.000[2,2129973,2129971,18789][0] 
05-14 17:17:07.417   241   244 I YLOG    : logmon::0.000 0-0-0-0 t:2130017 c:0 ts:0k 0.000[0,2130017,2130017,18797][0] 
05-14 17:17:08.265   241   690 W YLOG    : [05-14 17:17:08.265] ylog<info> get_context()->enable_rename is 1
05-14 17:17:09.417   241   244 I YLOG    : logmon::0.000 0-0-0-0 t:2130027 c:0 ts:0k 0.000[0,2130027,2130027,18805][0] 
05-14 17:17:10.334   681  1162 I chatty  : uid=1000(system) PowerController expire 27 lines
05-14 17:17:11.418   241   244 I YLOG    : logmon::0.000 0-0-0-0 t:2130063 c:0 ts:0k 0.000[0,2130063,2130063,18813][0] 
05-14 17:17:12.220   241   253 I chatty  : uid=1000(system) /system/bin/ylog expire 1 line
05-14 17:17:12.446   241   270 I chatty  : uid=1000(system) /system/bin/ylog expire 1 line
05-14 17:17:13.356   241   690 W YLOG    : [05-14 17:17:13.356] ylog<info> get_context()->enable_rename is 1
05-14 17:17:13.419   241   244 I YLOG    : logmon::0.000 0-0-0-0 t:2130068 c:0 ts:0k 0.000[0,2130068,2130068,18821][0] 
05-14 17:17:14.223   241   253 I chatty  : uid=1000(system) /system/bin/ylog expire 10 lines
05-14 17:17:15.237   241   246 W YLOG    : [05-14 17:17:15.237] ylog<info> APF  delete_oldest_log_data:/storage/emulated/0 ap_path:/storage/emulated/0/ylog/ap/
05-14 17:17:15.326   241   246 W YLOG    : [05-14 17:17:15.326] ylog<error> access /storage/emulated/0/ylog/ap//SYSDUMP get_subfold_size No such file or directory
05-14 17:17:15.327   241   246 W YLOG    : [05-14 17:17:15.327] ylog<error> access /storage/emulated/0/ylog/ap//logbuffer get_subfold_size No such file or directory
05-14 17:17:15.327   241   246 W YLOG    : [05-14 17:17:15.327] ylog<error> access /storage/emulated/0/ylog/ap//phonedata get_subfold_size No such file or directory
05-14 17:17:15.327   241   246 W YLOG    : [05-14 17:17:15.327] ylog<info> AFM  rotatelog?(0)   tot:4096 used:93 free:4003 threshold:80 diskfree:11715 no_quota:1  root:/storage/emulated/0  ap:/storage/emulated/0/ylog/ap/  caller:limit_monitor
05-14 17:17:15.390   241   246 W YLOG    : [05-14 17:17:15.390] ylog<error> access /storage/emulated/0/ylog/ap//SYSDUMP get_subfold_size No such file or directory
05-14 17:17:15.391   241   246 W YLOG    : [05-14 17:17:15.391] ylog<error> access /storage/emulated/0/ylog/ap//logbuffer get_subfold_size No such file or directory
05-14 17:17:15.391   241   246 W YLOG    : [05-14 17:17:15.391] ylog<error> access /storage/emulated/0/ylog/ap//phonedata get_subfold_size No such file or directory
05-14 17:17:15.391   241   246 W YLOG    : [05-14 17:17:15.391] ylog<info> APF  check_quoto_mode:/storage/emulated/0 ap_path:/storage/emulated/0/ylog/ap/
05-14 17:17:15.419   241   244 I YLOG    : logmon::0.000 0-0-0-0 t:2130083 c:0 ts:0k 0.000[2,2130085,2130083,18829][0] 
05-14 17:17:17.420   241   244 I YLOG    : logmon::0.000 0-0-0-0 t:2130103 c:0 ts:0k 0.000[0,2130103,2130103,18837][0] 
05-14 17:17:18.440   241   690 W YLOG    : [05-14 17:17:18.440] ylog<info> get_context()->enable_rename is 1
05-14 17:17:19.421   241   244 I YLOG    : logmon::0.000 0-0-0-0 t:2130114 c:0 ts:0k 0.000[0,2130114,2130114,18844][0] 
05-14 17:17:20.363   979   979 D PowerUI : buckets   .....20 .. 15 .. 10
05-14 17:17:20.363   979   979 D PowerUI : level          80 --> 80
05-14 17:17:20.364   979   979 D PowerUI : status         3 --> 3
05-14 17:17:20.364   979   979 D PowerUI : plugType       0 --> 0
