05-14 17:08:33.857   979   979 D PowerUI : plugType       2 --> 2
05-14 17:08:33.857   979   979 D PowerUI : invalidCharger 0 --> 0
05-14 17:08:33.857   979   979 D PowerUI : bucket         1 --> 1
05-14 17:08:33.857   979   979 D PowerUI : plugged        true --> true
05-14 17:08:33.857   979   979 D PowerUI : health         2 --> 2
05-14 17:08:35.096   681   859 I chatty  : uid=1000(system) AlarmManager expire 5 lines
05-14 17:08:35.105   681   882 I chatty  : uid=1000(system) WifiStateMachin expire 10 lines
05-14 17:08:36.327   241   690 I chatty  : uid=0(root) /system/bin/ylog expire 1 line
05-14 17:08:37.241   241   244 I chatty  : uid=0(root) ylogmonitor expire 5 lines
05-14 17:08:40.347   681   849 I chatty  : uid=1000(system) android.anim expire 8 lines
05-14 17:08:41.380   241   690 I chatty  : uid=0(root) /system/bin/ylog expire 1 line
05-14 17:08:42.284  1515  1515 W ViewRootImpl[RecordActivity]: Dropping event due to root view being removed: MotionEvent { action=ACTION_MOVE, actionButton=0, id[0]=0, x[0]=412.0873, y[0]=-100.1985, toolType[0]=TOOL_TYPE_FINGER, buttonState=0, metaState=0, flags=0x0, edgeFlags=0x0, pointerCount=1, historySize=0, eventTime=4306966, downTime=4306958, deviceId=9, source=0x1002 }
05-14 17:08:43.164   681   891 I chatty  : uid=1000(system) ConnectivitySer expire 9 lines
05-14 17:08:45.236   241   246 I chatty  : uid=0(root) /system/bin/ylog expire 9 lines
05-14 17:08:45.979   681   907 I chatty  : uid=1000(system) ConnectivityThr expire 15 lines
05-14 17:08:46.453   241   690 I chatty  : uid=0(root) /system/bin/ylog expire 1 line
05-14 17:08:46.908   241   253 I chatty  : uid=1000(system) /system/bin/ylog expire 9 lines
05-14 17:08:47.242   241   244 I chatty  : uid=0(root) ylogmonitor expire 6 lines
05-14 17:08:48.846   979   979 D PowerUI : buckets   .....20 .. 15 .. 10
05-14 17:08:48.846   979   979 D PowerUI : level          74 --> 74
05-14 17:08:48.846   979   979 D PowerUI : status         2 --> 2
05-14 17:08:48.846   979   979 D PowerUI : plugType       2 --> 2
05-14 17:08:48.846   979   979 D PowerUI : invalidCharger 0 --> 0
05-14 17:08:48.846   979   979 D PowerUI : bucket         1 --> 1
05-14 17:08:48.846   979   979 D PowerUI : plugged        true --> true
05-14 17:08:48.846   979   979 D PowerUI : health         2 --> 2
05-14 17:08:48.847   681  1162 I chatty  : uid=1000(system) PowerController expire 11 lines
05-14 17:08:51.511   241   690 I chatty  : uid=0(root) /system/bin/ylog expire 2 lines
05-14 17:08:57.387   241   246 I chatty  : uid=0(root) /system/bin/ylog expire 18 lines
05-14 17:08:58.038   681   907 I chatty  : uid=1000(system) ConnectivityThr expire 15 lines
05-14 17:08:59.246   241   244 I chatty  : uid=0(root) ylogmonitor expire 7 lines
05-14 17:08:59.999   681   859 I chatty  : uid=1000(system) AlarmManager expire 12 lines
05-14 17:09:01.631   241   690 I chatty  : uid=0(root) /system/bin/ylog expire 3 lines
05-14 17:09:02.594   241   270 I chatty  : uid=1000(system) /system/bin/ylog expire 1 line
05-14 17:09:03.880   681  1162 I chatty  : uid=1000(system) PowerController expire 12 lines
05-14 17:09:03.885   979   979 D PowerUI : buckets   .....20 .. 15 .. 10
05-14 17:09:03.885   979   979 D PowerUI : level          74 --> 74
05-14 17:09:03.885   979   979 D PowerUI : status         2 --> 2
05-14 17:09:03.885   979   979 D PowerUI : plugType       2 --> 2
05-14 17:09:03.885   979   979 D PowerUI : invalidCharger 0 --> 0
05-14 17:09:03.885   979   979 D PowerUI : bucket         1 --> 1
05-14 17:09:03.885   979   979 D PowerUI : plugged        true --> true
05-14 17:09:03.885   979   979 D PowerUI : health         2 --> 2
05-14 17:09:05.258   241   253 I chatty  : uid=1000(system) /system/bin/ylog expire 10 lines
05-14 17:09:11.324   681  1042 I chatty  : uid=1000(system) Binder:681_5 expire 3 lines
05-14 17:09:13.086   681   907 I chatty  : uid=1000(system) ConnectivityThr expire 10 lines
05-14 17:09:13.249   241   244 I chatty  : uid=0(root) ylogmonitor expire 3 lines
05-14 17:09:16.819   241   690 I chatty  : uid=0(root) /system/bin/ylog expire 1 line
05-14 17:09:19.205   681  1060 I chatty  : uid=1000(system) Binder:681_6 expire 1 line
05-14 17:09:19.252   241   244 I chatty  : uid=0(root) ylogmonitor expire 2 lines
05-14 17:09:21.670   241   246 I chatty  : uid=0(root) /system/bin/ylog expire 9 lines
05-14 17:09:21.887   241   690 I chatty  : uid=0(root) /system/bin/ylog expire 1 line
05-14 17:09:23.253   241   244 I chatty  : uid=0(root) ylogmonitor expire 4 lines
05-14 17:09:25.576   241   253 I chatty  : uid=1000(system) /system/bin/ylog expire 10 lines
05-14 17:09:26.944   241   690 I chatty  : uid=0(root) /system/bin/ylog expire 2 lines
05-14 17:09:31.254   241   244 I chatty  : uid=0(root) ylogmonitor expire 2 lines
05-14 17:09:33.824   241   246 I chatty  : uid=0(root) /system/bin/ylog expire 9 lines
05-14 17:09:33.955   681   681 I chatty  : uid=1000 system_server expire 1 line
05-14 17:09:33.959   681   758 I chatty  : uid=1000(system) ActivityManager expire 7 lines
05-14 17:09:33.960   681  1162 I chatty  : uid=1000(system) PowerController expire 11 lines
05-14 17:09:33.963   979   979 D PowerUI : buckets   .....20 .. 15 .. 10
05-14 17:09:33.964   979   979 D PowerUI : level          74 --> 75
05-14 17:09:33.964   979   979 D PowerUI : status         2 --> 2
05-14 17:09:33.964   979   979 D PowerUI : plugType       2 --> 2
05-14 17:09:33.964   979   979 D PowerUI : invalidCharger 0 --> 0
05-14 17:09:33.964   979   979 D PowerUI : bucket         1 --> 1
05-14 17:09:33.964   979   979 D PowerUI : plugged        true --> true
05-14 17:09:33.964   979   979 D PowerUI : health         2 --> 2
05-14 17:09:33.971   681   705 I chatty  : uid=1000(system) Binder:681_1 expire 4 lines
05-14 17:09:33.987   681   761 I chatty  : uid=1000(system) batterystats-wo expire 2 lines
05-14 17:09:35.256   241   244 I chatty  : uid=0(root) ylogmonitor expire 2 lines
05-14 17:09:37.072   241   690 I chatty  : uid=0(root) /system/bin/ylog expire 2 lines
05-14 17:09:39.257   241   244 I chatty  : uid=0(root) ylogmonitor expire 6 lines
05-14 17:09:40.159   681   891 I chatty  : uid=1000(system) ConnectivitySer expire 4 lines
05-14 17:09:40.159   681   907 I chatty  : uid=1000(system) ConnectivityThr expire 20 lines
05-14 17:09:40.160   681   882 I chatty  : uid=1000(system) WifiStateMachin expire 4 lines
05-14 17:09:45.880   241   253 I chatty  : uid=1000(system) /system/bin/ylog expire 10 lines
05-14 17:09:46.009   241   246 I chatty  : uid=0(root) /system/bin/ylog expire 9 lines
05-14 17:09:47.207   241   690 I chatty  : uid=0(root) /system/bin/ylog expire 2 lines
05-14 17:09:51.259   241   244 I chatty  : uid=0(root) ylogmonitor expire 4 lines
05-14 17:09:52.436   681   681 I chatty  : uid=1000 system_server expire 5 lines
05-14 17:09:52.440   681   858 I chatty  : uid=1000(system) PowerGuruServic expire 3 lines
05-14 17:09:52.441   681  1162 I chatty  : uid=1000(system) PowerController expire 43 lines
05-14 17:09:52.452   979   979 D PowerUI : buckets   .....20 .. 15 .. 10
05-14 17:09:52.452   979   979 D PowerUI : level          75 --> 75
05-14 17:09:52.452   979   979 D PowerUI : status         2 --> 2
05-14 17:09:52.452   979   979 D PowerUI : plugType       2 --> 2
05-14 17:09:52.452   979   979 D PowerUI : invalidCharger 0 --> 0
05-14 17:09:52.452   979   979 D PowerUI : bucket         1 --> 1
05-14 17:09:52.453   979   979 D PowerUI : plugged        true --> true
05-14 17:09:52.453   979   979 D PowerUI : health         2 --> 2
05-14 17:09:57.360   241   690 I chatty  : uid=0(root) /system/bin/ylog expire 1 line
05-14 17:09:58.152   241   246 I chatty  : uid=0(root) /system/bin/ylog expire 9 lines
05-14 17:09:59.260   241   244 I chatty  : uid=0(root) ylogmonitor expire 4 lines
05-14 17:10:00.001   681   859 I chatty  : uid=1000(system) AlarmManager expire 6 lines
05-14 17:10:00.040   681  1042 I chatty  : uid=1000(system) Binder:681_5 expire 13 lines
05-14 17:10:00.807   681   759 I chatty  : uid=1000(system) android.ui expire 12 lines
05-14 17:10:01.461   681   705 I chatty  : uid=1000(system) Binder:681_1 expire 8 lines
05-14 17:10:01.476   681  1164 I chatty  : uid=1000(system) ntroller.RecogA expire 15 lines
05-14 17:10:01.481   681   849 I chatty  : uid=1000(system) android.anim expire 2 lines
05-14 17:10:01.485   681  1060 I chatty  : uid=1000(system) Binder:681_6 expire 8 lines
05-14 17:10:02.328   681  2452 I chatty  : uid=1000(system) Binder:681_B expire 4 lines
05-14 17:10:02.422   241   690 I chatty  : uid=0(root) /system/bin/ylog expire 2 lines
05-14 17:10:05.226   681  1162 I chatty  : uid=1000(system) PowerController expire 27 lines
05-14 17:10:06.251   241   253 I chatty  : uid=1000(system) /system/bin/ylog expire 10 lines
05-14 17:10:07.263   241   244 I chatty  : uid=0(root) ylogmonitor expire 2 lines
05-14 17:10:07.339   681   706 I chatty  : uid=1000(system) Binder:681_2 expire 15 lines
05-14 17:10:10.272   241   246 I chatty  : uid=0(root) /system/bin/ylog expire 9 lines
05-14 17:10:11.265   241   244 I chatty  : uid=0(root) ylogmonitor expire 4 lines
05-14 17:10:12.553   241   690 I chatty  : uid=0(root) /system/bin/ylog expire 5 lines
05-14 17:10:19.268   241   244 I chatty  : uid=0(root) ylogmonitor expire 8 lines
05-14 17:10:22.411   241   246 I chatty  : uid=0(root) /system/bin/ylog expire 18 lines
05-14 17:10:26.160   681   759 I chatty  : uid=1000(system) android.ui expire 10 lines
05-14 17:10:26.163   681  1162 I chatty  : uid=1000(system) PowerController expire 37 lines
05-14 17:10:26.164   681  1164 I chatty  : uid=1000(system) ntroller.RecogA expire 14 lines
05-14 17:10:26.168   681  1042 I chatty  : uid=1000(system) Binder:681_5 expire 3 lines
05-14 17:10:26.279   241   253 I chatty  : uid=1000(system) /system/bin/ylog expire 10 lines
05-14 17:10:27.010   681   706 I chatty  : uid=1000(system) Binder:681_2 expire 18 lines
05-14 17:10:27.703   681  1060 I chatty  : uid=1000(system) Binder:681_6 expire 2 lines
05-14 17:10:27.862   681  2452 I chatty  : uid=1000(system) Binder:681_B expire 7 lines
05-14 17:10:29.162   681   849 I chatty  : uid=1000(system) android.anim expire 1 line
05-14 17:10:35.274   241   244 I chatty  : uid=0(root) ylogmonitor expire 4 lines
05-14 17:10:37.351   681   891 I chatty  : uid=1000(system) ConnectivitySer expire 1 line
05-14 17:10:37.351   681   907 I chatty  : uid=1000(system) ConnectivityThr expire 5 lines
05-14 17:10:37.352   681   882 I chatty  : uid=1000(system) WifiStateMachin expire 1 line
05-14 17:10:37.353   681   758 I chatty  : uid=1000(system) ActivityManager expire 3 lines
05-14 17:10:37.873   241   690 I chatty  : uid=0(root) /system/bin/ylog expire 2 lines
05-14 17:10:43.276   241   244 I chatty  : uid=0(root) ylogmonitor expire 2 lines
05-14 17:10:46.312   241   253 I chatty  : uid=1000(system) /system/bin/ylog expire 10 lines
05-14 17:10:46.686   241   246 I chatty  : uid=0(root) /system/bin/ylog expire 9 lines
05-14 17:10:47.277   241   244 I chatty  : uid=0(root) ylogmonitor expire 2 lines
05-14 17:10:48.003   241   690 I chatty  : uid=0(root) /system/bin/ylog expire 2 lines
05-14 17:10:49.314   681   681 I chatty  : uid=1000 system_server expire 6 lines
05-14 17:10:49.317   681   858 I chatty  : uid=1000(system) PowerGuruServic expire 3 lines
05-14 17:10:49.321   681  1162 I chatty  : uid=1000(system) PowerController expire 54 lines
05-14 17:10:49.323   979   979 D PowerUI : buckets   .....20 .. 15 .. 10
05-14 17:10:49.323   979   979 D PowerUI : level          75 --> 76
05-14 17:10:49.323   979   979 D PowerUI : status         2 --> 2
05-14 17:10:49.323   979   979 D PowerUI : plugType       2 --> 2
05-14 17:10:49.323   979   979 D PowerUI : invalidCharger 0 --> 0
05-14 17:10:49.323   979   979 D PowerUI : bucket         1 --> 1
05-14 17:10:49.324   979   979 D PowerUI : plugged        true --> true
05-14 17:10:49.324   979   979 D PowerUI : health         2 --> 2
05-14 17:10:49.355   681   761 I chatty  : uid=1000(system) batterystats-wo expire 2 lines
05-14 17:10:51.278   241   244 I chatty  : uid=0(root) ylogmonitor expire 4 lines
05-14 17:10:55.542   681   706 I chatty  : uid=1000(system) Binder:681_2 expire 18 lines
05-14 17:10:56.852   681  1164 I chatty  : uid=1000(system) ntroller.RecogA expire 14 lines
05-14 17:10:56.933   681  2452 I chatty  : uid=1000(system) Binder:681_B expire 13 lines
05-14 17:10:58.147   241   690 I chatty  : uid=0(root) /system/bin/ylog expire 1 line
05-14 17:10:58.420   681   891 I chatty  : uid=1000(system) ConnectivitySer expire 1 line
05-14 17:10:58.420   681   907 I chatty  : uid=1000(system) ConnectivityThr expire 5 lines
05-14 17:10:58.422   681   882 I chatty  : uid=1000(system) WifiStateMachin expire 1 line
05-14 17:10:58.423   681   758 I chatty  : uid=1000(system) ActivityManager expire 1 line
05-14 17:10:58.469   681   759 I chatty  : uid=1000(system) android.ui expire 11 lines
05-14 17:10:58.685   681  1042 I chatty  : uid=1000(system) Binder:681_5 expire 13 lines
05-14 17:10:58.813   241   246 I chatty  : uid=0(root) /system/bin/ylog expire 13 lines
05-14 17:10:59.280   241   244 I chatty  : uid=0(root) ylogmonitor expire 6 lines
05-14 17:11:00.001   681   859 I chatty  : uid=1000(system) AlarmManager expire 6 lines
05-14 17:11:03.202   241   690 I chatty  : uid=0(root) /system/bin/ylog expire 2 lines
05-14 17:11:05.048   241   270 I chatty  : uid=1000(system) /system/bin/ylog expire 1 line
05-14 17:11:06.352   241   253 I chatty  : uid=1000(system) /system/bin/ylog expire 10 lines
05-14 17:11:07.452   681   891 I chatty  : uid=1000(system) ConnectivitySer expire 3 lines
05-14 17:11:07.453   681   907 I chatty  : uid=1000(system) ConnectivityThr expire 15 lines
05-14 17:11:07.454   681   882 I chatty  : uid=1000(system) WifiStateMachin expire 3 lines
05-14 17:11:07.456   681   758 I chatty  : uid=1000(system) ActivityManager expire 6 lines
05-14 17:11:09.218   681   849 I chatty  : uid=1000(system) android.anim expire 4 lines
05-14 17:11:10.548   681  2452 I chatty  : uid=1000(system) Binder:681_B expire 17 lines
05-14 17:11:10.550   681  1162 I chatty  : uid=1000(system) PowerController expire 63 lines
05-14 17:11:11.029   241   246 I chatty  : uid=0(root) /system/bin/ylog expire 5 lines
05-14 17:11:11.283   241   244 I chatty  : uid=0(root) ylogmonitor expire 9 lines
05-14 17:11:13.310   241   690 I chatty  : uid=0(root) /system/bin/ylog expire 3 lines
05-14 17:11:15.450   681   759 I chatty  : uid=1000(system) android.ui expire 15 lines
05-14 17:11:16.031   681  1042 I chatty  : uid=1000(system) Binder:681_5 expire 14 lines
05-14 17:11:18.400   681  1164 I chatty  : uid=1000(system) ntroller.RecogA expire 12 lines
05-14 17:11:18.544   681  1060 I chatty  : uid=1000(system) Binder:681_6 expire 15 lines
05-14 17:11:23.100   241   246 I chatty  : uid=0(root) /system/bin/ylog expire 15 lines
05-14 17:11:24.665   681   878 I chatty  : uid=1000(system) NetworkStats expire 3 lines
05-14 17:11:26.049   681   858 I chatty  : uid=1000(system) PowerGuruServic expire 5 lines
05-14 17:11:26.402   241   253 I chatty  : uid=1000(system) /system/bin/ylog expire 10 lines
05-14 17:11:28.519   681   891 I chatty  : uid=1000(system) ConnectivitySer expire 5 lines
05-14 17:11:28.519   681   907 I chatty  : uid=1000(system) ConnectivityThr expire 15 lines
05-14 17:11:28.521   681   882 I chatty  : uid=1000(system) WifiStateMachin expire 5 lines
05-14 17:11:28.528   241   690 I chatty  : uid=0(root) /system/bin/ylog expire 2 lines
05-14 17:11:28.984   681  1162 I chatty  : uid=1000(system) PowerController expire 34 lines
05-14 17:11:29.292   241   244 I chatty  : uid=0(root) ylogmonitor expire 4 lines
05-14 17:11:29.357   681  1060 I chatty  : uid=1000(system) Binder:681_6 expire 14 lines
05-14 17:11:32.466   681   759 I chatty  : uid=1000(system) android.ui expire 18 lines
05-14 17:11:34.429   681   681 I chatty  : uid=1000 system_server expire 1 line
05-14 17:11:34.438   979   979 D PowerUI : buckets   .....20 .. 15 .. 10
05-14 17:11:34.438   979   979 D PowerUI : level          76 --> 76
05-14 17:11:34.438   979   979 D PowerUI : status         2 --> 2
05-14 17:11:34.439   979   979 D PowerUI : plugType       2 --> 2
05-14 17:11:34.439   979   979 D PowerUI : invalidCharger 0 --> 0
05-14 17:11:34.439   979   979 D PowerUI : bucket         1 --> 1
05-14 17:11:34.439   979   979 D PowerUI : plugged        true --> true
05-14 17:11:34.439   979   979 D PowerUI : health         2 --> 2
05-14 17:11:35.388   241   246 I chatty  : uid=0(root) /system/bin/ylog expire 3 lines
05-14 17:11:37.276   681   705 I chatty  : uid=1000(system) Binder:681_1 expire 3 lines
05-14 17:11:37.294   241   244 I chatty  : uid=0(root) ylogmonitor expire 2 lines
05-14 17:11:38.671   241   690 I chatty  : uid=0(root) /system/bin/ylog expire 2 lines
05-14 17:11:38.695   681   706 I chatty  : uid=1000(system) Binder:681_2 expire 15 lines
05-14 17:11:39.162   681  1164 I chatty  : uid=1000(system) ntroller.RecogA expire 3 lines
05-14 17:11:39.593   681  1162 I chatty  : uid=1000(system) PowerController expire 16 lines
05-14 17:11:41.295   241   244 I chatty  : uid=0(root) ylogmonitor expire 4 lines
05-14 17:11:42.562   681   758 I chatty  : uid=1000(system) ActivityManager expire 8 lines
05-14 17:11:43.090   681  1042 I chatty  : uid=1000(system) Binder:681_5 expire 11 lines
05-14 17:11:43.561   681   878 I chatty  : uid=1000(system) NetworkStats expire 3 lines
05-14 17:11:46.456   241   253 I chatty  : uid=1000(system) /system/bin/ylog expire 10 lines
05-14 17:11:47.389   241   246 I chatty  : uid=0(root) /system/bin/ylog expire 9 lines
05-14 17:11:48.027   681   706 I chatty  : uid=1000(system) Binder:681_2 expire 5 lines
05-14 17:11:48.815   241   690 I chatty  : uid=0(root) /system/bin/ylog expire 2 lines
05-14 17:11:49.298   241   244 I chatty  : uid=0(root) ylogmonitor expire 6 lines
05-14 17:11:49.472   681   681 I chatty  : uid=1000 system_server expire 5 lines
05-14 17:11:49.474   681   858 I chatty  : uid=1000(system) PowerGuruServic expire 5 lines
05-14 17:11:49.478   681  1162 I chatty  : uid=1000(system) PowerController expire 11 lines
05-14 17:11:49.482   979   979 D PowerUI : buckets   .....20 .. 15 .. 10
05-14 17:11:49.482   979   979 D PowerUI : level          76 --> 77
05-14 17:11:49.482   979   979 D PowerUI : status         2 --> 2
05-14 17:11:49.482   979   979 D PowerUI : plugType       2 --> 2
05-14 17:11:49.482   979   979 D PowerUI : invalidCharger 0 --> 0
05-14 17:11:49.482   979   979 D PowerUI : bucket         1 --> 1
05-14 17:11:49.482   979   979 D PowerUI : plugged        true --> true
05-14 17:11:49.482   979   979 D PowerUI : health         2 --> 2
05-14 17:11:49.507   681   761 I chatty  : uid=1000(system) batterystats-wo expire 2 lines
05-14 17:11:58.632   681   907 I chatty  : uid=1000(system) ConnectivityThr expire 10 lines
05-14 17:11:58.945   241   690 I chatty  : uid=0(root) /system/bin/ylog expire 1 line
05-14 17:11:59.524   241   246 I chatty  : uid=0(root) /system/bin/ylog expire 18 lines
05-14 17:12:00.000   681   859 I chatty  : uid=1000(system) AlarmManager expire 6 lines
05-14 17:12:01.301   241   244 I chatty  : uid=0(root) ylogmonitor expire 10 lines
05-14 17:12:04.014   241   690 I chatty  : uid=0(root) /system/bin/ylog expire 4 lines
05-14 17:12:06.481   241   253 I chatty  : uid=1000(system) /system/bin/ylog expire 10 lines
05-14 17:12:19.497   681  1162 I chatty  : uid=1000(system) PowerController expire 18 lines
05-14 17:12:19.504   681  1164 I chatty  : uid=1000(system) ntroller.RecogA expire 6 lines
05-14 17:12:21.307   241   244 I chatty  : uid=0(root) ylogmonitor expire 2 lines
05-14 17:12:23.779   241   246 I chatty  : uid=0(root) /system/bin/ylog expire 9 lines
05-14 17:12:24.271   241   690 I chatty  : uid=0(root) /system/bin/ylog expire 1 line
05-14 17:12:24.282   681  1042 I chatty  : uid=1000(system) Binder:681_5 expire 6 lines
05-14 17:12:24.322  1515  1515 W ViewRootImpl[AiuiMainActivity]: Dropping event due to no window focus: KeyEvent { action=ACTION_DOWN, keyCode=KEYCODE_MEDIA_RECORD, scanCode=167, metaState=0, flags=0x8, repeatCount=14, eventTime=4529017, downTime=4527857, deviceId=0, source=0x101 }
05-14 17:12:24.366   681   705 I chatty  : uid=1000(system) Binder:681_1 expire 7 lines
05-14 17:12:25.308   241   244 I chatty  : uid=0(root) ylogmonitor expire 3 lines
05-14 17:12:26.538   241   253 I chatty  : uid=1000(system) /system/bin/ylog expire 10 lines
05-14 17:12:29.348   241   690 I chatty  : uid=0(root) /system/bin/ylog expire 2 lines
05-14 17:12:31.245   681  1162 I chatty  : uid=1000(system) PowerController expire 15 lines
05-14 17:12:31.312   241   244 I chatty  : uid=0(root) ylogmonitor expire 3 lines
05-14 17:12:35.906   241   246 I chatty  : uid=0(root) /system/bin/ylog expire 18 lines
05-14 17:12:37.314   241   244 I chatty  : uid=0(root) ylogmonitor expire 12 lines
05-14 17:12:39.461   241   690 I chatty  : uid=0(root) /system/bin/ylog expire 5 lines
05-14 17:12:43.778   681   759 I chatty  : uid=1000(system) android.ui expire 9 lines
05-14 17:12:45.363   681   706 I chatty  : uid=1000(system) Binder:681_2 expire 21 lines
05-14 17:12:45.379   681   705 I chatty  : uid=1000(system) Binder:681_1 expire 12 lines
05-14 17:12:45.379   681  1162 I chatty  : uid=1000(system) PowerController expire 57 lines
05-14 17:12:45.380   681  1164 I chatty  : uid=1000(system) ntroller.RecogA expire 9 lines
05-14 17:12:46.864   681  1042 I chatty  : uid=1000(system) Binder:681_5 expire 13 lines
05-14 17:12:46.913   241   253 I chatty  : uid=1000(system) /system/bin/ylog expire 10 lines
05-14 17:12:49.638   681   681 I chatty  : uid=1000 system_server expire 6 lines
05-14 17:12:49.639   681   858 I chatty  : uid=1000(system) PowerGuruServic expire 6 lines
05-14 17:12:49.641   681   758 I chatty  : uid=1000(system) ActivityManager expire 3 lines
05-14 17:12:49.644   979   979 D PowerUI : buckets   .....20 .. 15 .. 10
05-14 17:12:49.644   979   979 D PowerUI : level          77 --> 78
05-14 17:12:49.644   979   979 D PowerUI : status         2 --> 2
05-14 17:12:49.645   979   979 D PowerUI : plugType       2 --> 2
05-14 17:12:49.645   979   979 D PowerUI : invalidCharger 0 --> 0
05-14 17:12:49.645   979   979 D PowerUI : bucket         1 --> 1
05-14 17:12:49.645   979   979 D PowerUI : plugged        true --> true
05-14 17:12:49.645   979   979 D PowerUI : health         2 --> 2
05-14 17:12:49.695   681   761 I chatty  : uid=1000(system) batterystats-wo expire 2 lines
05-14 17:13:00.000   681   859 I chatty  : uid=1000(system) AlarmManager expire 6 lines
05-14 17:13:00.194   241   246 I chatty  : uid=0(root) /system/bin/ylog expire 9 lines
05-14 17:13:01.320   241   244 I chatty  : uid=0(root) ylogmonitor expire 2 lines
05-14 17:13:04.673   979   979 D PowerUI : buckets   .....20 .. 15 .. 10
05-14 17:13:04.673   979   979 D PowerUI : level          78 --> 78
05-14 17:13:04.673   979   979 D PowerUI : status         2 --> 2
05-14 17:13:04.673   979   979 D PowerUI : plugType       2 --> 2
05-14 17:13:04.673   979   979 D PowerUI : invalidCharger 0 --> 0
05-14 17:13:04.673   979   979 D PowerUI : bucket         1 --> 1
05-14 17:13:04.673   979   979 D PowerUI : plugged        true --> true
05-14 17:13:04.673   979   979 D PowerUI : health         2 --> 2
05-14 17:13:04.849   241   690 I chatty  : uid=0(root) /system/bin/ylog expire 1 line
05-14 17:13:05.322   241   244 I chatty  : uid=0(root) ylogmonitor expire 4 lines
05-14 17:13:05.922   681   705 I chatty  : uid=1000(system) Binder:681_1 expire 6 lines
05-14 17:13:06.548   681   757 I chatty  : uid=1000(system) android.bg expire 2 lines
05-14 17:13:06.551   681  7104 I chatty  : uid=1000 system_server expire 2 lines
05-14 17:13:07.092   241   253 I chatty  : uid=1000(system) /system/bin/ylog expire 12 lines
05-14 17:13:07.374   241   270 I chatty  : uid=1000(system) /system/bin/ylog expire 1 line
05-14 17:13:09.684   681  1162 I chatty  : uid=1000(system) PowerController expire 14 lines
05-14 17:13:09.904   241   690 I chatty  : uid=0(root) /system/bin/ylog expire 1 line
05-14 17:13:12.327   241   246 I chatty  : uid=0(root) /system/bin/ylog expire 9 lines
05-14 17:13:13.310   681   706 I chatty  : uid=1000(system) Binder:681_2 expire 31 lines
05-14 17:13:13.324   241   244 I chatty  : uid=0(root) ylogmonitor expire 1 line
05-14 17:13:14.610   681  1042 I chatty  : uid=1000(system) Binder:681_5 expire 1 line
05-14 17:13:14.611   681  1162 I chatty  : uid=1000(system) PowerController expire 37 lines
05-14 17:13:14.611   681  1164 I chatty  : uid=1000(system) ntroller.RecogA expire 11 lines
05-14 17:13:14.987   241   690 I chatty  : uid=0(root) /system/bin/ylog expire 2 lines
05-14 17:13:15.324   241   244 I chatty  : uid=0(root) ylogmonitor expire 5 lines
05-14 17:13:17.513   681   705 I chatty  : uid=1000(system) Binder:681_1 expire 19 lines
05-14 17:13:18.820   681   759 I chatty  : uid=1000(system) android.ui expire 10 lines
05-14 17:13:19.715   681   681 I chatty  : uid=1000 system_server expire 2 lines
05-14 17:13:19.718   681   758 I chatty  : uid=1000(system) ActivityManager expire 2 lines
05-14 17:13:19.725   681   858 I chatty  : uid=1000(system) PowerGuruServic expire 4 lines
05-14 17:13:19.728   979   979 D PowerUI : buckets   .....20 .. 15 .. 10
05-14 17:13:19.728   979   979 D PowerUI : level          78 --> 78
05-14 17:13:19.728   979   979 D PowerUI : status         2 --> 2
05-14 17:13:19.728   979   979 D PowerUI : plugType       2 --> 2
05-14 17:13:19.728   979   979 D PowerUI : invalidCharger 0 --> 0
05-14 17:13:19.728   979   979 D PowerUI : bucket         1 --> 1
05-14 17:13:19.728   979   979 D PowerUI : plugged        true --> true
05-14 17:13:19.728   979   979 D PowerUI : health         2 --> 2
05-14 17:13:24.535   241   246 I chatty  : uid=0(root) /system/bin/ylog expire 4 lines
05-14 17:13:24.614   241   246 W YLOG    : [05-14 17:13:24.614] ylog<info> AFM  rotatelog?(0)   tot:4096 used:90 free:4006 threshold:80 diskfree:11727 no_quota:1  root:/storage/emulated/0  ap:/storage/emulated/0/ylog/ap/  caller:limit_monitor
05-14 17:13:24.677   241   246 W YLOG    : [05-14 17:13:24.677] ylog<error> access /storage/emulated/0/ylog/ap//SYSDUMP get_subfold_size No such file or directory
05-14 17:13:24.677   241   246 W YLOG    : [05-14 17:13:24.677] ylog<error> access /storage/emulated/0/ylog/ap//logbuffer get_subfold_size No such file or directory
05-14 17:13:24.677   241   246 W YLOG    : [05-14 17:13:24.677] ylog<error> access /storage/emulated/0/ylog/ap//phonedata get_subfold_size No such file or directory
05-14 17:13:24.677   241   246 W YLOG    : [05-14 17:13:24.677] ylog<info> APF  check_quoto_mode:/storage/emulated/0 ap_path:/storage/emulated/0/ylog/ap/
05-14 17:13:25.149   241   690 W YLOG    : [05-14 17:13:25.149] ylog<info> get_context()->enable_rename is 1
05-14 17:13:25.327   241   244 I YLOG    : logmon::0.000 0-0-0-0 t:2101537 c:1 ts:12k 0.413[314,2101851,2101537,17915][0] 
05-14 17:13:27.333   241   244 I YLOG    : logmon::0.000 0-0-0-0 t:2103533 c:4 ts:59k 0.857[446,2103979,2103533,17923][0] 
05-14 17:13:29.333   241   244 I YLOG    : logmon::0.000 0-0-0-0 t:2105734 c:5 ts:67k 0.891[206,2105940,2105734,17931][0] 
05-14 17:13:30.222   241   690 W YLOG    : [05-14 17:13:30.222] ylog<info> get_context()->enable_rename is 1
05-14 17:13:31.334   241   244 I YLOG    : logmon::0.000 0-0-0-0 t:2107333 c:4 ts:48k 0.879[21,2107354,2107333,17938][0] 
05-14 17:13:31.547   241   253 I chatty  : uid=1000(system) /system/bin/ylog expire 10 lines
05-14 17:13:33.335   241   244 I YLOG    : logmon::0.000 0-0-0-0 t:2108240 c:2 ts:24k 0.785[435,2108675,2108240,17946][0] 
05-14 17:13:33.459   681  1162 I chatty  : uid=1000(system) PowerController expire 74 lines
05-14 17:13:34.759   979   979 D PowerUI : buckets   .....20 .. 15 .. 10
05-14 17:13:34.759   979   979 D PowerUI : level          78 --> 78
05-14 17:13:34.759   979   979 D PowerUI : status         2 --> 2
05-14 17:13:34.759   979   979 D PowerUI : plugType       2 --> 2
05-14 17:13:34.759   979   979 D PowerUI : invalidCharger 0 --> 0
05-14 17:13:34.759   979   979 D PowerUI : bucket         1 --> 1
05-14 17:13:34.759   979   979 D PowerUI : plugged        true --> true
05-14 17:13:34.759   979   979 D PowerUI : health         2 --> 2
05-14 17:13:35.298   241   690 W YLOG    : [05-14 17:13:35.298] ylog<info> get_context()->enable_rename is 1
05-14 17:13:35.335   241   244 I YLOG    : logmon::0.000 0-0-0-0 t:2110672 c:5 ts:77k 0.772[0,2110672,2110672,17954][0] 
05-14 17:13:36.678   241   246 W YLOG    : [05-14 17:13:36.678] ylog<info> APF  delete_oldest_log_data:/storage/emulated/0 ap_path:/storage/emulated/0/ylog/ap/
05-14 17:13:36.743   241   246 W YLOG    : [05-14 17:13:36.743] ylog<error> access /storage/emulated/0/ylog/ap//SYSDUMP get_subfold_size No such file or directory
05-14 17:13:36.743   241   246 W YLOG    : [05-14 17:13:36.743] ylog<error> access /storage/emulated/0/ylog/ap//logbuffer get_subfold_size No such file or directory
05-14 17:13:36.743   241   246 W YLOG    : [05-14 17:13:36.743] ylog<error> access /storage/emulated/0/ylog/ap//phonedata get_subfold_size No such file or directory
05-14 17:13:36.743   241   246 W YLOG    : [05-14 17:13:36.743] ylog<info> AFM  rotatelog?(0)   tot:4096 used:90 free:4006 threshold:80 diskfree:11726 no_quota:1  root:/storage/emulated/0  ap:/storage/emulated/0/ylog/ap/  caller:limit_monitor
05-14 17:13:36.815   241   246 W YLOG    : [05-14 17:13:36.815] ylog<error> access /storage/emulated/0/ylog/ap//SYSDUMP get_subfold_size No such file or directory
05-14 17:13:36.815   241   246 W YLOG    : [05-14 17:13:36.815] ylog<error> access /storage/emulated/0/ylog/ap//logbuffer get_subfold_size No such file or directory
05-14 17:13:36.816   241   246 W YLOG    : [05-14 17:13:36.816] ylog<error> access /storage/emulated/0/ylog/ap//phonedata get_subfold_size No such file or directory
05-14 17:13:36.816   241   246 W YLOG    : [05-14 17:13:36.816] ylog<info> APF  check_quoto_mode:/storage/emulated/0 ap_path:/storage/emulated/0/ylog/ap/
05-14 17:13:37.335   241   244 I YLOG    : logmon::0.000 0-0-0-0 t:2110740 c:0 ts:0k 0.000[31,2110771,2110740,17962][0] 
05-14 17:13:37.686   681   706 I chatty  : uid=1000(system) Binder:681_2 expire 38 lines
05-14 17:13:39.147   681  1042 I chatty  : uid=1000(system) Binder:681_5 expire 44 lines
05-14 17:13:39.337   241   244 I YLOG    : logmon::0.000 0-0-0-0 t:2111155 c:1 ts:16k 0.433[91,2111246,2111155,17970][0] 
05-14 17:13:40.357   241   690 W YLOG    : [05-14 17:13:40.357] ylog<info> get_context()->enable_rename is 1
05-14 17:13:40.889   681  1164 I chatty  : uid=1000(system) ntroller.RecogA expire 23 lines
05-14 17:13:41.339   241   244 I YLOG    : logmon::0.000 0-0-0-0 t:2111449 c:0 ts:15k 0.523[97,2111546,2111449,17978][0] 
05-14 17:13:42.123   681   759 I chatty  : uid=1000(system) android.ui expire 16 lines
05-14 17:13:42.186   681   866 I chatty  : uid=1000(system) InputDispatcher expire 4 lines
05-14 17:13:42.244  1515  1515 W ViewRootImpl[AiuiMainActivity]: Dropping event due to no window focus: KeyEvent { action=ACTION_DOWN, keyCode=KEYCODE_HOME, scanCode=172, metaState=0, flags=0x8, repeatCount=3, eventTime=4606931, downTime=4606328, deviceId=6, source=0x101 }
05-14 17:13:43.340   241   244 I YLOG    : logmon::0.000 0-0-0-0 t:2111922 c:1 ts:27k 0.534[48,2111970,2111922,17985][0] 
05-14 17:13:45.341   241   244 I YLOG    : logmon::0.000 0-0-0-0 t:2112228 c:1 ts:16k 0.528[53,2112281,2112228,17993][0] 
05-14 17:13:45.417   241   690 W YLOG    : [05-14 17:13:45.417] ylog<info> get_context()->enable_rename is 1
05-14 17:13:46.322   681   849 I chatty  : uid=1000(system) android.anim expire 3 lines
05-14 17:13:47.309   681  1162 I chatty  : uid=1000(system) PowerController expire 71 lines
05-14 17:13:47.342   241   244 I YLOG    : logmon::0.000 0-0-0-0 t:2112466 c:0 ts:6k 0.399[16,2112482,2112466,18001][0] 
05-14 17:13:47.455  1515  1515 W ViewRootImpl[PlayListOptActivity]: Dropping event due to no window focus: KeyEvent { action=ACTION_DOWN, keyCode=KEYCODE_HOME, scanCode=172, metaState=0, flags=0x8, repeatCount=3, eventTime=4612010, downTime=4611407, deviceId=6, source=0x101 }
05-14 17:13:47.460  1515  1515 W ViewRootImpl[PlayListOptActivity]: Dropping event due to no window focus: KeyEvent { action=ACTION_DOWN, keyCode=KEYCODE_HOME, scanCode=172, metaState=0, flags=0x8, repeatCount=4, eventTime=4612131, downTime=4611407, deviceId=6, source=0x101 }
05-14 17:13:47.490  1515  1515 W ViewRootImpl[PlayListOptActivity]: Dropping event due to no window focus: KeyEvent { action=ACTION_DOWN, keyCode=KEYCODE_HOME, scanCode=172, metaState=0, flags=0x8, repeatCount=5, eventTime=4612183, downTime=4611407, deviceId=6, source=0x101 }
05-14 17:13:48.232   681   681 I chatty  : uid=1000 system_server expire 7 lines
05-14 17:13:48.504  1515  1515 W ViewRootImpl[FileExplorerActivity]: Dropping event due to no window focus: KeyEvent { action=ACTION_DOWN, keyCode=KEYCODE_HOME, scanCode=172, metaState=0, flags=0x8, repeatCount=22, eventTime=4613044, downTime=4611407, deviceId=6, source=0x101 }
05-14 17:13:48.505  1515  1515 W ViewRootImpl[FileExplorerActivity]: Dropping event due to no window focus: KeyEvent { action=ACTION_DOWN, keyCode=KEYCODE_HOME, scanCode=172, metaState=0, flags=0x8, repeatCount=23, eventTime=4613095, downTime=4611407, deviceId=6, source=0x101 }
05-14 17:13:48.506  1515  1515 W ViewRootImpl[FileExplorerActivity]: Dropping event due to no window focus: KeyEvent { action=ACTION_DOWN, keyCode=KEYCODE_HOME, scanCode=172, metaState=0, flags=0x8, repeatCount=24, eventTime=4613200, downTime=4611407, deviceId=6, source=0x101 }
05-14 17:13:48.817   241   246 W YLOG    : [05-14 17:13:48.817] ylog<info> APF  delete_oldest_log_data:/storage/emulated/0 ap_path:/storage/emulated/0/ylog/ap/
05-14 17:13:48.886   241   246 W YLOG    : [05-14 17:13:48.886] ylog<error> access /storage/emulated/0/ylog/ap//SYSDUMP get_subfold_size No such file or directory
05-14 17:13:48.886   241   246 W YLOG    : [05-14 17:13:48.886] ylog<error> access /storage/emulated/0/ylog/ap//logbuffer get_subfold_size No such file or directory
05-14 17:13:48.887   241   246 W YLOG    : [05-14 17:13:48.887] ylog<error> access /storage/emulated/0/ylog/ap//phonedata get_subfold_size No such file or directory
05-14 17:13:48.887   241   246 W YLOG    : [05-14 17:13:48.887] ylog<info> AFM  rotatelog?(0)   tot:4096 used:91 free:4005 threshold:80 diskfree:11726 no_quota:1  root:/storage/emulated/0  ap:/storage/emulated/0/ylog/ap/  caller:limit_monitor
05-14 17:13:48.957   241   246 W YLOG    : [05-14 17:13:48.957] ylog<error> access /storage/emulated/0/ylog/ap//SYSDUMP get_subfold_size No such file or directory
05-14 17:13:48.958   241   246 W YLOG    : [05-14 17:13:48.958] ylog<error> access /storage/emulated/0/ylog/ap//logbuffer get_subfold_size No such file or directory
05-14 17:13:48.958   241   246 W YLOG    : [05-14 17:13:48.958] ylog<error> access /storage/emulated/0/ylog/ap//phonedata get_subfold_size No such file or directory
05-14 17:13:48.958   241   246 W YLOG    : [05-14 17:13:48.958] ylog<info> APF  check_quoto_mode:/storage/emulated/0 ap_path:/storage/emulated/0/ylog/ap/
05-14 17:13:49.342   241   244 I YLOG    : logmon::0.000 0-0-0-0 t:2112958 c:1 ts:37k 0.760[81,2113039,2112958,18009][0] 
05-14 17:13:49.884  1515  1515 W ViewRootImpl[PlayListOptActivity]: Dropping event due to no window focus: KeyEvent { action=ACTION_DOWN, keyCode=KEYCODE_HOME, scanCode=172, metaState=0, flags=0x8, repeatCount=49, eventTime=4614463, downTime=4611407, deviceId=6, source=0x101 }
05-14 17:13:49.884  1515  1515 W ViewRootImpl[PlayListOptActivity]: Dropping event due to no window focus: KeyEvent { action=ACTION_DOWN, keyCode=KEYCODE_HOME, scanCode=172, metaState=0, flags=0x8, repeatCount=50, eventTime=4614561, downTime=4611407, deviceId=6, source=0x101 }
05-14 17:13:49.967  1515  1515 W ViewRootImpl[PlayListOptActivity]: Dropping event due to no window focus: KeyEvent { action=ACTION_DOWN, keyCode=KEYCODE_HOME, scanCode=172, metaState=0, flags=0x8, repeatCount=51, eventTime=4614612, downTime=4611407, deviceId=6, source=0x101 }
05-14 17:13:50.481   241   690 W YLOG    : [05-14 17:13:50.481] ylog<info> get_context()->enable_rename is 1
05-14 17:13:51.292  1515  1515 W ViewRootImpl[PlayerActivity]: Dropping event due to no window focus: KeyEvent { action=ACTION_DOWN, keyCode=KEYCODE_HOME, scanCode=172, metaState=0, flags=0x8, repeatCount=77, eventTime=4615930, downTime=4611407, deviceId=6, source=0x101 }
05-14 17:13:51.301  1515  1515 W ViewRootImpl[PlayerActivity]: Dropping event due to no window focus: KeyEvent { action=ACTION_DOWN, keyCode=KEYCODE_HOME, scanCode=172, metaState=0, flags=0x8, repeatCount=78, eventTime=4615981, downTime=4611407, deviceId=6, source=0x101 }
05-14 17:13:51.343   241   244 I YLOG    : logmon::0.000 0-0-0-0 t:2113377 c:1 ts:29k 0.752[151,2113528,2113377,18017][0] 
05-14 17:13:51.701   241   253 I chatty  : uid=1000(system) /system/bin/ylog expire 10 lines
05-14 17:13:52.437   681   858 I chatty  : uid=1000(system) PowerGuruServic expire 8 lines
05-14 17:13:52.439   681   758 I chatty  : uid=1000(system) ActivityManager expire 3 lines
05-14 17:13:52.442   979   979 D PowerUI : buckets   .....20 .. 15 .. 10
05-14 17:13:52.443   979   979 D PowerUI : level          78 --> 78
05-14 17:13:52.443   979   979 D PowerUI : status         2 --> 2
05-14 17:13:52.443   979   979 D PowerUI : plugType       2 --> 2
05-14 17:13:52.443   979   979 D PowerUI : invalidCharger 0 --> 0
05-14 17:13:52.443   979   979 D PowerUI : bucket         1 --> 1
05-14 17:13:52.443   979   979 D PowerUI : plugged        true --> true
05-14 17:13:52.443   979   979 D PowerUI : health         2 --> 2
05-14 17:13:53.343   241   244 I YLOG    : logmon::0.000 0-0-0-0 t:2113821 c:1 ts:30k 0.756[128,2113949,2113821,18025][0] 
05-14 17:13:55.344   241   244 I YLOG    : logmon::0.000 0-0-0-0 t:2114113 c:0 ts:22k 0.780[128,2114241,2114113,18033][0] 
05-14 17:13:55.588   241   690 W YLOG    : [05-14 17:13:55.588] ylog<info> get_context()->enable_rename is 1
05-14 17:13:57.345   241   244 I YLOG    : logmon::0.000 0-0-0-0 t:2114441 c:0 ts:14k 0.416[10,2114451,2114441,18041][0] 
05-14 17:13:59.346   241   244 I YLOG    : logmon::0.000 0-0-0-0 t:2114506 c:0 ts:0k 0.000[11,2114517,2114506,18049][0] 
05-14 17:14:00.000   681   859 I chatty  : uid=1000(system) AlarmManager expire 5 lines
05-14 17:14:00.037   681  1042 I chatty  : uid=1000(system) Binder:681_5 expire 31 lines
05-14 17:14:00.670   241   690 W YLOG    : [05-14 17:14:00.670] ylog<info> get_context()->enable_rename is 1
05-14 17:14:00.959   241   246 W YLOG    : [05-14 17:14:00.959] ylog<info> APF  delete_oldest_log_data:/storage/emulated/0 ap_path:/storage/emulated/0/ylog/ap/
05-14 17:14:01.035   241   246 W YLOG    : [05-14 17:14:01.035] ylog<error> access /storage/emulated/0/ylog/ap//SYSDUMP get_subfold_size No such file or directory
05-14 17:14:01.035   241   246 W YLOG    : [05-14 17:14:01.035] ylog<error> access /storage/emulated/0/ylog/ap//logbuffer get_subfold_size No such file or directory
05-14 17:14:01.035   241   246 W YLOG    : [05-14 17:14:01.035] ylog<error> access /storage/emulated/0/ylog/ap//phonedata get_subfold_size No such file or directory
05-14 17:14:01.036   241   246 W YLOG    : [05-14 17:14:01.036] ylog<info> AFM  rotatelog?(0)   tot:4096 used:91 free:4005 threshold:80 diskfree:11726 no_quota:1  root:/storage/emulated/0  ap:/storage/emulated/0/ylog/ap/  caller:limit_monitor
05-14 17:14:01.113   241   246 W YLOG    : [05-14 17:14:01.113] ylog<error> access /storage/emulated/0/ylog/ap//SYSDUMP get_subfold_size No such file or directory
05-14 17:14:01.113   241   246 W YLOG    : [05-14 17:14:01.113] ylog<error> access /storage/emulated/0/ylog/ap//logbuffer get_subfold_size No such file or directory
05-14 17:14:01.115   241   246 W YLOG    : [05-14 17:14:01.115] ylog<error> access /storage/emulated/0/ylog/ap//phonedata get_subfold_size No such file or directory
05-14 17:14:01.115   241   246 W YLOG    : [05-14 17:14:01.115] ylog<info> APF  check_quoto_mode:/storage/emulated/0 ap_path:/storage/emulated/0/ylog/ap/
05-14 17:14:01.346   241   244 I YLOG    : logmon::0.000 0-0-0-0 t:2114594 c:0 ts:0k 0.000[19,2114613,2114594,18057][0] 
05-14 17:14:03.347   241   244 I YLOG    : logmon::0.000 0-0-0-0 t:2114674 c:0 ts:0k 0.000[8,2114682,2114674,18065][0] 
05-14 17:14:03.654   681  1162 I chatty  : uid=1000(system) PowerController expire 81 lines
05-14 17:14:03.655   681  1164 I chatty  : uid=1000(system) ntroller.RecogA expire 17 lines
05-14 17:14:04.835   979   979 D PowerUI : buckets   .....20 .. 15 .. 10
05-14 17:14:04.835   979   979 D PowerUI : level          78 --> 79
05-14 17:14:04.835   979   979 D PowerUI : status         2 --> 2
05-14 17:14:04.835   979   979 D PowerUI : plugType       2 --> 2
05-14 17:14:04.835   979   979 D PowerUI : invalidCharger 0 --> 0
05-14 17:14:04.835   979   979 D PowerUI : bucket         1 --> 1
05-14 17:14:04.835   979   979 D PowerUI : plugged        true --> true
05-14 17:14:04.835   979   979 D PowerUI : health         2 --> 2
05-14 17:14:04.863   681   761 I chatty  : uid=1000(system) batterystats-wo expire 2 lines
05-14 17:14:05.347   241   244 I YLOG    : logmon::0.000 0-0-0-0 t:2115054 c:1 ts:19k 0.679[35,2115089,2115054,18073][0] 
05-14 17:14:05.614   681   759 I chatty  : uid=1000(system) android.ui expire 12 lines
05-14 17:14:05.744   241   690 W YLOG    : [05-14 17:14:05.744] ylog<info> get_context()->enable_rename is 1
05-14 17:14:06.624   681   705 I chatty  : uid=1000(system) Binder:681_1 expire 15 lines
05-14 17:14:06.660   681   866 I chatty  : uid=1000(system) InputDispatcher expire 9 lines
05-14 17:14:07.348   241   244 I YLOG    : logmon::0.000 0-0-0-0 t:2115551 c:1 ts:25k 0.631[48,2115599,2115551,18081][0] 
05-14 17:14:07.556  1515  1515 W ViewRootImpl[AiuiMainActivity]: Dropping event due to no window focus: KeyEvent { action=ACTION_DOWN, keyCode=KEYCODE_HOME, scanCode=172, metaState=0, flags=0x8, repeatCount=71, eventTime=4632214, downTime=4628167, deviceId=6, source=0x101 }
05-14 17:14:09.349   241   244 I YLOG    : logmon::0.000 0-0-0-0 t:2115930 c:1 ts:24k 0.754[51,2115981,2115930,18089][0] 
05-14 17:14:10.381  1515  1515 W ViewRootImpl[PlayerActivity]: Dropping event due to no window focus: KeyEvent { action=ACTION_DOWN, keyCode=KEYCODE_HOME, scanCode=172, metaState=0, flags=0x8, repeatCount=127, eventTime=4635056, downTime=4628167, deviceId=6, source=0x101 }
05-14 17:14:10.414  1515  1515 W ViewRootImpl[PlayerActivity]: Dropping event due to no window focus: KeyEvent { action=ACTION_DOWN, keyCode=KEYCODE_HOME, scanCode=172, metaState=0, flags=0x8, repeatCount=128, eventTime=4635107, downTime=4628167, deviceId=6, source=0x101 }
05-14 17:14:10.836   241   690 W YLOG    : [05-14 17:14:10.836] ylog<info> get_context()->enable_rename is 1
05-14 17:14:11.350   241   244 I YLOG    : logmon::0.000 0-0-0-0 t:2116409 c:1 ts:30k 0.666[87,2116496,2116409,18096][0] 
05-14 17:14:11.796   241   253 I chatty  : uid=1000(system) /system/bin/ylog expire 10 lines
05-14 17:14:12.519   681   706 I chatty  : uid=1000(system) Binder:681_2 expire 11 lines
05-14 17:14:12.662  1515  1515 W ViewRootImpl[PlayListOptActivity]: Dropping event due to no window focus: KeyEvent { action=ACTION_DOWN, keyCode=KEYCODE_HOME, scanCode=172, metaState=0, flags=0x8, repeatCount=172, eventTime=4637339, downTime=4628167, deviceId=6, source=0x101 }
05-14 17:14:13.115   241   246 W YLOG    : [05-14 17:14:13.115] ylog<info> APF  delete_oldest_log_data:/storage/emulated/0 ap_path:/storage/emulated/0/ylog/ap/
05-14 17:14:13.170   241   246 W YLOG    : [05-14 17:14:13.170] ylog<error> access /storage/emulated/0/ylog/ap//SYSDUMP get_subfold_size No such file or directory
05-14 17:14:13.170   241   246 W YLOG    : [05-14 17:14:13.170] ylog<error> access /storage/emulated/0/ylog/ap//logbuffer get_subfold_size No such file or directory
05-14 17:14:13.171   241   246 W YLOG    : [05-14 17:14:13.171] ylog<error> access /storage/emulated/0/ylog/ap//phonedata get_subfold_size No such file or directory
05-14 17:14:13.171   241   246 W YLOG    : [05-14 17:14:13.171] ylog<info> AFM  rotatelog?(0)   tot:4096 used:91 free:4005 threshold:80 diskfree:11726 no_quota:1  root:/storage/emulated/0  ap:/storage/emulated/0/ylog/ap/  caller:limit_monitor
05-14 17:14:13.228   241   246 W YLOG    : [05-14 17:14:13.228] ylog<error> access /storage/emulated/0/ylog/ap//SYSDUMP get_subfold_size No such file or directory
05-14 17:14:13.228   241   246 W YLOG    : [05-14 17:14:13.228] ylog<error> access /storage/emulated/0/ylog/ap//logbuffer get_subfold_size No such file or directory
05-14 17:14:13.228   241   246 W YLOG    : [05-14 17:14:13.228] ylog<error> access /storage/emulated/0/ylog/ap//phonedata get_subfold_size No such file or directory
05-14 17:14:13.229   241   246 W YLOG    : [05-14 17:14:13.229] ylog<info> APF  check_quoto_mode:/storage/emulated/0 ap_path:/storage/emulated/0/ylog/ap/
05-14 17:14:13.350   241   244 I YLOG    : logmon::0.000 0-0-0-0 t:2116808 c:1 ts:20k 0.729[68,2116876,2116808,18104][0] 
05-14 17:14:15.351   241   244 I YLOG    : logmon::0.000 0-0-0-0 t:2117123 c:0 ts:11k 0.567[51,2117174,2117123,18112][0] 
05-14 17:14:15.927   241   690 W YLOG    : [05-14 17:14:15.927] ylog<info> get_context()->enable_rename is 1
05-14 17:14:17.351   241   244 I YLOG    : logmon::0.000 0-0-0-0 t:2117298 c:0 ts:8k 0.552[150,2117448,2117298,18120][0] 
05-14 17:14:19.352   241   244 I YLOG    : logmon::0.000 0-0-0-0 t:2117482 c:0 ts:13k 0.615[51,2117533,2117482,18128][0] 
05-14 17:14:19.996   681  1042 I chatty  : uid=1000(system) Binder:681_5 expire 38 lines
05-14 17:14:19.997   681  1162 I chatty  : uid=1000(system) PowerController expire 82 lines
05-14 17:14:20.752   681   858 I chatty  : uid=1000(system) PowerGuruServic expire 5 lines
05-14 17:14:20.998   241   690 W YLOG    : [05-14 17:14:20.998] ylog<info> get_context()->enable_rename is 1
05-14 17:14:21.353   241   244 I YLOG    : logmon::0.000 0-0-0-0 t:2117575 c:0 ts:0k 0.000[1,2117576,2117575,18136][0] 
05-14 17:14:22.494   681  1164 I chatty  : uid=1000(system) ntroller.RecogA expire 16 lines
05-14 17:14:23.087   681   882 I chatty  : uid=1000(system) WifiStateMachin expire 2 lines
05-14 17:14:23.088   681   758 I chatty  : uid=1000(system) ActivityManager expire 3 lines
05-14 17:14:23.091   681   891 I chatty  : uid=1000(system) ConnectivitySer expire 29 lines
05-14 17:14:23.091   681   907 I chatty  : uid=1000(system) ConnectivityThr expire 10 lines
05-14 17:14:23.353   241   244 I YLOG    : logmon::0.000 0-0-0-0 t:2117734 c:0 ts:9k 0.551[80,2117814,2117734,18144][0] 
05-14 17:14:25.055   681   759 I chatty  : uid=1000(system) android.ui expire 12 lines
05-14 17:14:25.229   241   246 W YLOG    : [05-14 17:14:25.229] ylog<info> APF  delete_oldest_log_data:/storage/emulated/0 ap_path:/storage/emulated/0/ylog/ap/
05-14 17:14:25.300   241   246 W YLOG    : [05-14 17:14:25.300] ylog<error> access /storage/emulated/0/ylog/ap//SYSDUMP get_subfold_size No such file or directory
05-14 17:14:25.300   241   246 W YLOG    : [05-14 17:14:25.300] ylog<error> access /storage/emulated/0/ylog/ap//logbuffer get_subfold_size No such file or directory
05-14 17:14:25.301   241   246 W YLOG    : [05-14 17:14:25.301] ylog<error> access /storage/emulated/0/ylog/ap//phonedata get_subfold_size No such file or directory
05-14 17:14:25.301   241   246 W YLOG    : [05-14 17:14:25.301] ylog<info> AFM  rotatelog?(0)   tot:4096 used:91 free:4005 threshold:80 diskfree:11725 no_quota:1  root:/storage/emulated/0  ap:/storage/emulated/0/ylog/ap/  caller:limit_monitor
05-14 17:14:25.354   241   244 I YLOG    : logmon::0.000 0-0-0-0 t:2117954 c:0 ts:14k 0.748[37,2117991,2117954,18152][0] 
05-14 17:14:25.369   241   246 W YLOG    : [05-14 17:14:25.369] ylog<error> access /storage/emulated/0/ylog/ap//SYSDUMP get_subfold_size No such file or directory
05-14 17:14:25.369   241   246 W YLOG    : [05-14 17:14:25.369] ylog<error> access /storage/emulated/0/ylog/ap//logbuffer get_subfold_size No such file or directory
05-14 17:14:25.370   241   246 W YLOG    : [05-14 17:14:25.370] ylog<error> access /storage/emulated/0/ylog/ap//phonedata get_subfold_size No such file or directory
05-14 17:14:25.370   241   246 W YLOG    : [05-14 17:14:25.370] ylog<info> APF  check_quoto_mode:/storage/emulated/0 ap_path:/storage/emulated/0/ylog/ap/
05-14 17:14:25.500   681   706 I chatty  : uid=1000(system) Binder:681_2 expire 18 lines
05-14 17:14:26.078   241   690 W YLOG    : [05-14 17:14:26.078] ylog<info> get_context()->enable_rename is 1
05-14 17:14:27.354   241   244 I YLOG    : logmon::0.000 0-0-0-0 t:2118338 c:1 ts:14k 0.391[32,2118370,2118338,18160][0] 
05-14 17:14:27.436   681   849 I chatty  : uid=1000(system) android.anim expire 3 lines
05-14 17:14:29.350   681   681 I chatty  : uid=1000 system_server expire 3 lines
05-14 17:14:29.355   241   244 I YLOG    : logmon::0.000 0-0-0-0 t:2118592 c:0 ts:12k 0.531[56,2118648,2118592,18168][0] 
05-14 17:14:31.156   241   690 W YLOG    : [05-14 17:14:31.156] ylog<info> get_context()->enable_rename is 1
05-14 17:14:31.356   241   244 I YLOG    : logmon::0.000 0-0-0-0 t:2118999 c:1 ts:34k 0.670[45,2119044,2118999,18176][0] 
05-14 17:14:31.869   241   253 I chatty  : uid=1000(system) /system/bin/ylog expire 10 lines
05-14 17:14:33.357   241   244 I YLOG    : logmon::0.000 0-0-0-0 t:2119228 c:0 ts:19k 0.710[37,2119265,2119228,18184][0] 
05-14 17:14:34.921   979   979 D PowerUI : buckets   .....20 .. 15 .. 10
05-14 17:14:34.921   979   979 D PowerUI : level          79 --> 79
05-14 17:14:34.921   979   979 D PowerUI : status         2 --> 2
05-14 17:14:34.921   979   979 D PowerUI : plugType       2 --> 2
05-14 17:14:34.921   979   979 D PowerUI : invalidCharger 0 --> 0
05-14 17:14:34.921   979   979 D PowerUI : bucket         1 --> 1
